<?xml version="1.0" encoding="utf-8"?><testsuites name="pytest tests"><testsuite name="pytest" errors="0" failures="41" skipped="13" tests="1047" time="116.050" timestamp="2026-03-05T07:08:22.397171+00:00" hostname="d79b45a13e3e"><testcase classname="tests.test_auto_create_e2e" name="test_auto_create_skill_on_unknown_intent" time="0.771" /><testcase classname="tests.test_auto_create_e2e" name="test_auto_create_skill_on_empty_results" time="0.530" /><testcase classname="tests.test_auto_create_e2e" name="test_generate_skill_name" time="0.264" /><testcase classname="tests.test_e2e.TestIntentEngineKeywords" name="test_build_app_pl" time="0.016" /><testcase classname="tests.test_e2e.TestIntentEngineKeywords" name="test_create_skill_pl" time="0.021" /><testcase classname="tests.test_e2e.TestIntentEngineKeywords" name="test_dictate_en" time="0.007" /><testcase classname="tests.test_e2e.TestIntentEngineKeywords" name="test_evolve_has_priority" time="0.040" /><testcase classname="tests.test_e2e.TestIntentEngineKeywords" name="test_evolve_skill_pl" time="0.018" /><testcase classname="tests.test_e2e.TestIntentEngineKeywords" name="test_fix_en" time="0.018" /><testcase classname="tests.test_e2e.TestIntentEngineKeywords" name="test_greet_command_pl" time="0.007" /><testcase classname="tests.test_e2e.TestIntentEngineKeywords" name="test_improve_voice_pl" time="0.017" /><testcase classname="tests.test_e2e.TestIntentEngineKeywords" name="test_install_pl" time="0.037" /><testcase classname="tests.test_e2e.TestIntentEngineKeywords" name="test_listen_pl" time="0.028" /><testcase classname="tests.test_e2e.TestIntentEngineKeywords" name="test_microphone_pl" time="0.030" /><testcase classname="tests.test_e2e.TestIntentEngineKeywords" name="test_read_aloud" time="0.006" /><testcase classname="tests.test_e2e.TestIntentEngineKeywords" name="test_say_command_en" time="0.006" /><testcase classname="tests.test_e2e.TestIntentEngineKeywords" name="test_speak_command_en" time="0.005" /><testcase classname="tests.test_e2e.TestIntentEngineKeywords" name="test_speak_command_pl" time="0.007" /><testcase classname="tests.test_e2e.TestIntentEngineKeywords" name="test_stt_not_available" time="0.029" /><testcase classname="tests.test_e2e.TestIntentEngineKeywords" name="test_transcribe_pl" time="0.007" /><testcase classname="tests.test_e2e.TestIntentEngineKeywords" name="test_trivial_greeting" time="0.001" /><testcase classname="tests.test_e2e.TestIntentEngineKeywords" name="test_trivial_ok" time="0.001" /><testcase classname="tests.test_e2e.TestIntentEngineKeywords" name="test_trivial_short" time="0.001" /><testcase classname="tests.test_e2e.TestIntentEngineKeywords" name="test_tts_speak_aloud" time="0.007" /><testcase classname="tests.test_e2e.TestIntentEngineKeywords" name="test_voice_ambiguous" time="0.007" /><testcase classname="tests.test_e2e.TestIntentEngineTopics" name="test_record_correction" time="0.022" /><testcase classname="tests.test_e2e.TestIntentEngineTopics" name="test_topic_from_git_result" time="0.001" /><testcase classname="tests.test_e2e.TestIntentEngineTopics" name="test_topic_from_shell_result" time="0.001" /><testcase classname="tests.test_e2e.TestIntentEngineTopics" name="test_topic_from_stt_result" time="0.001" /><testcase classname="tests.test_e2e.TestIntentEngineTopics" name="test_topic_from_web_result" time="0.001" /><testcase classname="tests.test_e2e.TestIntentEngineTopics" name="test_topic_tracking_accumulates" time="0.001" /><testcase classname="tests.test_e2e.TestProviderSelector" name="test_coqui_is_premium_tier" time="0.002"><failure message="AssertionError: 'standard' != 'premium'&#10;- standard&#10;+ premium">tests/test_e2e.py:305: in test_coqui_is_premium_tier
    self.assertEqual(info.tier, "premium")
E   AssertionError: 'standard' != 'premium'
E   - standard
E   + premium</failure></testcase><testcase classname="tests.test_e2e.TestProviderSelector" name="test_espeak_is_lite_tier" time="0.001"><failure message="AssertionError: 'standard' != 'lite'&#10;- standard&#10;+ lite">tests/test_e2e.py:300: in test_espeak_is_lite_tier
    self.assertEqual(info.tier, "lite")
E   AssertionError: 'standard' != 'lite'
E   - standard
E   + lite</failure></testcase><testcase classname="tests.test_e2e.TestProviderSelector" name="test_force_provider" time="0.001"><failure message="AssertionError: 'pyttsx3' != 'espeak'&#10;- pyttsx3&#10;+ espeak">tests/test_e2e.py:341: in test_force_provider
    self.assertEqual(selected, "espeak")
E   AssertionError: 'pyttsx3' != 'espeak'
E   - pyttsx3
E   + espeak</failure></testcase><testcase classname="tests.test_e2e.TestProviderSelector" name="test_legacy_skills_default_provider" time="0.001" /><testcase classname="tests.test_e2e.TestProviderSelector" name="test_list_capabilities" time="0.006" /><testcase classname="tests.test_e2e.TestProviderSelector" name="test_manifest_loading" time="0.001"><failure message="AssertionError: 'espeak' not found in ['piper', 'pyttsx3']">tests/test_e2e.py:361: in test_manifest_loading
    self.assertIn("espeak", manifest["providers"])
E   AssertionError: 'espeak' not found in ['piper', 'pyttsx3']</failure></testcase><testcase classname="tests.test_e2e.TestProviderSelector" name="test_reliability_preference" time="0.004"><failure message="AssertionError: 'pyttsx3' != 'espeak'&#10;- pyttsx3&#10;+ espeak">tests/test_e2e.py:351: in test_reliability_preference
    self.assertEqual(selected, "espeak")
E   AssertionError: 'pyttsx3' != 'espeak'
E   - pyttsx3
E   + espeak</failure></testcase><testcase classname="tests.test_e2e.TestProviderSelector" name="test_skill_path_resolution" time="0.001"><failure message="AssertionError: unexpectedly None">tests/test_e2e.py:365: in test_skill_path_resolution
    self.assertIsNotNone(path)
E   AssertionError: unexpectedly None</failure></testcase><testcase classname="tests.test_e2e.TestProviderSelector" name="test_speed_preference_selects_lite" time="0.004"><failure message="AssertionError: 'pyttsx3' != 'espeak'&#10;- pyttsx3&#10;+ espeak">tests/test_e2e.py:346: in test_speed_preference_selects_lite
    self.assertEqual(selected, "espeak")
E   AssertionError: 'pyttsx3' != 'espeak'
E   - pyttsx3
E   + espeak</failure></testcase><testcase classname="tests.test_e2e.TestProviderSelector" name="test_stt_has_providers" time="0.001" /><testcase classname="tests.test_e2e.TestProviderSelector" name="test_summary_output" time="0.032"><failure message="AssertionError: 'espeak' not found in '  _health_: default(q=0.765,standard,OK) &lt;-\n  account_creator: default(q=5,standard,OK) &lt;-\n  actionchat: default(q=5,standard,OK) &lt;-\n  auto: default(q=0.99,standard,OK) &lt;-\n  benchmark: default(q=1.0,standard,OK) &lt;-\n  calculator_advanced: default(q=5,standard,OK) &lt;-\n  chat: default(q=5,standard,OK) &lt;-\n  clipboard: default(q=5,standard,OK) &lt;-\n  content_search: default(q=5,standard,OK) &lt;-\n  converter: default(q=5,standard,OK) &lt;-\n  core_loader: default(q=0.765,standard,OK) &lt;-\n  currency_converter_gbp_to_jpy: default(q=0.765,standard,OK) &lt;-\n  deps: default(q=0.715,standard,OK) &lt;-\n  devops: default(q=0.5,standard,OK) &lt;-\n  diagnostic_runner: default(q=5,standard,OK) &lt;-\n  document_editor: default(q=5,standard,OK) &lt;-\n  document_publisher: default(q=5,standard,OK) &lt;-\n  document_reader: default(q=5,standard,OK) &lt;-\n  document_search: default(q=5,standard,OK) &lt;-\n  echo: default(q=5,standard,OK) &lt;-\n  email_client: default(q=5,standard,OK) &lt;-\n  evo_engine_bootstrap: default(q=0.765,standard,OK) &lt;-\n  file_manager: default(q=5,standard,OK) &lt;-\n  first_installment: default(q=0.815,standard,OK) &lt;-\n  gbp_to_jpy_converter: default(q=0.94,standard,OK) &lt;-\n  git_ops: default(q=5,standard,OK) &lt;-\n  health: default(q=0.94,standard,OK) &lt;-\n  hw_test: default(q=0.97,standard,OK) &lt;-\n  interior_inspection: default(q=0.765,standard,OK) &lt;-\n  invalid_input_handler: default(q=5,standard,OK) &lt;-\n  json_validator: default(q=5,standard,OK) &lt;-\n  kalkulator: default(q=0.91,standard,OK) &lt;-\n  ksef_integration: default(q=5,standard,OK) &lt;-\n  llm: default(q=0.99,standard,OK) &lt;-\n  llm_router: default(q=5,standard,OK) &lt;-\n  local_computer_discovery: default(q=0.815,standard,OK) &lt;-\n  network_info: default(q=5,standard,OK) &lt;-\n  network_tools: default(q=5,standard,OK) &lt;-\n  notes: default(q=5,standard,OK) &lt;-\n  openrouter: default(q=5,standard,OK) &lt;-\n  openrouter_api_test: default(q=5,standard,OK) &lt;-\n  openrouter_automation: default(q=5,standard,OK) &lt;-\n  password_generator: default(q=5,standard,OK) &lt;-\n  pound_to_yen_converter: default(q=0.765,standard,OK) &lt;-\n  process_manager: default(q=5,standard,OK) &lt;-\n  qr_generator: default(q=5,standard,OK) &lt;-\n  separator_line: default(q=0.94,standard,OK) &lt;-\n  shell: default(q=0.59,standard,OK) &lt;-\n  social_media_manager: default(q=5,standard,OK) &lt;-\n  stt: vosk(q=6,standard,X) | whisper(q=9,premium,X) &lt;-\n  system_info: default(q=5,standard,OK) &lt;-\n  task_manager: default(q=5,standard,OK) &lt;-\n  test_supervisor_probe: default(q=5,standard,OK) &lt;-\n  text_processor_: default(q=5,standard,OK) &lt;-\n  text_summarizer: default(q=5,standard,OK) &lt;-\n  time: default(q=5,standard,OK) &lt;-\n  tts: piper(q=9,premium,X) | pyttsx3(q=10,standard,X) &lt;-\n  url_codec: default(q=5,standard,OK) &lt;-\n  weather: default(q=0.815,standard,OK) &lt;-\n  weather_gdansk: default(q=0.815,standard,OK) &lt;-\n  web_automation: default(q=5,standard,OK) &lt;-\n  web_search: duckduckgo(q=5,lite,OK) &lt;-\n  zarz_dzania: default(q=5,standard,OK) &lt;-'">tests/test_e2e.py:372: in test_summary_output
    self.assertIn("espeak", summary)
E   AssertionError: 'espeak' not found in '  _health_: default(q=0.765,standard,OK) &lt;-\n  account_creator: default(q=5,standard,OK) &lt;-\n  actionchat: default(q=5,standard,OK) &lt;-\n  auto: default(q=0.99,standard,OK) &lt;-\n  benchmark: default(q=1.0,standard,OK) &lt;-\n  calculator_advanced: default(q=5,standard,OK) &lt;-\n  chat: default(q=5,standard,OK) &lt;-\n  clipboard: default(q=5,standard,OK) &lt;-\n  content_search: default(q=5,standard,OK) &lt;-\n  converter: default(q=5,standard,OK) &lt;-\n  core_loader: default(q=0.765,standard,OK) &lt;-\n  currency_converter_gbp_to_jpy: default(q=0.765,standard,OK) &lt;-\n  deps: default(q=0.715,standard,OK) &lt;-\n  devops: default(q=0.5,standard,OK) &lt;-\n  diagnostic_runner: default(q=5,standard,OK) &lt;-\n  document_editor: default(q=5,standard,OK) &lt;-\n  document_publisher: default(q=5,standard,OK) &lt;-\n  document_reader: default(q=5,standard,OK) &lt;-\n  document_search: default(q=5,standard,OK) &lt;-\n  echo: default(q=5,standard,OK) &lt;-\n  email_client: default(q=5,standard,OK) &lt;-\n  evo_engine_bootstrap: default(q=0.765,standard,OK) &lt;-\n  file_manager: default(q=5,standard,OK) &lt;-\n  first_installment: default(q=0.815,standard,OK) &lt;-\n  gbp_to_jpy_converter: default(q=0.94,standard,OK) &lt;-\n  git_ops: default(q=5,standard,OK) &lt;-\n  health: default(q=0.94,standard,OK) &lt;-\n  hw_test: default(q=0.97,standard,OK) &lt;-\n  interior_inspection: default(q=0.765,standard,OK) &lt;-\n  invalid_input_handler: default(q=5,standard,OK) &lt;-\n  json_validator: default(q=5,standard,OK) &lt;-\n  kalkulator: default(q=0.91,standard,OK) &lt;-\n  ksef_integration: default(q=5,standard,OK) &lt;-\n  llm: default(q=0.99,standard,OK) &lt;-\n  llm_router: default(q=5,standard,OK) &lt;-\n  local_computer_discovery: default(q=0.815,standard,OK) &lt;-\n  network_info: default(q=5,standard,OK) &lt;-\n  network_tools: default(q=5,standard,OK) &lt;-\n  notes: default(q=5,standard,OK) &lt;-\n  openrouter: default(q=5,standard,OK) &lt;-\n  openrouter_api_test: default(q=5,standard,OK) &lt;-\n  openrouter_automation: default(q=5,standard,OK) &lt;-\n  password_generator: default(q=5,standard,OK) &lt;-\n  pound_to_yen_converter: default(q=0.765,standard,OK) &lt;-\n  process_manager: default(q=5,standard,OK) &lt;-\n  qr_generator: default(q=5,standard,OK) &lt;-\n  separator_line: default(q=0.94,standard,OK) &lt;-\n  shell: default(q=0.59,standard,OK) &lt;-\n  social_media_manager: default(q=5,standard,OK) &lt;-\n  stt: vosk(q=6,standard,X) | whisper(q=9,premium,X) &lt;-\n  system_info: default(q=5,standard,OK) &lt;-\n  task_manager: default(q=5,standard,OK) &lt;-\n  test_supervisor_probe: default(q=5,standard,OK) &lt;-\n  text_processor_: default(q=5,standard,OK) &lt;-\n  text_summarizer: default(q=5,standard,OK) &lt;-\n  time: default(q=5,standard,OK) &lt;-\n  tts: piper(q=9,premium,X) | pyttsx3(q=10,standard,X) &lt;-\n  url_codec: default(q=5,standard,OK) &lt;-\n  weather: default(q=0.815,standard,OK) &lt;-\n  weather_gdansk: default(q=0.815,standard,OK) &lt;-\n  web_automation: default(q=5,standard,OK) &lt;-\n  web_search: duckduckgo(q=5,lite,OK) &lt;-\n  zarz_dzania: default(q=5,standard,OK) &lt;-'</failure></testcase><testcase classname="tests.test_e2e.TestProviderSelector" name="test_tts_has_multiple_providers" time="0.001"><failure message="AssertionError: 'espeak' not found in ['piper', 'pyttsx3']">tests/test_e2e.py:289: in test_tts_has_multiple_providers
    self.assertIn("espeak", providers)
E   AssertionError: 'espeak' not found in ['piper', 'pyttsx3']</failure></testcase><testcase classname="tests.test_e2e.TestProviderSelector" name="test_tts_selects_espeak_on_basic_system" time="0.004"><failure message="AssertionError: 'pyttsx3' != 'espeak'&#10;- pyttsx3&#10;+ espeak">tests/test_e2e.py:317: in test_tts_selects_espeak_on_basic_system
    self.assertEqual(selected, "espeak")
E   AssertionError: 'pyttsx3' != 'espeak'
E   - pyttsx3
E   + espeak</failure></testcase><testcase classname="tests.test_e2e.TestProviderSelector" name="test_tts_selects_piper_when_available" time="0.006" /><testcase classname="tests.test_e2e.TestProviderChain" name="test_build_chain_returns_list" time="0.002" /><testcase classname="tests.test_e2e.TestProviderChain" name="test_chain_espeak_first_for_quality" time="0.002"><failure message="AssertionError: 'piper' != 'espeak'&#10;- piper&#10;+ espeak">tests/test_e2e.py:395: in test_chain_espeak_first_for_quality
    self.assertEqual(chain[0], "espeak")
E   AssertionError: 'piper' != 'espeak'
E   - piper
E   + espeak</failure></testcase><testcase classname="tests.test_e2e.TestProviderChain" name="test_chain_includes_espeak" time="0.003"><failure message="AssertionError: 'espeak' not found in ['piper']">tests/test_e2e.py:390: in test_chain_includes_espeak
    self.assertIn("espeak", chain)
E   AssertionError: 'espeak' not found in ['piper']</failure></testcase><testcase classname="tests.test_e2e.TestProviderChain" name="test_chain_summary_format" time="0.003"><failure message="AssertionError: 'espeak' not found in 'tts: 1. piper'">tests/test_e2e.py:438: in test_chain_summary_format
    self.assertIn("espeak", summary)
E   AssertionError: 'espeak' not found in 'tts: 1. piper'</failure></testcase><testcase classname="tests.test_e2e.TestProviderChain" name="test_demoted_provider_pushed_to_end" time="0.003" /><testcase classname="tests.test_e2e.TestProviderChain" name="test_demotion_after_threshold" time="0.001" /><testcase classname="tests.test_e2e.TestProviderChain" name="test_record_failure_increments" time="0.001" /><testcase classname="tests.test_e2e.TestProviderChain" name="test_recovery_after_successes" time="0.001" /><testcase classname="tests.test_e2e.TestProviderChain" name="test_select_best_returns_string" time="0.003"><failure message="AssertionError: 'piper' != 'espeak'&#10;- piper&#10;+ espeak">tests/test_e2e.py:400: in test_select_best_returns_string
    self.assertEqual(best, "espeak")
E   AssertionError: 'piper' != 'espeak'
E   - piper
E   + espeak</failure></testcase><testcase classname="tests.test_e2e.TestProviderChain" name="test_select_with_fallback_returns_ordered_list" time="0.003" /><testcase classname="tests.test_e2e.TestProviderChain" name="test_stats_initial_zero" time="0.001" /><testcase classname="tests.test_e2e.TestProviderChain" name="test_success_resets_failure_count" time="0.001" /><testcase classname="tests.test_e2e.TestResourceMonitor" name="test_can_run_espeak" time="0.001" /><testcase classname="tests.test_e2e.TestResourceMonitor" name="test_can_run_impossible_ram" time="0.001" /><testcase classname="tests.test_e2e.TestResourceMonitor" name="test_can_run_low_ram" time="0.001" /><testcase classname="tests.test_e2e.TestResourceMonitor" name="test_can_run_missing_system_package" time="0.001" /><testcase classname="tests.test_e2e.TestResourceMonitor" name="test_can_run_no_requirements" time="0.001" /><testcase classname="tests.test_e2e.TestResourceMonitor" name="test_cpu_count_positive" time="0.001" /><testcase classname="tests.test_e2e.TestResourceMonitor" name="test_disk_positive" time="0.001" /><testcase classname="tests.test_e2e.TestResourceMonitor" name="test_has_command_nonexistent" time="0.001" /><testcase classname="tests.test_e2e.TestResourceMonitor" name="test_has_command_python" time="0.001" /><testcase classname="tests.test_e2e.TestResourceMonitor" name="test_has_python_package_json" time="0.001" /><testcase classname="tests.test_e2e.TestResourceMonitor" name="test_has_python_package_nonexistent" time="0.001" /><testcase classname="tests.test_e2e.TestResourceMonitor" name="test_ram_positive" time="0.001" /><testcase classname="tests.test_e2e.TestResourceMonitor" name="test_snapshot_has_required_fields" time="0.104" /><testcase classname="tests.test_e2e.TestSkillManagerProviders" name="test_exec_nonexistent_skill" time="0.004" /><testcase classname="tests.test_e2e.TestSkillManagerProviders" name="test_exec_tts_espeak" time="0.072" /><testcase classname="tests.test_e2e.TestSkillManagerProviders" name="test_latest_version_tts" time="0.006" /><testcase classname="tests.test_e2e.TestSkillManagerProviders" name="test_list_skills_includes_provider_skills" time="0.010" /><testcase classname="tests.test_e2e.TestSkillManagerProviders" name="test_skill_path_legacy_still_works" time="0.004" /><testcase classname="tests.test_e2e.TestSkillManagerProviders" name="test_skill_path_resolves_through_provider" time="0.016"><failure message="AssertionError: 'espeak' not found in '/app/skills/tts/providers/pyttsx3/stable/skill.py'">tests/test_e2e.py:549: in test_skill_path_resolves_through_provider
    self.assertIn("espeak", str(p))
E   AssertionError: 'espeak' not found in '/app/skills/tts/providers/pyttsx3/stable/skill.py'</failure></testcase><testcase classname="tests.test_e2e.TestEvoEngineDialogFlow" name="test_chat_dialog_flow" time="0.028" /><testcase classname="tests.test_e2e.TestEvoEngineDialogFlow" name="test_create_dialog_flow" time="20.204" /><testcase classname="tests.test_e2e.TestEvoEngineDialogFlow" name="test_evolve_dialog_flow" time="60.079"><failure message="Failed: Timeout (&gt;60.0s) from pytest-timeout.">tests/test_e2e.py:611: in test_evolve_dialog_flow
    analysis, _ = self._dialog("napraw tts bo źle działa")
                  ^^^^^^^^^^^^^^^^^^^^^^^^^^^^^^^^^^^^^^^^
tests/test_e2e.py:591: in _dialog
    outcome = self.evo.handle_request(user_msg, skills, analysis=analysis)
              ^^^^^^^^^^^^^^^^^^^^^^^^^^^^^^^^^^^^^^^^^^^^^^^^^^^^^^^^^^^^
cores/v1/evo_engine.py:188: in handle_request
    ok, msg = self.sm.smart_evolve(skill_name, feedback, user_msg)
              ^^^^^^^^^^^^^^^^^^^^^^^^^^^^^^^^^^^^^^^^^^^^^^^^^^^^
cores/v1/skill_manager.py:666: in smart_evolve
    is_regression, msg = self._evaluate_and_log(nd, name, nv, old_qr, meta)
                         ^^^^^^^^^^^^^^^^^^^^^^^^^^^^^^^^^^^^^^^^^^^^^^^^^^
cores/v1/skill_manager.py:614: in _evaluate_and_log
    new_qr = self.quality_gate.evaluate(nd / "skill.py", name)
             ^^^^^^^^^^^^^^^^^^^^^^^^^^^^^^^^^^^^^^^^^^^^^^^^^
cores/v1/quality_gate.py:93: in evaluate
    scores["drift_check"] = self._check_drift(skill_path, report)
                            ^^^^^^^^^^^^^^^^^^^^^^^^^^^^^^^^^^^^^
cores/v1/quality_gate.py:257: in _check_drift
    drift_report = detector.detect(capability)
                   ^^^^^^^^^^^^^^^^^^^^^^^^^^^
cores/v1/drift_detector.py:117: in detect
    quality_drift = self._check_quality_drift(capability, manifest)
                    ^^^^^^^^^^^^^^^^^^^^^^^^^^^^^^^^^^^^^^^^^^^^^^^
cores/v1/drift_detector.py:249: in _check_quality_drift
    report = self.quality_gate.evaluate(latest, capability)
             ^^^^^^^^^^^^^^^^^^^^^^^^^^^^^^^^^^^^^^^^^^^^^^
cores/v1/quality_gate.py:93: in evaluate
    scores["drift_check"] = self._check_drift(skill_path, report)
                            ^^^^^^^^^^^^^^^^^^^^^^^^^^^^^^^^^^^^^
cores/v1/quality_gate.py:257: in _check_drift
    drift_report = detector.detect(capability)
                   ^^^^^^^^^^^^^^^^^^^^^^^^^^^
cores/v1/drift_detector.py:117: in detect
    quality_drift = self._check_quality_drift(capability, manifest)
                    ^^^^^^^^^^^^^^^^^^^^^^^^^^^^^^^^^^^^^^^^^^^^^^^
cores/v1/drift_detector.py:249: in _check_quality_drift
    report = self.quality_gate.evaluate(latest, capability)
             ^^^^^^^^^^^^^^^^^^^^^^^^^^^^^^^^^^^^^^^^^^^^^^
cores/v1/quality_gate.py:93: in evaluate
    scores["drift_check"] = self._check_drift(skill_path, report)
                            ^^^^^^^^^^^^^^^^^^^^^^^^^^^^^^^^^^^^^
cores/v1/quality_gate.py:257: in _check_drift
    drift_report = detector.detect(capability)
                   ^^^^^^^^^^^^^^^^^^^^^^^^^^^
cores/v1/drift_detector.py:117: in detect
    quality_drift = self._check_quality_drift(capability, manifest)
                    ^^^^^^^^^^^^^^^^^^^^^^^^^^^^^^^^^^^^^^^^^^^^^^^
cores/v1/drift_detector.py:249: in _check_quality_drift
    report = self.quality_gate.evaluate(latest, capability)
             ^^^^^^^^^^^^^^^^^^^^^^^^^^^^^^^^^^^^^^^^^^^^^^
cores/v1/quality_gate.py:93: in evaluate
    scores["drift_check"] = self._check_drift(skill_path, report)
                            ^^^^^^^^^^^^^^^^^^^^^^^^^^^^^^^^^^^^^
cores/v1/quality_gate.py:257: in _check_drift
    drift_report = detector.detect(capability)
                   ^^^^^^^^^^^^^^^^^^^^^^^^^^^
cores/v1/drift_detector.py:117: in detect
    quality_drift = self._check_quality_drift(capability, manifest)
                    ^^^^^^^^^^^^^^^^^^^^^^^^^^^^^^^^^^^^^^^^^^^^^^^
cores/v1/drift_detector.py:249: in _check_quality_drift
    report = self.quality_gate.evaluate(latest, capability)
             ^^^^^^^^^^^^^^^^^^^^^^^^^^^^^^^^^^^^^^^^^^^^^^
cores/v1/quality_gate.py:93: in evaluate
    scores["drift_check"] = self._check_drift(skill_path, report)
                            ^^^^^^^^^^^^^^^^^^^^^^^^^^^^^^^^^^^^^
cores/v1/quality_gate.py:257: in _check_drift
    drift_report = detector.detect(capability)
                   ^^^^^^^^^^^^^^^^^^^^^^^^^^^
cores/v1/drift_detector.py:117: in detect
    quality_drift = self._check_quality_drift(capability, manifest)
                    ^^^^^^^^^^^^^^^^^^^^^^^^^^^^^^^^^^^^^^^^^^^^^^^
cores/v1/drift_detector.py:249: in _check_quality_drift
    report = self.quality_gate.evaluate(latest, capability)
             ^^^^^^^^^^^^^^^^^^^^^^^^^^^^^^^^^^^^^^^^^^^^^^
cores/v1/quality_gate.py:93: in evaluate
    scores["drift_check"] = self._check_drift(skill_path, report)
                            ^^^^^^^^^^^^^^^^^^^^^^^^^^^^^^^^^^^^^
cores/v1/quality_gate.py:257: in _check_drift
    drift_report = detector.detect(capability)
                   ^^^^^^^^^^^^^^^^^^^^^^^^^^^
cores/v1/drift_detector.py:117: in detect
    quality_drift = self._check_quality_drift(capability, manifest)
                    ^^^^^^^^^^^^^^^^^^^^^^^^^^^^^^^^^^^^^^^^^^^^^^^
cores/v1/drift_detector.py:249: in _check_quality_drift
    report = self.quality_gate.evaluate(latest, capability)
             ^^^^^^^^^^^^^^^^^^^^^^^^^^^^^^^^^^^^^^^^^^^^^^
cores/v1/quality_gate.py:93: in evaluate
    scores["drift_check"] = self._check_drift(skill_path, report)
                            ^^^^^^^^^^^^^^^^^^^^^^^^^^^^^^^^^^^^^
cores/v1/quality_gate.py:257: in _check_drift
    drift_report = detector.detect(capability)
                   ^^^^^^^^^^^^^^^^^^^^^^^^^^^
cores/v1/drift_detector.py:117: in detect
    quality_drift = self._check_quality_drift(capability, manifest)
                    ^^^^^^^^^^^^^^^^^^^^^^^^^^^^^^^^^^^^^^^^^^^^^^^
cores/v1/drift_detector.py:249: in _check_quality_drift
    report = self.quality_gate.evaluate(latest, capability)
             ^^^^^^^^^^^^^^^^^^^^^^^^^^^^^^^^^^^^^^^^^^^^^^
cores/v1/quality_gate.py:93: in evaluate
    scores["drift_check"] = self._check_drift(skill_path, report)
                            ^^^^^^^^^^^^^^^^^^^^^^^^^^^^^^^^^^^^^
cores/v1/quality_gate.py:257: in _check_drift
    drift_report = detector.detect(capability)
                   ^^^^^^^^^^^^^^^^^^^^^^^^^^^
cores/v1/drift_detector.py:117: in detect
    quality_drift = self._check_quality_drift(capability, manifest)
                    ^^^^^^^^^^^^^^^^^^^^^^^^^^^^^^^^^^^^^^^^^^^^^^^
cores/v1/drift_detector.py:249: in _check_quality_drift
    report = self.quality_gate.evaluate(latest, capability)
             ^^^^^^^^^^^^^^^^^^^^^^^^^^^^^^^^^^^^^^^^^^^^^^
cores/v1/quality_gate.py:93: in evaluate
    scores["drift_check"] = self._check_drift(skill_path, report)
                            ^^^^^^^^^^^^^^^^^^^^^^^^^^^^^^^^^^^^^
cores/v1/quality_gate.py:257: in _check_drift
    drift_report = detector.detect(capability)
                   ^^^^^^^^^^^^^^^^^^^^^^^^^^^
cores/v1/drift_detector.py:117: in detect
    quality_drift = self._check_quality_drift(capability, manifest)
                    ^^^^^^^^^^^^^^^^^^^^^^^^^^^^^^^^^^^^^^^^^^^^^^^
cores/v1/drift_detector.py:249: in _check_quality_drift
    report = self.quality_gate.evaluate(latest, capability)
             ^^^^^^^^^^^^^^^^^^^^^^^^^^^^^^^^^^^^^^^^^^^^^^
cores/v1/quality_gate.py:93: in evaluate
    scores["drift_check"] = self._check_drift(skill_path, report)
                            ^^^^^^^^^^^^^^^^^^^^^^^^^^^^^^^^^^^^^
cores/v1/quality_gate.py:257: in _check_drift
    drift_report = detector.detect(capability)
                   ^^^^^^^^^^^^^^^^^^^^^^^^^^^
cores/v1/drift_detector.py:117: in detect
    quality_drift = self._check_quality_drift(capability, manifest)
                    ^^^^^^^^^^^^^^^^^^^^^^^^^^^^^^^^^^^^^^^^^^^^^^^
cores/v1/drift_detector.py:249: in _check_quality_drift
    report = self.quality_gate.evaluate(latest, capability)
             ^^^^^^^^^^^^^^^^^^^^^^^^^^^^^^^^^^^^^^^^^^^^^^
cores/v1/quality_gate.py:93: in evaluate
    scores["drift_check"] = self._check_drift(skill_path, report)
                            ^^^^^^^^^^^^^^^^^^^^^^^^^^^^^^^^^^^^^
cores/v1/quality_gate.py:257: in _check_drift
    drift_report = detector.detect(capability)
                   ^^^^^^^^^^^^^^^^^^^^^^^^^^^
cores/v1/drift_detector.py:117: in detect
    quality_drift = self._check_quality_drift(capability, manifest)
                    ^^^^^^^^^^^^^^^^^^^^^^^^^^^^^^^^^^^^^^^^^^^^^^^
cores/v1/drift_detector.py:249: in _check_quality_drift
    report = self.quality_gate.evaluate(latest, capability)
             ^^^^^^^^^^^^^^^^^^^^^^^^^^^^^^^^^^^^^^^^^^^^^^
cores/v1/quality_gate.py:93: in evaluate
    scores["drift_check"] = self._check_drift(skill_path, report)
                            ^^^^^^^^^^^^^^^^^^^^^^^^^^^^^^^^^^^^^
cores/v1/quality_gate.py:257: in _check_drift
    drift_report = detector.detect(capability)
                   ^^^^^^^^^^^^^^^^^^^^^^^^^^^
cores/v1/drift_detector.py:117: in detect
    quality_drift = self._check_quality_drift(capability, manifest)
                    ^^^^^^^^^^^^^^^^^^^^^^^^^^^^^^^^^^^^^^^^^^^^^^^
cores/v1/drift_detector.py:249: in _check_quality_drift
    report = self.quality_gate.evaluate(latest, capability)
             ^^^^^^^^^^^^^^^^^^^^^^^^^^^^^^^^^^^^^^^^^^^^^^
cores/v1/quality_gate.py:93: in evaluate
    scores["drift_check"] = self._check_drift(skill_path, report)
                            ^^^^^^^^^^^^^^^^^^^^^^^^^^^^^^^^^^^^^
cores/v1/quality_gate.py:257: in _check_drift
    drift_report = detector.detect(capability)
                   ^^^^^^^^^^^^^^^^^^^^^^^^^^^
cores/v1/drift_detector.py:117: in detect
    quality_drift = self._check_quality_drift(capability, manifest)
                    ^^^^^^^^^^^^^^^^^^^^^^^^^^^^^^^^^^^^^^^^^^^^^^^
cores/v1/drift_detector.py:249: in _check_quality_drift
    report = self.quality_gate.evaluate(latest, capability)
             ^^^^^^^^^^^^^^^^^^^^^^^^^^^^^^^^^^^^^^^^^^^^^^
cores/v1/quality_gate.py:93: in evaluate
    scores["drift_check"] = self._check_drift(skill_path, report)
                            ^^^^^^^^^^^^^^^^^^^^^^^^^^^^^^^^^^^^^
cores/v1/quality_gate.py:257: in _check_drift
    drift_report = detector.detect(capability)
                   ^^^^^^^^^^^^^^^^^^^^^^^^^^^
cores/v1/drift_detector.py:117: in detect
    quality_drift = self._check_quality_drift(capability, manifest)
                    ^^^^^^^^^^^^^^^^^^^^^^^^^^^^^^^^^^^^^^^^^^^^^^^
cores/v1/drift_detector.py:249: in _check_quality_drift
    report = self.quality_gate.evaluate(latest, capability)
             ^^^^^^^^^^^^^^^^^^^^^^^^^^^^^^^^^^^^^^^^^^^^^^
cores/v1/quality_gate.py:93: in evaluate
    scores["drift_check"] = self._check_drift(skill_path, report)
                            ^^^^^^^^^^^^^^^^^^^^^^^^^^^^^^^^^^^^^
cores/v1/quality_gate.py:257: in _check_drift
    drift_report = detector.detect(capability)
                   ^^^^^^^^^^^^^^^^^^^^^^^^^^^
cores/v1/drift_detector.py:117: in detect
    quality_drift = self._check_quality_drift(capability, manifest)
                    ^^^^^^^^^^^^^^^^^^^^^^^^^^^^^^^^^^^^^^^^^^^^^^^
cores/v1/drift_detector.py:249: in _check_quality_drift
    report = self.quality_gate.evaluate(latest, capability)
             ^^^^^^^^^^^^^^^^^^^^^^^^^^^^^^^^^^^^^^^^^^^^^^
cores/v1/quality_gate.py:93: in evaluate
    scores["drift_check"] = self._check_drift(skill_path, report)
                            ^^^^^^^^^^^^^^^^^^^^^^^^^^^^^^^^^^^^^
cores/v1/quality_gate.py:257: in _check_drift
    drift_report = detector.detect(capability)
                   ^^^^^^^^^^^^^^^^^^^^^^^^^^^
cores/v1/drift_detector.py:117: in detect
    quality_drift = self._check_quality_drift(capability, manifest)
                    ^^^^^^^^^^^^^^^^^^^^^^^^^^^^^^^^^^^^^^^^^^^^^^^
cores/v1/drift_detector.py:249: in _check_quality_drift
    report = self.quality_gate.evaluate(latest, capability)
             ^^^^^^^^^^^^^^^^^^^^^^^^^^^^^^^^^^^^^^^^^^^^^^
cores/v1/quality_gate.py:93: in evaluate
    scores["drift_check"] = self._check_drift(skill_path, report)
                            ^^^^^^^^^^^^^^^^^^^^^^^^^^^^^^^^^^^^^
cores/v1/quality_gate.py:257: in _check_drift
    drift_report = detector.detect(capability)
                   ^^^^^^^^^^^^^^^^^^^^^^^^^^^
cores/v1/drift_detector.py:117: in detect
    quality_drift = self._check_quality_drift(capability, manifest)
                    ^^^^^^^^^^^^^^^^^^^^^^^^^^^^^^^^^^^^^^^^^^^^^^^
cores/v1/drift_detector.py:249: in _check_quality_drift
    report = self.quality_gate.evaluate(latest, capability)
             ^^^^^^^^^^^^^^^^^^^^^^^^^^^^^^^^^^^^^^^^^^^^^^
cores/v1/quality_gate.py:93: in evaluate
    scores["drift_check"] = self._check_drift(skill_path, report)
                            ^^^^^^^^^^^^^^^^^^^^^^^^^^^^^^^^^^^^^
cores/v1/quality_gate.py:257: in _check_drift
    drift_report = detector.detect(capability)
                   ^^^^^^^^^^^^^^^^^^^^^^^^^^^
cores/v1/drift_detector.py:117: in detect
    quality_drift = self._check_quality_drift(capability, manifest)
                    ^^^^^^^^^^^^^^^^^^^^^^^^^^^^^^^^^^^^^^^^^^^^^^^
cores/v1/drift_detector.py:249: in _check_quality_drift
    report = self.quality_gate.evaluate(latest, capability)
             ^^^^^^^^^^^^^^^^^^^^^^^^^^^^^^^^^^^^^^^^^^^^^^
cores/v1/quality_gate.py:93: in evaluate
    scores["drift_check"] = self._check_drift(skill_path, report)
                            ^^^^^^^^^^^^^^^^^^^^^^^^^^^^^^^^^^^^^
cores/v1/quality_gate.py:257: in _check_drift
    drift_report = detector.detect(capability)
                   ^^^^^^^^^^^^^^^^^^^^^^^^^^^
cores/v1/drift_detector.py:117: in detect
    quality_drift = self._check_quality_drift(capability, manifest)
                    ^^^^^^^^^^^^^^^^^^^^^^^^^^^^^^^^^^^^^^^^^^^^^^^
cores/v1/drift_detector.py:249: in _check_quality_drift
    report = self.quality_gate.evaluate(latest, capability)
             ^^^^^^^^^^^^^^^^^^^^^^^^^^^^^^^^^^^^^^^^^^^^^^
cores/v1/quality_gate.py:93: in evaluate
    scores["drift_check"] = self._check_drift(skill_path, report)
                            ^^^^^^^^^^^^^^^^^^^^^^^^^^^^^^^^^^^^^
cores/v1/quality_gate.py:257: in _check_drift
    drift_report = detector.detect(capability)
                   ^^^^^^^^^^^^^^^^^^^^^^^^^^^
cores/v1/drift_detector.py:117: in detect
    quality_drift = self._check_quality_drift(capability, manifest)
                    ^^^^^^^^^^^^^^^^^^^^^^^^^^^^^^^^^^^^^^^^^^^^^^^
cores/v1/drift_detector.py:249: in _check_quality_drift
    report = self.quality_gate.evaluate(latest, capability)
             ^^^^^^^^^^^^^^^^^^^^^^^^^^^^^^^^^^^^^^^^^^^^^^
cores/v1/quality_gate.py:93: in evaluate
    scores["drift_check"] = self._check_drift(skill_path, report)
                            ^^^^^^^^^^^^^^^^^^^^^^^^^^^^^^^^^^^^^
cores/v1/quality_gate.py:257: in _check_drift
    drift_report = detector.detect(capability)
                   ^^^^^^^^^^^^^^^^^^^^^^^^^^^
cores/v1/drift_detector.py:117: in detect
    quality_drift = self._check_quality_drift(capability, manifest)
                    ^^^^^^^^^^^^^^^^^^^^^^^^^^^^^^^^^^^^^^^^^^^^^^^
cores/v1/drift_detector.py:249: in _check_quality_drift
    report = self.quality_gate.evaluate(latest, capability)
             ^^^^^^^^^^^^^^^^^^^^^^^^^^^^^^^^^^^^^^^^^^^^^^
cores/v1/quality_gate.py:93: in evaluate
    scores["drift_check"] = self._check_drift(skill_path, report)
                            ^^^^^^^^^^^^^^^^^^^^^^^^^^^^^^^^^^^^^
cores/v1/quality_gate.py:257: in _check_drift
    drift_report = detector.detect(capability)
                   ^^^^^^^^^^^^^^^^^^^^^^^^^^^
cores/v1/drift_detector.py:117: in detect
    quality_drift = self._check_quality_drift(capability, manifest)
                    ^^^^^^^^^^^^^^^^^^^^^^^^^^^^^^^^^^^^^^^^^^^^^^^
cores/v1/drift_detector.py:249: in _check_quality_drift
    report = self.quality_gate.evaluate(latest, capability)
             ^^^^^^^^^^^^^^^^^^^^^^^^^^^^^^^^^^^^^^^^^^^^^^
cores/v1/quality_gate.py:93: in evaluate
    scores["drift_check"] = self._check_drift(skill_path, report)
                            ^^^^^^^^^^^^^^^^^^^^^^^^^^^^^^^^^^^^^
cores/v1/quality_gate.py:257: in _check_drift
    drift_report = detector.detect(capability)
                   ^^^^^^^^^^^^^^^^^^^^^^^^^^^
cores/v1/drift_detector.py:117: in detect
    quality_drift = self._check_quality_drift(capability, manifest)
                    ^^^^^^^^^^^^^^^^^^^^^^^^^^^^^^^^^^^^^^^^^^^^^^^
cores/v1/drift_detector.py:249: in _check_quality_drift
    report = self.quality_gate.evaluate(latest, capability)
             ^^^^^^^^^^^^^^^^^^^^^^^^^^^^^^^^^^^^^^^^^^^^^^
cores/v1/quality_gate.py:93: in evaluate
    scores["drift_check"] = self._check_drift(skill_path, report)
                            ^^^^^^^^^^^^^^^^^^^^^^^^^^^^^^^^^^^^^
cores/v1/quality_gate.py:257: in _check_drift
    drift_report = detector.detect(capability)
                   ^^^^^^^^^^^^^^^^^^^^^^^^^^^
cores/v1/drift_detector.py:117: in detect
    quality_drift = self._check_quality_drift(capability, manifest)
                    ^^^^^^^^^^^^^^^^^^^^^^^^^^^^^^^^^^^^^^^^^^^^^^^
cores/v1/drift_detector.py:249: in _check_quality_drift
    report = self.quality_gate.evaluate(latest, capability)
             ^^^^^^^^^^^^^^^^^^^^^^^^^^^^^^^^^^^^^^^^^^^^^^
cores/v1/quality_gate.py:93: in evaluate
    scores["drift_check"] = self._check_drift(skill_path, report)
                            ^^^^^^^^^^^^^^^^^^^^^^^^^^^^^^^^^^^^^
cores/v1/quality_gate.py:257: in _check_drift
    drift_report = detector.detect(capability)
                   ^^^^^^^^^^^^^^^^^^^^^^^^^^^
cores/v1/drift_detector.py:117: in detect
    quality_drift = self._check_quality_drift(capability, manifest)
                    ^^^^^^^^^^^^^^^^^^^^^^^^^^^^^^^^^^^^^^^^^^^^^^^
cores/v1/drift_detector.py:249: in _check_quality_drift
    report = self.quality_gate.evaluate(latest, capability)
             ^^^^^^^^^^^^^^^^^^^^^^^^^^^^^^^^^^^^^^^^^^^^^^
cores/v1/quality_gate.py:93: in evaluate
    scores["drift_check"] = self._check_drift(skill_path, report)
                            ^^^^^^^^^^^^^^^^^^^^^^^^^^^^^^^^^^^^^
cores/v1/quality_gate.py:257: in _check_drift
    drift_report = detector.detect(capability)
                   ^^^^^^^^^^^^^^^^^^^^^^^^^^^
cores/v1/drift_detector.py:117: in detect
    quality_drift = self._check_quality_drift(capability, manifest)
                    ^^^^^^^^^^^^^^^^^^^^^^^^^^^^^^^^^^^^^^^^^^^^^^^
cores/v1/drift_detector.py:249: in _check_quality_drift
    report = self.quality_gate.evaluate(latest, capability)
             ^^^^^^^^^^^^^^^^^^^^^^^^^^^^^^^^^^^^^^^^^^^^^^
cores/v1/quality_gate.py:93: in evaluate
    scores["drift_check"] = self._check_drift(skill_path, report)
                            ^^^^^^^^^^^^^^^^^^^^^^^^^^^^^^^^^^^^^
cores/v1/quality_gate.py:257: in _check_drift
    drift_report = detector.detect(capability)
                   ^^^^^^^^^^^^^^^^^^^^^^^^^^^
cores/v1/drift_detector.py:117: in detect
    quality_drift = self._check_quality_drift(capability, manifest)
                    ^^^^^^^^^^^^^^^^^^^^^^^^^^^^^^^^^^^^^^^^^^^^^^^
cores/v1/drift_detector.py:249: in _check_quality_drift
    report = self.quality_gate.evaluate(latest, capability)
             ^^^^^^^^^^^^^^^^^^^^^^^^^^^^^^^^^^^^^^^^^^^^^^
cores/v1/quality_gate.py:93: in evaluate
    scores["drift_check"] = self._check_drift(skill_path, report)
                            ^^^^^^^^^^^^^^^^^^^^^^^^^^^^^^^^^^^^^
cores/v1/quality_gate.py:257: in _check_drift
    drift_report = detector.detect(capability)
                   ^^^^^^^^^^^^^^^^^^^^^^^^^^^
cores/v1/drift_detector.py:117: in detect
    quality_drift = self._check_quality_drift(capability, manifest)
                    ^^^^^^^^^^^^^^^^^^^^^^^^^^^^^^^^^^^^^^^^^^^^^^^
cores/v1/drift_detector.py:249: in _check_quality_drift
    report = self.quality_gate.evaluate(latest, capability)
             ^^^^^^^^^^^^^^^^^^^^^^^^^^^^^^^^^^^^^^^^^^^^^^
cores/v1/quality_gate.py:93: in evaluate
    scores["drift_check"] = self._check_drift(skill_path, report)
                            ^^^^^^^^^^^^^^^^^^^^^^^^^^^^^^^^^^^^^
cores/v1/quality_gate.py:257: in _check_drift
    drift_report = detector.detect(capability)
                   ^^^^^^^^^^^^^^^^^^^^^^^^^^^
cores/v1/drift_detector.py:117: in detect
    quality_drift = self._check_quality_drift(capability, manifest)
                    ^^^^^^^^^^^^^^^^^^^^^^^^^^^^^^^^^^^^^^^^^^^^^^^
cores/v1/drift_detector.py:249: in _check_quality_drift
    report = self.quality_gate.evaluate(latest, capability)
             ^^^^^^^^^^^^^^^^^^^^^^^^^^^^^^^^^^^^^^^^^^^^^^
cores/v1/quality_gate.py:93: in evaluate
    scores["drift_check"] = self._check_drift(skill_path, report)
                            ^^^^^^^^^^^^^^^^^^^^^^^^^^^^^^^^^^^^^
cores/v1/quality_gate.py:257: in _check_drift
    drift_report = detector.detect(capability)
                   ^^^^^^^^^^^^^^^^^^^^^^^^^^^
cores/v1/drift_detector.py:117: in detect
    quality_drift = self._check_quality_drift(capability, manifest)
                    ^^^^^^^^^^^^^^^^^^^^^^^^^^^^^^^^^^^^^^^^^^^^^^^
cores/v1/drift_detector.py:249: in _check_quality_drift
    report = self.quality_gate.evaluate(latest, capability)
             ^^^^^^^^^^^^^^^^^^^^^^^^^^^^^^^^^^^^^^^^^^^^^^
cores/v1/quality_gate.py:93: in evaluate
    scores["drift_check"] = self._check_drift(skill_path, report)
                            ^^^^^^^^^^^^^^^^^^^^^^^^^^^^^^^^^^^^^
cores/v1/quality_gate.py:257: in _check_drift
    drift_report = detector.detect(capability)
                   ^^^^^^^^^^^^^^^^^^^^^^^^^^^
cores/v1/drift_detector.py:117: in detect
    quality_drift = self._check_quality_drift(capability, manifest)
                    ^^^^^^^^^^^^^^^^^^^^^^^^^^^^^^^^^^^^^^^^^^^^^^^
cores/v1/drift_detector.py:249: in _check_quality_drift
    report = self.quality_gate.evaluate(latest, capability)
             ^^^^^^^^^^^^^^^^^^^^^^^^^^^^^^^^^^^^^^^^^^^^^^
cores/v1/quality_gate.py:93: in evaluate
    scores["drift_check"] = self._check_drift(skill_path, report)
                            ^^^^^^^^^^^^^^^^^^^^^^^^^^^^^^^^^^^^^
cores/v1/quality_gate.py:257: in _check_drift
    drift_report = detector.detect(capability)
                   ^^^^^^^^^^^^^^^^^^^^^^^^^^^
cores/v1/drift_detector.py:117: in detect
    quality_drift = self._check_quality_drift(capability, manifest)
                    ^^^^^^^^^^^^^^^^^^^^^^^^^^^^^^^^^^^^^^^^^^^^^^^
cores/v1/drift_detector.py:249: in _check_quality_drift
    report = self.quality_gate.evaluate(latest, capability)
             ^^^^^^^^^^^^^^^^^^^^^^^^^^^^^^^^^^^^^^^^^^^^^^
cores/v1/quality_gate.py:93: in evaluate
    scores["drift_check"] = self._check_drift(skill_path, report)
                            ^^^^^^^^^^^^^^^^^^^^^^^^^^^^^^^^^^^^^
cores/v1/quality_gate.py:257: in _check_drift
    drift_report = detector.detect(capability)
                   ^^^^^^^^^^^^^^^^^^^^^^^^^^^
cores/v1/drift_detector.py:117: in detect
    quality_drift = self._check_quality_drift(capability, manifest)
                    ^^^^^^^^^^^^^^^^^^^^^^^^^^^^^^^^^^^^^^^^^^^^^^^
cores/v1/drift_detector.py:249: in _check_quality_drift
    report = self.quality_gate.evaluate(latest, capability)
             ^^^^^^^^^^^^^^^^^^^^^^^^^^^^^^^^^^^^^^^^^^^^^^
cores/v1/quality_gate.py:93: in evaluate
    scores["drift_check"] = self._check_drift(skill_path, report)
                            ^^^^^^^^^^^^^^^^^^^^^^^^^^^^^^^^^^^^^
cores/v1/quality_gate.py:257: in _check_drift
    drift_report = detector.detect(capability)
                   ^^^^^^^^^^^^^^^^^^^^^^^^^^^
cores/v1/drift_detector.py:117: in detect
    quality_drift = self._check_quality_drift(capability, manifest)
                    ^^^^^^^^^^^^^^^^^^^^^^^^^^^^^^^^^^^^^^^^^^^^^^^
cores/v1/drift_detector.py:249: in _check_quality_drift
    report = self.quality_gate.evaluate(latest, capability)
             ^^^^^^^^^^^^^^^^^^^^^^^^^^^^^^^^^^^^^^^^^^^^^^
cores/v1/quality_gate.py:93: in evaluate
    scores["drift_check"] = self._check_drift(skill_path, report)
                            ^^^^^^^^^^^^^^^^^^^^^^^^^^^^^^^^^^^^^
cores/v1/quality_gate.py:257: in _check_drift
    drift_report = detector.detect(capability)
                   ^^^^^^^^^^^^^^^^^^^^^^^^^^^
cores/v1/drift_detector.py:117: in detect
    quality_drift = self._check_quality_drift(capability, manifest)
                    ^^^^^^^^^^^^^^^^^^^^^^^^^^^^^^^^^^^^^^^^^^^^^^^
cores/v1/drift_detector.py:249: in _check_quality_drift
    report = self.quality_gate.evaluate(latest, capability)
             ^^^^^^^^^^^^^^^^^^^^^^^^^^^^^^^^^^^^^^^^^^^^^^
cores/v1/quality_gate.py:93: in evaluate
    scores["drift_check"] = self._check_drift(skill_path, report)
                            ^^^^^^^^^^^^^^^^^^^^^^^^^^^^^^^^^^^^^
cores/v1/quality_gate.py:257: in _check_drift
    drift_report = detector.detect(capability)
                   ^^^^^^^^^^^^^^^^^^^^^^^^^^^
cores/v1/drift_detector.py:117: in detect
    quality_drift = self._check_quality_drift(capability, manifest)
                    ^^^^^^^^^^^^^^^^^^^^^^^^^^^^^^^^^^^^^^^^^^^^^^^
cores/v1/drift_detector.py:249: in _check_quality_drift
    report = self.quality_gate.evaluate(latest, capability)
             ^^^^^^^^^^^^^^^^^^^^^^^^^^^^^^^^^^^^^^^^^^^^^^
cores/v1/quality_gate.py:93: in evaluate
    scores["drift_check"] = self._check_drift(skill_path, report)
                            ^^^^^^^^^^^^^^^^^^^^^^^^^^^^^^^^^^^^^
cores/v1/quality_gate.py:257: in _check_drift
    drift_report = detector.detect(capability)
                   ^^^^^^^^^^^^^^^^^^^^^^^^^^^
cores/v1/drift_detector.py:117: in detect
    quality_drift = self._check_quality_drift(capability, manifest)
                    ^^^^^^^^^^^^^^^^^^^^^^^^^^^^^^^^^^^^^^^^^^^^^^^
cores/v1/drift_detector.py:249: in _check_quality_drift
    report = self.quality_gate.evaluate(latest, capability)
             ^^^^^^^^^^^^^^^^^^^^^^^^^^^^^^^^^^^^^^^^^^^^^^
cores/v1/quality_gate.py:93: in evaluate
    scores["drift_check"] = self._check_drift(skill_path, report)
                            ^^^^^^^^^^^^^^^^^^^^^^^^^^^^^^^^^^^^^
cores/v1/quality_gate.py:257: in _check_drift
    drift_report = detector.detect(capability)
                   ^^^^^^^^^^^^^^^^^^^^^^^^^^^
cores/v1/drift_detector.py:117: in detect
    quality_drift = self._check_quality_drift(capability, manifest)
                    ^^^^^^^^^^^^^^^^^^^^^^^^^^^^^^^^^^^^^^^^^^^^^^^
cores/v1/drift_detector.py:249: in _check_quality_drift
    report = self.quality_gate.evaluate(latest, capability)
             ^^^^^^^^^^^^^^^^^^^^^^^^^^^^^^^^^^^^^^^^^^^^^^
cores/v1/quality_gate.py:93: in evaluate
    scores["drift_check"] = self._check_drift(skill_path, report)
                            ^^^^^^^^^^^^^^^^^^^^^^^^^^^^^^^^^^^^^
cores/v1/quality_gate.py:257: in _check_drift
    drift_report = detector.detect(capability)
                   ^^^^^^^^^^^^^^^^^^^^^^^^^^^
cores/v1/drift_detector.py:117: in detect
    quality_drift = self._check_quality_drift(capability, manifest)
                    ^^^^^^^^^^^^^^^^^^^^^^^^^^^^^^^^^^^^^^^^^^^^^^^
cores/v1/drift_detector.py:249: in _check_quality_drift
    report = self.quality_gate.evaluate(latest, capability)
             ^^^^^^^^^^^^^^^^^^^^^^^^^^^^^^^^^^^^^^^^^^^^^^
cores/v1/quality_gate.py:93: in evaluate
    scores["drift_check"] = self._check_drift(skill_path, report)
                            ^^^^^^^^^^^^^^^^^^^^^^^^^^^^^^^^^^^^^
cores/v1/quality_gate.py:257: in _check_drift
    drift_report = detector.detect(capability)
                   ^^^^^^^^^^^^^^^^^^^^^^^^^^^
cores/v1/drift_detector.py:117: in detect
    quality_drift = self._check_quality_drift(capability, manifest)
                    ^^^^^^^^^^^^^^^^^^^^^^^^^^^^^^^^^^^^^^^^^^^^^^^
cores/v1/drift_detector.py:249: in _check_quality_drift
    report = self.quality_gate.evaluate(latest, capability)
             ^^^^^^^^^^^^^^^^^^^^^^^^^^^^^^^^^^^^^^^^^^^^^^
cores/v1/quality_gate.py:93: in evaluate
    scores["drift_check"] = self._check_drift(skill_path, report)
                            ^^^^^^^^^^^^^^^^^^^^^^^^^^^^^^^^^^^^^
cores/v1/quality_gate.py:257: in _check_drift
    drift_report = detector.detect(capability)
                   ^^^^^^^^^^^^^^^^^^^^^^^^^^^
cores/v1/drift_detector.py:117: in detect
    quality_drift = self._check_quality_drift(capability, manifest)
                    ^^^^^^^^^^^^^^^^^^^^^^^^^^^^^^^^^^^^^^^^^^^^^^^
cores/v1/drift_detector.py:249: in _check_quality_drift
    report = self.quality_gate.evaluate(latest, capability)
             ^^^^^^^^^^^^^^^^^^^^^^^^^^^^^^^^^^^^^^^^^^^^^^
cores/v1/quality_gate.py:93: in evaluate
    scores["drift_check"] = self._check_drift(skill_path, report)
                            ^^^^^^^^^^^^^^^^^^^^^^^^^^^^^^^^^^^^^
cores/v1/quality_gate.py:257: in _check_drift
    drift_report = detector.detect(capability)
                   ^^^^^^^^^^^^^^^^^^^^^^^^^^^
cores/v1/drift_detector.py:117: in detect
    quality_drift = self._check_quality_drift(capability, manifest)
                    ^^^^^^^^^^^^^^^^^^^^^^^^^^^^^^^^^^^^^^^^^^^^^^^
cores/v1/drift_detector.py:249: in _check_quality_drift
    report = self.quality_gate.evaluate(latest, capability)
             ^^^^^^^^^^^^^^^^^^^^^^^^^^^^^^^^^^^^^^^^^^^^^^
cores/v1/quality_gate.py:93: in evaluate
    scores["drift_check"] = self._check_drift(skill_path, report)
                            ^^^^^^^^^^^^^^^^^^^^^^^^^^^^^^^^^^^^^
cores/v1/quality_gate.py:257: in _check_drift
    drift_report = detector.detect(capability)
                   ^^^^^^^^^^^^^^^^^^^^^^^^^^^
cores/v1/drift_detector.py:117: in detect
    quality_drift = self._check_quality_drift(capability, manifest)
                    ^^^^^^^^^^^^^^^^^^^^^^^^^^^^^^^^^^^^^^^^^^^^^^^
cores/v1/drift_detector.py:249: in _check_quality_drift
    report = self.quality_gate.evaluate(latest, capability)
             ^^^^^^^^^^^^^^^^^^^^^^^^^^^^^^^^^^^^^^^^^^^^^^
cores/v1/quality_gate.py:93: in evaluate
    scores["drift_check"] = self._check_drift(skill_path, report)
                            ^^^^^^^^^^^^^^^^^^^^^^^^^^^^^^^^^^^^^
cores/v1/quality_gate.py:257: in _check_drift
    drift_report = detector.detect(capability)
                   ^^^^^^^^^^^^^^^^^^^^^^^^^^^
cores/v1/drift_detector.py:117: in detect
    quality_drift = self._check_quality_drift(capability, manifest)
                    ^^^^^^^^^^^^^^^^^^^^^^^^^^^^^^^^^^^^^^^^^^^^^^^
cores/v1/drift_detector.py:249: in _check_quality_drift
    report = self.quality_gate.evaluate(latest, capability)
             ^^^^^^^^^^^^^^^^^^^^^^^^^^^^^^^^^^^^^^^^^^^^^^
cores/v1/quality_gate.py:93: in evaluate
    scores["drift_check"] = self._check_drift(skill_path, report)
                            ^^^^^^^^^^^^^^^^^^^^^^^^^^^^^^^^^^^^^
cores/v1/quality_gate.py:257: in _check_drift
    drift_report = detector.detect(capability)
                   ^^^^^^^^^^^^^^^^^^^^^^^^^^^
cores/v1/drift_detector.py:117: in detect
    quality_drift = self._check_quality_drift(capability, manifest)
                    ^^^^^^^^^^^^^^^^^^^^^^^^^^^^^^^^^^^^^^^^^^^^^^^
cores/v1/drift_detector.py:249: in _check_quality_drift
    report = self.quality_gate.evaluate(latest, capability)
             ^^^^^^^^^^^^^^^^^^^^^^^^^^^^^^^^^^^^^^^^^^^^^^
cores/v1/quality_gate.py:93: in evaluate
    scores["drift_check"] = self._check_drift(skill_path, report)
                            ^^^^^^^^^^^^^^^^^^^^^^^^^^^^^^^^^^^^^
cores/v1/quality_gate.py:257: in _check_drift
    drift_report = detector.detect(capability)
                   ^^^^^^^^^^^^^^^^^^^^^^^^^^^
cores/v1/drift_detector.py:117: in detect
    quality_drift = self._check_quality_drift(capability, manifest)
                    ^^^^^^^^^^^^^^^^^^^^^^^^^^^^^^^^^^^^^^^^^^^^^^^
cores/v1/drift_detector.py:249: in _check_quality_drift
    report = self.quality_gate.evaluate(latest, capability)
             ^^^^^^^^^^^^^^^^^^^^^^^^^^^^^^^^^^^^^^^^^^^^^^
cores/v1/quality_gate.py:93: in evaluate
    scores["drift_check"] = self._check_drift(skill_path, report)
                            ^^^^^^^^^^^^^^^^^^^^^^^^^^^^^^^^^^^^^
cores/v1/quality_gate.py:257: in _check_drift
    drift_report = detector.detect(capability)
                   ^^^^^^^^^^^^^^^^^^^^^^^^^^^
cores/v1/drift_detector.py:117: in detect
    quality_drift = self._check_quality_drift(capability, manifest)
                    ^^^^^^^^^^^^^^^^^^^^^^^^^^^^^^^^^^^^^^^^^^^^^^^
cores/v1/drift_detector.py:249: in _check_quality_drift
    report = self.quality_gate.evaluate(latest, capability)
             ^^^^^^^^^^^^^^^^^^^^^^^^^^^^^^^^^^^^^^^^^^^^^^
cores/v1/quality_gate.py:93: in evaluate
    scores["drift_check"] = self._check_drift(skill_path, report)
                            ^^^^^^^^^^^^^^^^^^^^^^^^^^^^^^^^^^^^^
cores/v1/quality_gate.py:257: in _check_drift
    drift_report = detector.detect(capability)
                   ^^^^^^^^^^^^^^^^^^^^^^^^^^^
cores/v1/drift_detector.py:117: in detect
    quality_drift = self._check_quality_drift(capability, manifest)
                    ^^^^^^^^^^^^^^^^^^^^^^^^^^^^^^^^^^^^^^^^^^^^^^^
cores/v1/drift_detector.py:249: in _check_quality_drift
    report = self.quality_gate.evaluate(latest, capability)
             ^^^^^^^^^^^^^^^^^^^^^^^^^^^^^^^^^^^^^^^^^^^^^^
cores/v1/quality_gate.py:93: in evaluate
    scores["drift_check"] = self._check_drift(skill_path, report)
                            ^^^^^^^^^^^^^^^^^^^^^^^^^^^^^^^^^^^^^
cores/v1/quality_gate.py:257: in _check_drift
    drift_report = detector.detect(capability)
                   ^^^^^^^^^^^^^^^^^^^^^^^^^^^
cores/v1/drift_detector.py:117: in detect
    quality_drift = self._check_quality_drift(capability, manifest)
                    ^^^^^^^^^^^^^^^^^^^^^^^^^^^^^^^^^^^^^^^^^^^^^^^
cores/v1/drift_detector.py:249: in _check_quality_drift
    report = self.quality_gate.evaluate(latest, capability)
             ^^^^^^^^^^^^^^^^^^^^^^^^^^^^^^^^^^^^^^^^^^^^^^
cores/v1/quality_gate.py:93: in evaluate
    scores["drift_check"] = self._check_drift(skill_path, report)
                            ^^^^^^^^^^^^^^^^^^^^^^^^^^^^^^^^^^^^^
cores/v1/quality_gate.py:257: in _check_drift
    drift_report = detector.detect(capability)
                   ^^^^^^^^^^^^^^^^^^^^^^^^^^^
cores/v1/drift_detector.py:117: in detect
    quality_drift = self._check_quality_drift(capability, manifest)
                    ^^^^^^^^^^^^^^^^^^^^^^^^^^^^^^^^^^^^^^^^^^^^^^^
cores/v1/drift_detector.py:249: in _check_quality_drift
    report = self.quality_gate.evaluate(latest, capability)
             ^^^^^^^^^^^^^^^^^^^^^^^^^^^^^^^^^^^^^^^^^^^^^^
cores/v1/quality_gate.py:93: in evaluate
    scores["drift_check"] = self._check_drift(skill_path, report)
                            ^^^^^^^^^^^^^^^^^^^^^^^^^^^^^^^^^^^^^
cores/v1/quality_gate.py:257: in _check_drift
    drift_report = detector.detect(capability)
                   ^^^^^^^^^^^^^^^^^^^^^^^^^^^
cores/v1/drift_detector.py:117: in detect
    quality_drift = self._check_quality_drift(capability, manifest)
                    ^^^^^^^^^^^^^^^^^^^^^^^^^^^^^^^^^^^^^^^^^^^^^^^
cores/v1/drift_detector.py:249: in _check_quality_drift
    report = self.quality_gate.evaluate(latest, capability)
             ^^^^^^^^^^^^^^^^^^^^^^^^^^^^^^^^^^^^^^^^^^^^^^
cores/v1/quality_gate.py:93: in evaluate
    scores["drift_check"] = self._check_drift(skill_path, report)
                            ^^^^^^^^^^^^^^^^^^^^^^^^^^^^^^^^^^^^^
cores/v1/quality_gate.py:257: in _check_drift
    drift_report = detector.detect(capability)
                   ^^^^^^^^^^^^^^^^^^^^^^^^^^^
cores/v1/drift_detector.py:117: in detect
    quality_drift = self._check_quality_drift(capability, manifest)
                    ^^^^^^^^^^^^^^^^^^^^^^^^^^^^^^^^^^^^^^^^^^^^^^^
cores/v1/drift_detector.py:249: in _check_quality_drift
    report = self.quality_gate.evaluate(latest, capability)
             ^^^^^^^^^^^^^^^^^^^^^^^^^^^^^^^^^^^^^^^^^^^^^^
cores/v1/quality_gate.py:93: in evaluate
    scores["drift_check"] = self._check_drift(skill_path, report)
                            ^^^^^^^^^^^^^^^^^^^^^^^^^^^^^^^^^^^^^
cores/v1/quality_gate.py:257: in _check_drift
    drift_report = detector.detect(capability)
                   ^^^^^^^^^^^^^^^^^^^^^^^^^^^
cores/v1/drift_detector.py:117: in detect
    quality_drift = self._check_quality_drift(capability, manifest)
                    ^^^^^^^^^^^^^^^^^^^^^^^^^^^^^^^^^^^^^^^^^^^^^^^
cores/v1/drift_detector.py:249: in _check_quality_drift
    report = self.quality_gate.evaluate(latest, capability)
             ^^^^^^^^^^^^^^^^^^^^^^^^^^^^^^^^^^^^^^^^^^^^^^
cores/v1/quality_gate.py:93: in evaluate
    scores["drift_check"] = self._check_drift(skill_path, report)
                            ^^^^^^^^^^^^^^^^^^^^^^^^^^^^^^^^^^^^^
cores/v1/quality_gate.py:257: in _check_drift
    drift_report = detector.detect(capability)
                   ^^^^^^^^^^^^^^^^^^^^^^^^^^^
cores/v1/drift_detector.py:117: in detect
    quality_drift = self._check_quality_drift(capability, manifest)
                    ^^^^^^^^^^^^^^^^^^^^^^^^^^^^^^^^^^^^^^^^^^^^^^^
cores/v1/drift_detector.py:249: in _check_quality_drift
    report = self.quality_gate.evaluate(latest, capability)
             ^^^^^^^^^^^^^^^^^^^^^^^^^^^^^^^^^^^^^^^^^^^^^^
cores/v1/quality_gate.py:93: in evaluate
    scores["drift_check"] = self._check_drift(skill_path, report)
                            ^^^^^^^^^^^^^^^^^^^^^^^^^^^^^^^^^^^^^
cores/v1/quality_gate.py:257: in _check_drift
    drift_report = detector.detect(capability)
                   ^^^^^^^^^^^^^^^^^^^^^^^^^^^
cores/v1/drift_detector.py:117: in detect
    quality_drift = self._check_quality_drift(capability, manifest)
                    ^^^^^^^^^^^^^^^^^^^^^^^^^^^^^^^^^^^^^^^^^^^^^^^
cores/v1/drift_detector.py:249: in _check_quality_drift
    report = self.quality_gate.evaluate(latest, capability)
             ^^^^^^^^^^^^^^^^^^^^^^^^^^^^^^^^^^^^^^^^^^^^^^
cores/v1/quality_gate.py:93: in evaluate
    scores["drift_check"] = self._check_drift(skill_path, report)
                            ^^^^^^^^^^^^^^^^^^^^^^^^^^^^^^^^^^^^^
cores/v1/quality_gate.py:257: in _check_drift
    drift_report = detector.detect(capability)
                   ^^^^^^^^^^^^^^^^^^^^^^^^^^^
cores/v1/drift_detector.py:117: in detect
    quality_drift = self._check_quality_drift(capability, manifest)
                    ^^^^^^^^^^^^^^^^^^^^^^^^^^^^^^^^^^^^^^^^^^^^^^^
cores/v1/drift_detector.py:249: in _check_quality_drift
    report = self.quality_gate.evaluate(latest, capability)
             ^^^^^^^^^^^^^^^^^^^^^^^^^^^^^^^^^^^^^^^^^^^^^^
cores/v1/quality_gate.py:93: in evaluate
    scores["drift_check"] = self._check_drift(skill_path, report)
                            ^^^^^^^^^^^^^^^^^^^^^^^^^^^^^^^^^^^^^
cores/v1/quality_gate.py:257: in _check_drift
    drift_report = detector.detect(capability)
                   ^^^^^^^^^^^^^^^^^^^^^^^^^^^
cores/v1/drift_detector.py:117: in detect
    quality_drift = self._check_quality_drift(capability, manifest)
                    ^^^^^^^^^^^^^^^^^^^^^^^^^^^^^^^^^^^^^^^^^^^^^^^
cores/v1/drift_detector.py:249: in _check_quality_drift
    report = self.quality_gate.evaluate(latest, capability)
             ^^^^^^^^^^^^^^^^^^^^^^^^^^^^^^^^^^^^^^^^^^^^^^
cores/v1/quality_gate.py:93: in evaluate
    scores["drift_check"] = self._check_drift(skill_path, report)
                            ^^^^^^^^^^^^^^^^^^^^^^^^^^^^^^^^^^^^^
cores/v1/quality_gate.py:257: in _check_drift
    drift_report = detector.detect(capability)
                   ^^^^^^^^^^^^^^^^^^^^^^^^^^^
cores/v1/drift_detector.py:117: in detect
    quality_drift = self._check_quality_drift(capability, manifest)
                    ^^^^^^^^^^^^^^^^^^^^^^^^^^^^^^^^^^^^^^^^^^^^^^^
cores/v1/drift_detector.py:249: in _check_quality_drift
    report = self.quality_gate.evaluate(latest, capability)
             ^^^^^^^^^^^^^^^^^^^^^^^^^^^^^^^^^^^^^^^^^^^^^^
cores/v1/quality_gate.py:93: in evaluate
    scores["drift_check"] = self._check_drift(skill_path, report)
                            ^^^^^^^^^^^^^^^^^^^^^^^^^^^^^^^^^^^^^
cores/v1/quality_gate.py:257: in _check_drift
    drift_report = detector.detect(capability)
                   ^^^^^^^^^^^^^^^^^^^^^^^^^^^
cores/v1/drift_detector.py:117: in detect
    quality_drift = self._check_quality_drift(capability, manifest)
                    ^^^^^^^^^^^^^^^^^^^^^^^^^^^^^^^^^^^^^^^^^^^^^^^
cores/v1/drift_detector.py:249: in _check_quality_drift
    report = self.quality_gate.evaluate(latest, capability)
             ^^^^^^^^^^^^^^^^^^^^^^^^^^^^^^^^^^^^^^^^^^^^^^
cores/v1/quality_gate.py:93: in evaluate
    scores["drift_check"] = self._check_drift(skill_path, report)
                            ^^^^^^^^^^^^^^^^^^^^^^^^^^^^^^^^^^^^^
cores/v1/quality_gate.py:257: in _check_drift
    drift_report = detector.detect(capability)
                   ^^^^^^^^^^^^^^^^^^^^^^^^^^^
cores/v1/drift_detector.py:117: in detect
    quality_drift = self._check_quality_drift(capability, manifest)
                    ^^^^^^^^^^^^^^^^^^^^^^^^^^^^^^^^^^^^^^^^^^^^^^^
cores/v1/drift_detector.py:249: in _check_quality_drift
    report = self.quality_gate.evaluate(latest, capability)
             ^^^^^^^^^^^^^^^^^^^^^^^^^^^^^^^^^^^^^^^^^^^^^^
cores/v1/quality_gate.py:93: in evaluate
    scores["drift_check"] = self._check_drift(skill_path, report)
                            ^^^^^^^^^^^^^^^^^^^^^^^^^^^^^^^^^^^^^
cores/v1/quality_gate.py:257: in _check_drift
    drift_report = detector.detect(capability)
                   ^^^^^^^^^^^^^^^^^^^^^^^^^^^
cores/v1/drift_detector.py:117: in detect
    quality_drift = self._check_quality_drift(capability, manifest)
                    ^^^^^^^^^^^^^^^^^^^^^^^^^^^^^^^^^^^^^^^^^^^^^^^
cores/v1/drift_detector.py:249: in _check_quality_drift
    report = self.quality_gate.evaluate(latest, capability)
             ^^^^^^^^^^^^^^^^^^^^^^^^^^^^^^^^^^^^^^^^^^^^^^
cores/v1/quality_gate.py:93: in evaluate
    scores["drift_check"] = self._check_drift(skill_path, report)
                            ^^^^^^^^^^^^^^^^^^^^^^^^^^^^^^^^^^^^^
cores/v1/quality_gate.py:257: in _check_drift
    drift_report = detector.detect(capability)
                   ^^^^^^^^^^^^^^^^^^^^^^^^^^^
cores/v1/drift_detector.py:117: in detect
    quality_drift = self._check_quality_drift(capability, manifest)
                    ^^^^^^^^^^^^^^^^^^^^^^^^^^^^^^^^^^^^^^^^^^^^^^^
cores/v1/drift_detector.py:249: in _check_quality_drift
    report = self.quality_gate.evaluate(latest, capability)
             ^^^^^^^^^^^^^^^^^^^^^^^^^^^^^^^^^^^^^^^^^^^^^^
cores/v1/quality_gate.py:93: in evaluate
    scores["drift_check"] = self._check_drift(skill_path, report)
                            ^^^^^^^^^^^^^^^^^^^^^^^^^^^^^^^^^^^^^
cores/v1/quality_gate.py:257: in _check_drift
    drift_report = detector.detect(capability)
                   ^^^^^^^^^^^^^^^^^^^^^^^^^^^
cores/v1/drift_detector.py:117: in detect
    quality_drift = self._check_quality_drift(capability, manifest)
                    ^^^^^^^^^^^^^^^^^^^^^^^^^^^^^^^^^^^^^^^^^^^^^^^
cores/v1/drift_detector.py:249: in _check_quality_drift
    report = self.quality_gate.evaluate(latest, capability)
             ^^^^^^^^^^^^^^^^^^^^^^^^^^^^^^^^^^^^^^^^^^^^^^
cores/v1/quality_gate.py:93: in evaluate
    scores["drift_check"] = self._check_drift(skill_path, report)
                            ^^^^^^^^^^^^^^^^^^^^^^^^^^^^^^^^^^^^^
cores/v1/quality_gate.py:257: in _check_drift
    drift_report = detector.detect(capability)
                   ^^^^^^^^^^^^^^^^^^^^^^^^^^^
cores/v1/drift_detector.py:117: in detect
    quality_drift = self._check_quality_drift(capability, manifest)
                    ^^^^^^^^^^^^^^^^^^^^^^^^^^^^^^^^^^^^^^^^^^^^^^^
cores/v1/drift_detector.py:249: in _check_quality_drift
    report = self.quality_gate.evaluate(latest, capability)
             ^^^^^^^^^^^^^^^^^^^^^^^^^^^^^^^^^^^^^^^^^^^^^^
cores/v1/quality_gate.py:93: in evaluate
    scores["drift_check"] = self._check_drift(skill_path, report)
                            ^^^^^^^^^^^^^^^^^^^^^^^^^^^^^^^^^^^^^
cores/v1/quality_gate.py:257: in _check_drift
    drift_report = detector.detect(capability)
                   ^^^^^^^^^^^^^^^^^^^^^^^^^^^
cores/v1/drift_detector.py:117: in detect
    quality_drift = self._check_quality_drift(capability, manifest)
                    ^^^^^^^^^^^^^^^^^^^^^^^^^^^^^^^^^^^^^^^^^^^^^^^
cores/v1/drift_detector.py:249: in _check_quality_drift
    report = self.quality_gate.evaluate(latest, capability)
             ^^^^^^^^^^^^^^^^^^^^^^^^^^^^^^^^^^^^^^^^^^^^^^
cores/v1/quality_gate.py:93: in evaluate
    scores["drift_check"] = self._check_drift(skill_path, report)
                            ^^^^^^^^^^^^^^^^^^^^^^^^^^^^^^^^^^^^^
cores/v1/quality_gate.py:257: in _check_drift
    drift_report = detector.detect(capability)
                   ^^^^^^^^^^^^^^^^^^^^^^^^^^^
cores/v1/drift_detector.py:117: in detect
    quality_drift = self._check_quality_drift(capability, manifest)
                    ^^^^^^^^^^^^^^^^^^^^^^^^^^^^^^^^^^^^^^^^^^^^^^^
cores/v1/drift_detector.py:249: in _check_quality_drift
    report = self.quality_gate.evaluate(latest, capability)
             ^^^^^^^^^^^^^^^^^^^^^^^^^^^^^^^^^^^^^^^^^^^^^^
cores/v1/quality_gate.py:93: in evaluate
    scores["drift_check"] = self._check_drift(skill_path, report)
                            ^^^^^^^^^^^^^^^^^^^^^^^^^^^^^^^^^^^^^
cores/v1/quality_gate.py:257: in _check_drift
    drift_report = detector.detect(capability)
                   ^^^^^^^^^^^^^^^^^^^^^^^^^^^
cores/v1/drift_detector.py:117: in detect
    quality_drift = self._check_quality_drift(capability, manifest)
                    ^^^^^^^^^^^^^^^^^^^^^^^^^^^^^^^^^^^^^^^^^^^^^^^
cores/v1/drift_detector.py:249: in _check_quality_drift
    report = self.quality_gate.evaluate(latest, capability)
             ^^^^^^^^^^^^^^^^^^^^^^^^^^^^^^^^^^^^^^^^^^^^^^
cores/v1/quality_gate.py:93: in evaluate
    scores["drift_check"] = self._check_drift(skill_path, report)
                            ^^^^^^^^^^^^^^^^^^^^^^^^^^^^^^^^^^^^^
cores/v1/quality_gate.py:257: in _check_drift
    drift_report = detector.detect(capability)
                   ^^^^^^^^^^^^^^^^^^^^^^^^^^^
cores/v1/drift_detector.py:117: in detect
    quality_drift = self._check_quality_drift(capability, manifest)
                    ^^^^^^^^^^^^^^^^^^^^^^^^^^^^^^^^^^^^^^^^^^^^^^^
cores/v1/drift_detector.py:249: in _check_quality_drift
    report = self.quality_gate.evaluate(latest, capability)
             ^^^^^^^^^^^^^^^^^^^^^^^^^^^^^^^^^^^^^^^^^^^^^^
cores/v1/quality_gate.py:93: in evaluate
    scores["drift_check"] = self._check_drift(skill_path, report)
                            ^^^^^^^^^^^^^^^^^^^^^^^^^^^^^^^^^^^^^
cores/v1/quality_gate.py:257: in _check_drift
    drift_report = detector.detect(capability)
                   ^^^^^^^^^^^^^^^^^^^^^^^^^^^
cores/v1/drift_detector.py:117: in detect
    quality_drift = self._check_quality_drift(capability, manifest)
                    ^^^^^^^^^^^^^^^^^^^^^^^^^^^^^^^^^^^^^^^^^^^^^^^
cores/v1/drift_detector.py:249: in _check_quality_drift
    report = self.quality_gate.evaluate(latest, capability)
             ^^^^^^^^^^^^^^^^^^^^^^^^^^^^^^^^^^^^^^^^^^^^^^
cores/v1/quality_gate.py:93: in evaluate
    scores["drift_check"] = self._check_drift(skill_path, report)
                            ^^^^^^^^^^^^^^^^^^^^^^^^^^^^^^^^^^^^^
cores/v1/quality_gate.py:257: in _check_drift
    drift_report = detector.detect(capability)
                   ^^^^^^^^^^^^^^^^^^^^^^^^^^^
cores/v1/drift_detector.py:117: in detect
    quality_drift = self._check_quality_drift(capability, manifest)
                    ^^^^^^^^^^^^^^^^^^^^^^^^^^^^^^^^^^^^^^^^^^^^^^^
cores/v1/drift_detector.py:249: in _check_quality_drift
    report = self.quality_gate.evaluate(latest, capability)
             ^^^^^^^^^^^^^^^^^^^^^^^^^^^^^^^^^^^^^^^^^^^^^^
cores/v1/quality_gate.py:93: in evaluate
    scores["drift_check"] = self._check_drift(skill_path, report)
                            ^^^^^^^^^^^^^^^^^^^^^^^^^^^^^^^^^^^^^
cores/v1/quality_gate.py:257: in _check_drift
    drift_report = detector.detect(capability)
                   ^^^^^^^^^^^^^^^^^^^^^^^^^^^
cores/v1/drift_detector.py:117: in detect
    quality_drift = self._check_quality_drift(capability, manifest)
                    ^^^^^^^^^^^^^^^^^^^^^^^^^^^^^^^^^^^^^^^^^^^^^^^
cores/v1/drift_detector.py:249: in _check_quality_drift
    report = self.quality_gate.evaluate(latest, capability)
             ^^^^^^^^^^^^^^^^^^^^^^^^^^^^^^^^^^^^^^^^^^^^^^
cores/v1/quality_gate.py:93: in evaluate
    scores["drift_check"] = self._check_drift(skill_path, report)
                            ^^^^^^^^^^^^^^^^^^^^^^^^^^^^^^^^^^^^^
cores/v1/quality_gate.py:257: in _check_drift
    drift_report = detector.detect(capability)
                   ^^^^^^^^^^^^^^^^^^^^^^^^^^^
cores/v1/drift_detector.py:117: in detect
    quality_drift = self._check_quality_drift(capability, manifest)
                    ^^^^^^^^^^^^^^^^^^^^^^^^^^^^^^^^^^^^^^^^^^^^^^^
cores/v1/drift_detector.py:249: in _check_quality_drift
    report = self.quality_gate.evaluate(latest, capability)
             ^^^^^^^^^^^^^^^^^^^^^^^^^^^^^^^^^^^^^^^^^^^^^^
cores/v1/quality_gate.py:93: in evaluate
    scores["drift_check"] = self._check_drift(skill_path, report)
                            ^^^^^^^^^^^^^^^^^^^^^^^^^^^^^^^^^^^^^
cores/v1/quality_gate.py:257: in _check_drift
    drift_report = detector.detect(capability)
                   ^^^^^^^^^^^^^^^^^^^^^^^^^^^
cores/v1/drift_detector.py:117: in detect
    quality_drift = self._check_quality_drift(capability, manifest)
                    ^^^^^^^^^^^^^^^^^^^^^^^^^^^^^^^^^^^^^^^^^^^^^^^
cores/v1/drift_detector.py:249: in _check_quality_drift
    report = self.quality_gate.evaluate(latest, capability)
             ^^^^^^^^^^^^^^^^^^^^^^^^^^^^^^^^^^^^^^^^^^^^^^
cores/v1/quality_gate.py:93: in evaluate
    scores["drift_check"] = self._check_drift(skill_path, report)
                            ^^^^^^^^^^^^^^^^^^^^^^^^^^^^^^^^^^^^^
cores/v1/quality_gate.py:257: in _check_drift
    drift_report = detector.detect(capability)
                   ^^^^^^^^^^^^^^^^^^^^^^^^^^^
cores/v1/drift_detector.py:117: in detect
    quality_drift = self._check_quality_drift(capability, manifest)
                    ^^^^^^^^^^^^^^^^^^^^^^^^^^^^^^^^^^^^^^^^^^^^^^^
cores/v1/drift_detector.py:249: in _check_quality_drift
    report = self.quality_gate.evaluate(latest, capability)
             ^^^^^^^^^^^^^^^^^^^^^^^^^^^^^^^^^^^^^^^^^^^^^^
cores/v1/quality_gate.py:93: in evaluate
    scores["drift_check"] = self._check_drift(skill_path, report)
                            ^^^^^^^^^^^^^^^^^^^^^^^^^^^^^^^^^^^^^
cores/v1/quality_gate.py:257: in _check_drift
    drift_report = detector.detect(capability)
                   ^^^^^^^^^^^^^^^^^^^^^^^^^^^
cores/v1/drift_detector.py:117: in detect
    quality_drift = self._check_quality_drift(capability, manifest)
                    ^^^^^^^^^^^^^^^^^^^^^^^^^^^^^^^^^^^^^^^^^^^^^^^
cores/v1/drift_detector.py:249: in _check_quality_drift
    report = self.quality_gate.evaluate(latest, capability)
             ^^^^^^^^^^^^^^^^^^^^^^^^^^^^^^^^^^^^^^^^^^^^^^
cores/v1/quality_gate.py:93: in evaluate
    scores["drift_check"] = self._check_drift(skill_path, report)
                            ^^^^^^^^^^^^^^^^^^^^^^^^^^^^^^^^^^^^^
cores/v1/quality_gate.py:257: in _check_drift
    drift_report = detector.detect(capability)
                   ^^^^^^^^^^^^^^^^^^^^^^^^^^^
cores/v1/drift_detector.py:117: in detect
    quality_drift = self._check_quality_drift(capability, manifest)
                    ^^^^^^^^^^^^^^^^^^^^^^^^^^^^^^^^^^^^^^^^^^^^^^^
cores/v1/drift_detector.py:249: in _check_quality_drift
    report = self.quality_gate.evaluate(latest, capability)
             ^^^^^^^^^^^^^^^^^^^^^^^^^^^^^^^^^^^^^^^^^^^^^^
cores/v1/quality_gate.py:93: in evaluate
    scores["drift_check"] = self._check_drift(skill_path, report)
                            ^^^^^^^^^^^^^^^^^^^^^^^^^^^^^^^^^^^^^
cores/v1/quality_gate.py:257: in _check_drift
    drift_report = detector.detect(capability)
                   ^^^^^^^^^^^^^^^^^^^^^^^^^^^
cores/v1/drift_detector.py:117: in detect
    quality_drift = self._check_quality_drift(capability, manifest)
                    ^^^^^^^^^^^^^^^^^^^^^^^^^^^^^^^^^^^^^^^^^^^^^^^
cores/v1/drift_detector.py:249: in _check_quality_drift
    report = self.quality_gate.evaluate(latest, capability)
             ^^^^^^^^^^^^^^^^^^^^^^^^^^^^^^^^^^^^^^^^^^^^^^
cores/v1/quality_gate.py:93: in evaluate
    scores["drift_check"] = self._check_drift(skill_path, report)
                            ^^^^^^^^^^^^^^^^^^^^^^^^^^^^^^^^^^^^^
cores/v1/quality_gate.py:257: in _check_drift
    drift_report = detector.detect(capability)
                   ^^^^^^^^^^^^^^^^^^^^^^^^^^^
cores/v1/drift_detector.py:117: in detect
    quality_drift = self._check_quality_drift(capability, manifest)
                    ^^^^^^^^^^^^^^^^^^^^^^^^^^^^^^^^^^^^^^^^^^^^^^^
cores/v1/drift_detector.py:249: in _check_quality_drift
    report = self.quality_gate.evaluate(latest, capability)
             ^^^^^^^^^^^^^^^^^^^^^^^^^^^^^^^^^^^^^^^^^^^^^^
cores/v1/quality_gate.py:93: in evaluate
    scores["drift_check"] = self._check_drift(skill_path, report)
                            ^^^^^^^^^^^^^^^^^^^^^^^^^^^^^^^^^^^^^
cores/v1/quality_gate.py:257: in _check_drift
    drift_report = detector.detect(capability)
                   ^^^^^^^^^^^^^^^^^^^^^^^^^^^
cores/v1/drift_detector.py:117: in detect
    quality_drift = self._check_quality_drift(capability, manifest)
                    ^^^^^^^^^^^^^^^^^^^^^^^^^^^^^^^^^^^^^^^^^^^^^^^
cores/v1/drift_detector.py:249: in _check_quality_drift
    report = self.quality_gate.evaluate(latest, capability)
             ^^^^^^^^^^^^^^^^^^^^^^^^^^^^^^^^^^^^^^^^^^^^^^
cores/v1/quality_gate.py:93: in evaluate
    scores["drift_check"] = self._check_drift(skill_path, report)
                            ^^^^^^^^^^^^^^^^^^^^^^^^^^^^^^^^^^^^^
cores/v1/quality_gate.py:257: in _check_drift
    drift_report = detector.detect(capability)
                   ^^^^^^^^^^^^^^^^^^^^^^^^^^^
cores/v1/drift_detector.py:117: in detect
    quality_drift = self._check_quality_drift(capability, manifest)
                    ^^^^^^^^^^^^^^^^^^^^^^^^^^^^^^^^^^^^^^^^^^^^^^^
cores/v1/drift_detector.py:249: in _check_quality_drift
    report = self.quality_gate.evaluate(latest, capability)
             ^^^^^^^^^^^^^^^^^^^^^^^^^^^^^^^^^^^^^^^^^^^^^^
cores/v1/quality_gate.py:93: in evaluate
    scores["drift_check"] = self._check_drift(skill_path, report)
                            ^^^^^^^^^^^^^^^^^^^^^^^^^^^^^^^^^^^^^
cores/v1/quality_gate.py:257: in _check_drift
    drift_report = detector.detect(capability)
                   ^^^^^^^^^^^^^^^^^^^^^^^^^^^
cores/v1/drift_detector.py:117: in detect
    quality_drift = self._check_quality_drift(capability, manifest)
                    ^^^^^^^^^^^^^^^^^^^^^^^^^^^^^^^^^^^^^^^^^^^^^^^
cores/v1/drift_detector.py:249: in _check_quality_drift
    report = self.quality_gate.evaluate(latest, capability)
             ^^^^^^^^^^^^^^^^^^^^^^^^^^^^^^^^^^^^^^^^^^^^^^
cores/v1/quality_gate.py:93: in evaluate
    scores["drift_check"] = self._check_drift(skill_path, report)
                            ^^^^^^^^^^^^^^^^^^^^^^^^^^^^^^^^^^^^^
cores/v1/quality_gate.py:257: in _check_drift
    drift_report = detector.detect(capability)
                   ^^^^^^^^^^^^^^^^^^^^^^^^^^^
cores/v1/drift_detector.py:117: in detect
    quality_drift = self._check_quality_drift(capability, manifest)
                    ^^^^^^^^^^^^^^^^^^^^^^^^^^^^^^^^^^^^^^^^^^^^^^^
cores/v1/drift_detector.py:249: in _check_quality_drift
    report = self.quality_gate.evaluate(latest, capability)
             ^^^^^^^^^^^^^^^^^^^^^^^^^^^^^^^^^^^^^^^^^^^^^^
cores/v1/quality_gate.py:93: in evaluate
    scores["drift_check"] = self._check_drift(skill_path, report)
                            ^^^^^^^^^^^^^^^^^^^^^^^^^^^^^^^^^^^^^
cores/v1/quality_gate.py:257: in _check_drift
    drift_report = detector.detect(capability)
                   ^^^^^^^^^^^^^^^^^^^^^^^^^^^
cores/v1/drift_detector.py:117: in detect
    quality_drift = self._check_quality_drift(capability, manifest)
                    ^^^^^^^^^^^^^^^^^^^^^^^^^^^^^^^^^^^^^^^^^^^^^^^
cores/v1/drift_detector.py:249: in _check_quality_drift
    report = self.quality_gate.evaluate(latest, capability)
             ^^^^^^^^^^^^^^^^^^^^^^^^^^^^^^^^^^^^^^^^^^^^^^
cores/v1/quality_gate.py:93: in evaluate
    scores["drift_check"] = self._check_drift(skill_path, report)
                            ^^^^^^^^^^^^^^^^^^^^^^^^^^^^^^^^^^^^^
cores/v1/quality_gate.py:257: in _check_drift
    drift_report = detector.detect(capability)
                   ^^^^^^^^^^^^^^^^^^^^^^^^^^^
cores/v1/drift_detector.py:117: in detect
    quality_drift = self._check_quality_drift(capability, manifest)
                    ^^^^^^^^^^^^^^^^^^^^^^^^^^^^^^^^^^^^^^^^^^^^^^^
cores/v1/drift_detector.py:249: in _check_quality_drift
    report = self.quality_gate.evaluate(latest, capability)
             ^^^^^^^^^^^^^^^^^^^^^^^^^^^^^^^^^^^^^^^^^^^^^^
cores/v1/quality_gate.py:93: in evaluate
    scores["drift_check"] = self._check_drift(skill_path, report)
                            ^^^^^^^^^^^^^^^^^^^^^^^^^^^^^^^^^^^^^
cores/v1/quality_gate.py:257: in _check_drift
    drift_report = detector.detect(capability)
                   ^^^^^^^^^^^^^^^^^^^^^^^^^^^
cores/v1/drift_detector.py:117: in detect
    quality_drift = self._check_quality_drift(capability, manifest)
                    ^^^^^^^^^^^^^^^^^^^^^^^^^^^^^^^^^^^^^^^^^^^^^^^
cores/v1/drift_detector.py:249: in _check_quality_drift
    report = self.quality_gate.evaluate(latest, capability)
             ^^^^^^^^^^^^^^^^^^^^^^^^^^^^^^^^^^^^^^^^^^^^^^
cores/v1/quality_gate.py:93: in evaluate
    scores["drift_check"] = self._check_drift(skill_path, report)
                            ^^^^^^^^^^^^^^^^^^^^^^^^^^^^^^^^^^^^^
cores/v1/quality_gate.py:257: in _check_drift
    drift_report = detector.detect(capability)
                   ^^^^^^^^^^^^^^^^^^^^^^^^^^^
cores/v1/drift_detector.py:117: in detect
    quality_drift = self._check_quality_drift(capability, manifest)
                    ^^^^^^^^^^^^^^^^^^^^^^^^^^^^^^^^^^^^^^^^^^^^^^^
cores/v1/drift_detector.py:249: in _check_quality_drift
    report = self.quality_gate.evaluate(latest, capability)
             ^^^^^^^^^^^^^^^^^^^^^^^^^^^^^^^^^^^^^^^^^^^^^^
cores/v1/quality_gate.py:93: in evaluate
    scores["drift_check"] = self._check_drift(skill_path, report)
                            ^^^^^^^^^^^^^^^^^^^^^^^^^^^^^^^^^^^^^
cores/v1/quality_gate.py:257: in _check_drift
    drift_report = detector.detect(capability)
                   ^^^^^^^^^^^^^^^^^^^^^^^^^^^
cores/v1/drift_detector.py:117: in detect
    quality_drift = self._check_quality_drift(capability, manifest)
                    ^^^^^^^^^^^^^^^^^^^^^^^^^^^^^^^^^^^^^^^^^^^^^^^
cores/v1/drift_detector.py:249: in _check_quality_drift
    report = self.quality_gate.evaluate(latest, capability)
             ^^^^^^^^^^^^^^^^^^^^^^^^^^^^^^^^^^^^^^^^^^^^^^
cores/v1/quality_gate.py:93: in evaluate
    scores["drift_check"] = self._check_drift(skill_path, report)
                            ^^^^^^^^^^^^^^^^^^^^^^^^^^^^^^^^^^^^^
cores/v1/quality_gate.py:257: in _check_drift
    drift_report = detector.detect(capability)
                   ^^^^^^^^^^^^^^^^^^^^^^^^^^^
cores/v1/drift_detector.py:117: in detect
    quality_drift = self._check_quality_drift(capability, manifest)
                    ^^^^^^^^^^^^^^^^^^^^^^^^^^^^^^^^^^^^^^^^^^^^^^^
cores/v1/drift_detector.py:249: in _check_quality_drift
    report = self.quality_gate.evaluate(latest, capability)
             ^^^^^^^^^^^^^^^^^^^^^^^^^^^^^^^^^^^^^^^^^^^^^^
cores/v1/quality_gate.py:93: in evaluate
    scores["drift_check"] = self._check_drift(skill_path, report)
                            ^^^^^^^^^^^^^^^^^^^^^^^^^^^^^^^^^^^^^
cores/v1/quality_gate.py:257: in _check_drift
    drift_report = detector.detect(capability)
                   ^^^^^^^^^^^^^^^^^^^^^^^^^^^
cores/v1/drift_detector.py:117: in detect
    quality_drift = self._check_quality_drift(capability, manifest)
                    ^^^^^^^^^^^^^^^^^^^^^^^^^^^^^^^^^^^^^^^^^^^^^^^
cores/v1/drift_detector.py:249: in _check_quality_drift
    report = self.quality_gate.evaluate(latest, capability)
             ^^^^^^^^^^^^^^^^^^^^^^^^^^^^^^^^^^^^^^^^^^^^^^
cores/v1/quality_gate.py:93: in evaluate
    scores["drift_check"] = self._check_drift(skill_path, report)
                            ^^^^^^^^^^^^^^^^^^^^^^^^^^^^^^^^^^^^^
cores/v1/quality_gate.py:257: in _check_drift
    drift_report = detector.detect(capability)
                   ^^^^^^^^^^^^^^^^^^^^^^^^^^^
cores/v1/drift_detector.py:117: in detect
    quality_drift = self._check_quality_drift(capability, manifest)
                    ^^^^^^^^^^^^^^^^^^^^^^^^^^^^^^^^^^^^^^^^^^^^^^^
cores/v1/drift_detector.py:249: in _check_quality_drift
    report = self.quality_gate.evaluate(latest, capability)
             ^^^^^^^^^^^^^^^^^^^^^^^^^^^^^^^^^^^^^^^^^^^^^^
cores/v1/quality_gate.py:93: in evaluate
    scores["drift_check"] = self._check_drift(skill_path, report)
                            ^^^^^^^^^^^^^^^^^^^^^^^^^^^^^^^^^^^^^
cores/v1/quality_gate.py:257: in _check_drift
    drift_report = detector.detect(capability)
                   ^^^^^^^^^^^^^^^^^^^^^^^^^^^
cores/v1/drift_detector.py:117: in detect
    quality_drift = self._check_quality_drift(capability, manifest)
                    ^^^^^^^^^^^^^^^^^^^^^^^^^^^^^^^^^^^^^^^^^^^^^^^
cores/v1/drift_detector.py:249: in _check_quality_drift
    report = self.quality_gate.evaluate(latest, capability)
             ^^^^^^^^^^^^^^^^^^^^^^^^^^^^^^^^^^^^^^^^^^^^^^
cores/v1/quality_gate.py:93: in evaluate
    scores["drift_check"] = self._check_drift(skill_path, report)
                            ^^^^^^^^^^^^^^^^^^^^^^^^^^^^^^^^^^^^^
cores/v1/quality_gate.py:257: in _check_drift
    drift_report = detector.detect(capability)
                   ^^^^^^^^^^^^^^^^^^^^^^^^^^^
cores/v1/drift_detector.py:117: in detect
    quality_drift = self._check_quality_drift(capability, manifest)
                    ^^^^^^^^^^^^^^^^^^^^^^^^^^^^^^^^^^^^^^^^^^^^^^^
cores/v1/drift_detector.py:249: in _check_quality_drift
    report = self.quality_gate.evaluate(latest, capability)
             ^^^^^^^^^^^^^^^^^^^^^^^^^^^^^^^^^^^^^^^^^^^^^^
cores/v1/quality_gate.py:93: in evaluate
    scores["drift_check"] = self._check_drift(skill_path, report)
                            ^^^^^^^^^^^^^^^^^^^^^^^^^^^^^^^^^^^^^
cores/v1/quality_gate.py:257: in _check_drift
    drift_report = detector.detect(capability)
                   ^^^^^^^^^^^^^^^^^^^^^^^^^^^
cores/v1/drift_detector.py:117: in detect
    quality_drift = self._check_quality_drift(capability, manifest)
                    ^^^^^^^^^^^^^^^^^^^^^^^^^^^^^^^^^^^^^^^^^^^^^^^
cores/v1/drift_detector.py:249: in _check_quality_drift
    report = self.quality_gate.evaluate(latest, capability)
             ^^^^^^^^^^^^^^^^^^^^^^^^^^^^^^^^^^^^^^^^^^^^^^
cores/v1/quality_gate.py:93: in evaluate
    scores["drift_check"] = self._check_drift(skill_path, report)
                            ^^^^^^^^^^^^^^^^^^^^^^^^^^^^^^^^^^^^^
cores/v1/quality_gate.py:257: in _check_drift
    drift_report = detector.detect(capability)
                   ^^^^^^^^^^^^^^^^^^^^^^^^^^^
cores/v1/drift_detector.py:117: in detect
    quality_drift = self._check_quality_drift(capability, manifest)
                    ^^^^^^^^^^^^^^^^^^^^^^^^^^^^^^^^^^^^^^^^^^^^^^^
cores/v1/drift_detector.py:249: in _check_quality_drift
    report = self.quality_gate.evaluate(latest, capability)
             ^^^^^^^^^^^^^^^^^^^^^^^^^^^^^^^^^^^^^^^^^^^^^^
cores/v1/quality_gate.py:93: in evaluate
    scores["drift_check"] = self._check_drift(skill_path, report)
                            ^^^^^^^^^^^^^^^^^^^^^^^^^^^^^^^^^^^^^
cores/v1/quality_gate.py:257: in _check_drift
    drift_report = detector.detect(capability)
                   ^^^^^^^^^^^^^^^^^^^^^^^^^^^
cores/v1/drift_detector.py:117: in detect
    quality_drift = self._check_quality_drift(capability, manifest)
                    ^^^^^^^^^^^^^^^^^^^^^^^^^^^^^^^^^^^^^^^^^^^^^^^
cores/v1/drift_detector.py:249: in _check_quality_drift
    report = self.quality_gate.evaluate(latest, capability)
             ^^^^^^^^^^^^^^^^^^^^^^^^^^^^^^^^^^^^^^^^^^^^^^
cores/v1/quality_gate.py:93: in evaluate
    scores["drift_check"] = self._check_drift(skill_path, report)
                            ^^^^^^^^^^^^^^^^^^^^^^^^^^^^^^^^^^^^^
cores/v1/quality_gate.py:257: in _check_drift
    drift_report = detector.detect(capability)
                   ^^^^^^^^^^^^^^^^^^^^^^^^^^^
cores/v1/drift_detector.py:117: in detect
    quality_drift = self._check_quality_drift(capability, manifest)
                    ^^^^^^^^^^^^^^^^^^^^^^^^^^^^^^^^^^^^^^^^^^^^^^^
cores/v1/drift_detector.py:249: in _check_quality_drift
    report = self.quality_gate.evaluate(latest, capability)
             ^^^^^^^^^^^^^^^^^^^^^^^^^^^^^^^^^^^^^^^^^^^^^^
cores/v1/quality_gate.py:93: in evaluate
    scores["drift_check"] = self._check_drift(skill_path, report)
                            ^^^^^^^^^^^^^^^^^^^^^^^^^^^^^^^^^^^^^
cores/v1/quality_gate.py:257: in _check_drift
    drift_report = detector.detect(capability)
                   ^^^^^^^^^^^^^^^^^^^^^^^^^^^
cores/v1/drift_detector.py:117: in detect
    quality_drift = self._check_quality_drift(capability, manifest)
                    ^^^^^^^^^^^^^^^^^^^^^^^^^^^^^^^^^^^^^^^^^^^^^^^
cores/v1/drift_detector.py:249: in _check_quality_drift
    report = self.quality_gate.evaluate(latest, capability)
             ^^^^^^^^^^^^^^^^^^^^^^^^^^^^^^^^^^^^^^^^^^^^^^
cores/v1/quality_gate.py:93: in evaluate
    scores["drift_check"] = self._check_drift(skill_path, report)
                            ^^^^^^^^^^^^^^^^^^^^^^^^^^^^^^^^^^^^^
cores/v1/quality_gate.py:257: in _check_drift
    drift_report = detector.detect(capability)
                   ^^^^^^^^^^^^^^^^^^^^^^^^^^^
cores/v1/drift_detector.py:117: in detect
    quality_drift = self._check_quality_drift(capability, manifest)
                    ^^^^^^^^^^^^^^^^^^^^^^^^^^^^^^^^^^^^^^^^^^^^^^^
cores/v1/drift_detector.py:249: in _check_quality_drift
    report = self.quality_gate.evaluate(latest, capability)
             ^^^^^^^^^^^^^^^^^^^^^^^^^^^^^^^^^^^^^^^^^^^^^^
cores/v1/quality_gate.py:93: in evaluate
    scores["drift_check"] = self._check_drift(skill_path, report)
                            ^^^^^^^^^^^^^^^^^^^^^^^^^^^^^^^^^^^^^
cores/v1/quality_gate.py:257: in _check_drift
    drift_report = detector.detect(capability)
                   ^^^^^^^^^^^^^^^^^^^^^^^^^^^
cores/v1/drift_detector.py:117: in detect
    quality_drift = self._check_quality_drift(capability, manifest)
                    ^^^^^^^^^^^^^^^^^^^^^^^^^^^^^^^^^^^^^^^^^^^^^^^
cores/v1/drift_detector.py:249: in _check_quality_drift
    report = self.quality_gate.evaluate(latest, capability)
             ^^^^^^^^^^^^^^^^^^^^^^^^^^^^^^^^^^^^^^^^^^^^^^
cores/v1/quality_gate.py:93: in evaluate
    scores["drift_check"] = self._check_drift(skill_path, report)
                            ^^^^^^^^^^^^^^^^^^^^^^^^^^^^^^^^^^^^^
cores/v1/quality_gate.py:257: in _check_drift
    drift_report = detector.detect(capability)
                   ^^^^^^^^^^^^^^^^^^^^^^^^^^^
cores/v1/drift_detector.py:117: in detect
    quality_drift = self._check_quality_drift(capability, manifest)
                    ^^^^^^^^^^^^^^^^^^^^^^^^^^^^^^^^^^^^^^^^^^^^^^^
cores/v1/drift_detector.py:249: in _check_quality_drift
    report = self.quality_gate.evaluate(latest, capability)
             ^^^^^^^^^^^^^^^^^^^^^^^^^^^^^^^^^^^^^^^^^^^^^^
cores/v1/quality_gate.py:93: in evaluate
    scores["drift_check"] = self._check_drift(skill_path, report)
                            ^^^^^^^^^^^^^^^^^^^^^^^^^^^^^^^^^^^^^
cores/v1/quality_gate.py:257: in _check_drift
    drift_report = detector.detect(capability)
                   ^^^^^^^^^^^^^^^^^^^^^^^^^^^
cores/v1/drift_detector.py:117: in detect
    quality_drift = self._check_quality_drift(capability, manifest)
                    ^^^^^^^^^^^^^^^^^^^^^^^^^^^^^^^^^^^^^^^^^^^^^^^
cores/v1/drift_detector.py:249: in _check_quality_drift
    report = self.quality_gate.evaluate(latest, capability)
             ^^^^^^^^^^^^^^^^^^^^^^^^^^^^^^^^^^^^^^^^^^^^^^
cores/v1/quality_gate.py:93: in evaluate
    scores["drift_check"] = self._check_drift(skill_path, report)
                            ^^^^^^^^^^^^^^^^^^^^^^^^^^^^^^^^^^^^^
cores/v1/quality_gate.py:257: in _check_drift
    drift_report = detector.detect(capability)
                   ^^^^^^^^^^^^^^^^^^^^^^^^^^^
cores/v1/drift_detector.py:117: in detect
    quality_drift = self._check_quality_drift(capability, manifest)
                    ^^^^^^^^^^^^^^^^^^^^^^^^^^^^^^^^^^^^^^^^^^^^^^^
cores/v1/drift_detector.py:249: in _check_quality_drift
    report = self.quality_gate.evaluate(latest, capability)
             ^^^^^^^^^^^^^^^^^^^^^^^^^^^^^^^^^^^^^^^^^^^^^^
cores/v1/quality_gate.py:93: in evaluate
    scores["drift_check"] = self._check_drift(skill_path, report)
                            ^^^^^^^^^^^^^^^^^^^^^^^^^^^^^^^^^^^^^
cores/v1/quality_gate.py:257: in _check_drift
    drift_report = detector.detect(capability)
                   ^^^^^^^^^^^^^^^^^^^^^^^^^^^
cores/v1/drift_detector.py:117: in detect
    quality_drift = self._check_quality_drift(capability, manifest)
                    ^^^^^^^^^^^^^^^^^^^^^^^^^^^^^^^^^^^^^^^^^^^^^^^
cores/v1/drift_detector.py:249: in _check_quality_drift
    report = self.quality_gate.evaluate(latest, capability)
             ^^^^^^^^^^^^^^^^^^^^^^^^^^^^^^^^^^^^^^^^^^^^^^
cores/v1/quality_gate.py:93: in evaluate
    scores["drift_check"] = self._check_drift(skill_path, report)
                            ^^^^^^^^^^^^^^^^^^^^^^^^^^^^^^^^^^^^^
cores/v1/quality_gate.py:257: in _check_drift
    drift_report = detector.detect(capability)
                   ^^^^^^^^^^^^^^^^^^^^^^^^^^^
cores/v1/drift_detector.py:117: in detect
    quality_drift = self._check_quality_drift(capability, manifest)
                    ^^^^^^^^^^^^^^^^^^^^^^^^^^^^^^^^^^^^^^^^^^^^^^^
cores/v1/drift_detector.py:249: in _check_quality_drift
    report = self.quality_gate.evaluate(latest, capability)
             ^^^^^^^^^^^^^^^^^^^^^^^^^^^^^^^^^^^^^^^^^^^^^^
cores/v1/quality_gate.py:93: in evaluate
    scores["drift_check"] = self._check_drift(skill_path, report)
                            ^^^^^^^^^^^^^^^^^^^^^^^^^^^^^^^^^^^^^
cores/v1/quality_gate.py:257: in _check_drift
    drift_report = detector.detect(capability)
                   ^^^^^^^^^^^^^^^^^^^^^^^^^^^
cores/v1/drift_detector.py:117: in detect
    quality_drift = self._check_quality_drift(capability, manifest)
                    ^^^^^^^^^^^^^^^^^^^^^^^^^^^^^^^^^^^^^^^^^^^^^^^
cores/v1/drift_detector.py:249: in _check_quality_drift
    report = self.quality_gate.evaluate(latest, capability)
             ^^^^^^^^^^^^^^^^^^^^^^^^^^^^^^^^^^^^^^^^^^^^^^
cores/v1/quality_gate.py:93: in evaluate
    scores["drift_check"] = self._check_drift(skill_path, report)
                            ^^^^^^^^^^^^^^^^^^^^^^^^^^^^^^^^^^^^^
cores/v1/quality_gate.py:257: in _check_drift
    drift_report = detector.detect(capability)
                   ^^^^^^^^^^^^^^^^^^^^^^^^^^^
cores/v1/drift_detector.py:117: in detect
    quality_drift = self._check_quality_drift(capability, manifest)
                    ^^^^^^^^^^^^^^^^^^^^^^^^^^^^^^^^^^^^^^^^^^^^^^^
cores/v1/drift_detector.py:249: in _check_quality_drift
    report = self.quality_gate.evaluate(latest, capability)
             ^^^^^^^^^^^^^^^^^^^^^^^^^^^^^^^^^^^^^^^^^^^^^^
cores/v1/quality_gate.py:93: in evaluate
    scores["drift_check"] = self._check_drift(skill_path, report)
                            ^^^^^^^^^^^^^^^^^^^^^^^^^^^^^^^^^^^^^
cores/v1/quality_gate.py:257: in _check_drift
    drift_report = detector.detect(capability)
                   ^^^^^^^^^^^^^^^^^^^^^^^^^^^
cores/v1/drift_detector.py:117: in detect
    quality_drift = self._check_quality_drift(capability, manifest)
                    ^^^^^^^^^^^^^^^^^^^^^^^^^^^^^^^^^^^^^^^^^^^^^^^
cores/v1/drift_detector.py:249: in _check_quality_drift
    report = self.quality_gate.evaluate(latest, capability)
             ^^^^^^^^^^^^^^^^^^^^^^^^^^^^^^^^^^^^^^^^^^^^^^
cores/v1/quality_gate.py:93: in evaluate
    scores["drift_check"] = self._check_drift(skill_path, report)
                            ^^^^^^^^^^^^^^^^^^^^^^^^^^^^^^^^^^^^^
cores/v1/quality_gate.py:257: in _check_drift
    drift_report = detector.detect(capability)
                   ^^^^^^^^^^^^^^^^^^^^^^^^^^^
cores/v1/drift_detector.py:117: in detect
    quality_drift = self._check_quality_drift(capability, manifest)
                    ^^^^^^^^^^^^^^^^^^^^^^^^^^^^^^^^^^^^^^^^^^^^^^^
cores/v1/drift_detector.py:249: in _check_quality_drift
    report = self.quality_gate.evaluate(latest, capability)
             ^^^^^^^^^^^^^^^^^^^^^^^^^^^^^^^^^^^^^^^^^^^^^^
cores/v1/quality_gate.py:93: in evaluate
    scores["drift_check"] = self._check_drift(skill_path, report)
                            ^^^^^^^^^^^^^^^^^^^^^^^^^^^^^^^^^^^^^
cores/v1/quality_gate.py:257: in _check_drift
    drift_report = detector.detect(capability)
                   ^^^^^^^^^^^^^^^^^^^^^^^^^^^
cores/v1/drift_detector.py:117: in detect
    quality_drift = self._check_quality_drift(capability, manifest)
                    ^^^^^^^^^^^^^^^^^^^^^^^^^^^^^^^^^^^^^^^^^^^^^^^
cores/v1/drift_detector.py:249: in _check_quality_drift
    report = self.quality_gate.evaluate(latest, capability)
             ^^^^^^^^^^^^^^^^^^^^^^^^^^^^^^^^^^^^^^^^^^^^^^
cores/v1/quality_gate.py:93: in evaluate
    scores["drift_check"] = self._check_drift(skill_path, report)
                            ^^^^^^^^^^^^^^^^^^^^^^^^^^^^^^^^^^^^^
cores/v1/quality_gate.py:257: in _check_drift
    drift_report = detector.detect(capability)
                   ^^^^^^^^^^^^^^^^^^^^^^^^^^^
cores/v1/drift_detector.py:117: in detect
    quality_drift = self._check_quality_drift(capability, manifest)
                    ^^^^^^^^^^^^^^^^^^^^^^^^^^^^^^^^^^^^^^^^^^^^^^^
cores/v1/drift_detector.py:249: in _check_quality_drift
    report = self.quality_gate.evaluate(latest, capability)
             ^^^^^^^^^^^^^^^^^^^^^^^^^^^^^^^^^^^^^^^^^^^^^^
cores/v1/quality_gate.py:93: in evaluate
    scores["drift_check"] = self._check_drift(skill_path, report)
                            ^^^^^^^^^^^^^^^^^^^^^^^^^^^^^^^^^^^^^
cores/v1/quality_gate.py:257: in _check_drift
    drift_report = detector.detect(capability)
                   ^^^^^^^^^^^^^^^^^^^^^^^^^^^
cores/v1/drift_detector.py:117: in detect
    quality_drift = self._check_quality_drift(capability, manifest)
                    ^^^^^^^^^^^^^^^^^^^^^^^^^^^^^^^^^^^^^^^^^^^^^^^
cores/v1/drift_detector.py:249: in _check_quality_drift
    report = self.quality_gate.evaluate(latest, capability)
             ^^^^^^^^^^^^^^^^^^^^^^^^^^^^^^^^^^^^^^^^^^^^^^
cores/v1/quality_gate.py:93: in evaluate
    scores["drift_check"] = self._check_drift(skill_path, report)
                            ^^^^^^^^^^^^^^^^^^^^^^^^^^^^^^^^^^^^^
cores/v1/quality_gate.py:257: in _check_drift
    drift_report = detector.detect(capability)
                   ^^^^^^^^^^^^^^^^^^^^^^^^^^^
cores/v1/drift_detector.py:117: in detect
    quality_drift = self._check_quality_drift(capability, manifest)
                    ^^^^^^^^^^^^^^^^^^^^^^^^^^^^^^^^^^^^^^^^^^^^^^^
cores/v1/drift_detector.py:249: in _check_quality_drift
    report = self.quality_gate.evaluate(latest, capability)
             ^^^^^^^^^^^^^^^^^^^^^^^^^^^^^^^^^^^^^^^^^^^^^^
cores/v1/quality_gate.py:93: in evaluate
    scores["drift_check"] = self._check_drift(skill_path, report)
                            ^^^^^^^^^^^^^^^^^^^^^^^^^^^^^^^^^^^^^
cores/v1/quality_gate.py:257: in _check_drift
    drift_report = detector.detect(capability)
                   ^^^^^^^^^^^^^^^^^^^^^^^^^^^
cores/v1/drift_detector.py:117: in detect
    quality_drift = self._check_quality_drift(capability, manifest)
                    ^^^^^^^^^^^^^^^^^^^^^^^^^^^^^^^^^^^^^^^^^^^^^^^
cores/v1/drift_detector.py:249: in _check_quality_drift
    report = self.quality_gate.evaluate(latest, capability)
             ^^^^^^^^^^^^^^^^^^^^^^^^^^^^^^^^^^^^^^^^^^^^^^
cores/v1/quality_gate.py:93: in evaluate
    scores["drift_check"] = self._check_drift(skill_path, report)
                            ^^^^^^^^^^^^^^^^^^^^^^^^^^^^^^^^^^^^^
cores/v1/quality_gate.py:257: in _check_drift
    drift_report = detector.detect(capability)
                   ^^^^^^^^^^^^^^^^^^^^^^^^^^^
cores/v1/drift_detector.py:117: in detect
    quality_drift = self._check_quality_drift(capability, manifest)
                    ^^^^^^^^^^^^^^^^^^^^^^^^^^^^^^^^^^^^^^^^^^^^^^^
cores/v1/drift_detector.py:249: in _check_quality_drift
    report = self.quality_gate.evaluate(latest, capability)
             ^^^^^^^^^^^^^^^^^^^^^^^^^^^^^^^^^^^^^^^^^^^^^^
cores/v1/quality_gate.py:93: in evaluate
    scores["drift_check"] = self._check_drift(skill_path, report)
                            ^^^^^^^^^^^^^^^^^^^^^^^^^^^^^^^^^^^^^
cores/v1/quality_gate.py:257: in _check_drift
    drift_report = detector.detect(capability)
                   ^^^^^^^^^^^^^^^^^^^^^^^^^^^
cores/v1/drift_detector.py:117: in detect
    quality_drift = self._check_quality_drift(capability, manifest)
                    ^^^^^^^^^^^^^^^^^^^^^^^^^^^^^^^^^^^^^^^^^^^^^^^
cores/v1/drift_detector.py:249: in _check_quality_drift
    report = self.quality_gate.evaluate(latest, capability)
             ^^^^^^^^^^^^^^^^^^^^^^^^^^^^^^^^^^^^^^^^^^^^^^
cores/v1/quality_gate.py:93: in evaluate
    scores["drift_check"] = self._check_drift(skill_path, report)
                            ^^^^^^^^^^^^^^^^^^^^^^^^^^^^^^^^^^^^^
cores/v1/quality_gate.py:257: in _check_drift
    drift_report = detector.detect(capability)
                   ^^^^^^^^^^^^^^^^^^^^^^^^^^^
cores/v1/drift_detector.py:117: in detect
    quality_drift = self._check_quality_drift(capability, manifest)
                    ^^^^^^^^^^^^^^^^^^^^^^^^^^^^^^^^^^^^^^^^^^^^^^^
cores/v1/drift_detector.py:249: in _check_quality_drift
    report = self.quality_gate.evaluate(latest, capability)
             ^^^^^^^^^^^^^^^^^^^^^^^^^^^^^^^^^^^^^^^^^^^^^^
cores/v1/quality_gate.py:93: in evaluate
    scores["drift_check"] = self._check_drift(skill_path, report)
                            ^^^^^^^^^^^^^^^^^^^^^^^^^^^^^^^^^^^^^
cores/v1/quality_gate.py:257: in _check_drift
    drift_report = detector.detect(capability)
                   ^^^^^^^^^^^^^^^^^^^^^^^^^^^
cores/v1/drift_detector.py:117: in detect
    quality_drift = self._check_quality_drift(capability, manifest)
                    ^^^^^^^^^^^^^^^^^^^^^^^^^^^^^^^^^^^^^^^^^^^^^^^
cores/v1/drift_detector.py:249: in _check_quality_drift
    report = self.quality_gate.evaluate(latest, capability)
             ^^^^^^^^^^^^^^^^^^^^^^^^^^^^^^^^^^^^^^^^^^^^^^
cores/v1/quality_gate.py:93: in evaluate
    scores["drift_check"] = self._check_drift(skill_path, report)
                            ^^^^^^^^^^^^^^^^^^^^^^^^^^^^^^^^^^^^^
cores/v1/quality_gate.py:257: in _check_drift
    drift_report = detector.detect(capability)
                   ^^^^^^^^^^^^^^^^^^^^^^^^^^^
cores/v1/drift_detector.py:117: in detect
    quality_drift = self._check_quality_drift(capability, manifest)
                    ^^^^^^^^^^^^^^^^^^^^^^^^^^^^^^^^^^^^^^^^^^^^^^^
cores/v1/drift_detector.py:249: in _check_quality_drift
    report = self.quality_gate.evaluate(latest, capability)
             ^^^^^^^^^^^^^^^^^^^^^^^^^^^^^^^^^^^^^^^^^^^^^^
cores/v1/quality_gate.py:93: in evaluate
    scores["drift_check"] = self._check_drift(skill_path, report)
                            ^^^^^^^^^^^^^^^^^^^^^^^^^^^^^^^^^^^^^
cores/v1/quality_gate.py:257: in _check_drift
    drift_report = detector.detect(capability)
                   ^^^^^^^^^^^^^^^^^^^^^^^^^^^
cores/v1/drift_detector.py:117: in detect
    quality_drift = self._check_quality_drift(capability, manifest)
                    ^^^^^^^^^^^^^^^^^^^^^^^^^^^^^^^^^^^^^^^^^^^^^^^
cores/v1/drift_detector.py:249: in _check_quality_drift
    report = self.quality_gate.evaluate(latest, capability)
             ^^^^^^^^^^^^^^^^^^^^^^^^^^^^^^^^^^^^^^^^^^^^^^
cores/v1/quality_gate.py:93: in evaluate
    scores["drift_check"] = self._check_drift(skill_path, report)
                            ^^^^^^^^^^^^^^^^^^^^^^^^^^^^^^^^^^^^^
cores/v1/quality_gate.py:257: in _check_drift
    drift_report = detector.detect(capability)
                   ^^^^^^^^^^^^^^^^^^^^^^^^^^^
cores/v1/drift_detector.py:117: in detect
    quality_drift = self._check_quality_drift(capability, manifest)
                    ^^^^^^^^^^^^^^^^^^^^^^^^^^^^^^^^^^^^^^^^^^^^^^^
cores/v1/drift_detector.py:249: in _check_quality_drift
    report = self.quality_gate.evaluate(latest, capability)
             ^^^^^^^^^^^^^^^^^^^^^^^^^^^^^^^^^^^^^^^^^^^^^^
cores/v1/quality_gate.py:93: in evaluate
    scores["drift_check"] = self._check_drift(skill_path, report)
                            ^^^^^^^^^^^^^^^^^^^^^^^^^^^^^^^^^^^^^
cores/v1/quality_gate.py:257: in _check_drift
    drift_report = detector.detect(capability)
                   ^^^^^^^^^^^^^^^^^^^^^^^^^^^
cores/v1/drift_detector.py:117: in detect
    quality_drift = self._check_quality_drift(capability, manifest)
                    ^^^^^^^^^^^^^^^^^^^^^^^^^^^^^^^^^^^^^^^^^^^^^^^
cores/v1/drift_detector.py:249: in _check_quality_drift
    report = self.quality_gate.evaluate(latest, capability)
             ^^^^^^^^^^^^^^^^^^^^^^^^^^^^^^^^^^^^^^^^^^^^^^
cores/v1/quality_gate.py:93: in evaluate
    scores["drift_check"] = self._check_drift(skill_path, report)
                            ^^^^^^^^^^^^^^^^^^^^^^^^^^^^^^^^^^^^^
cores/v1/quality_gate.py:257: in _check_drift
    drift_report = detector.detect(capability)
                   ^^^^^^^^^^^^^^^^^^^^^^^^^^^
cores/v1/drift_detector.py:117: in detect
    quality_drift = self._check_quality_drift(capability, manifest)
                    ^^^^^^^^^^^^^^^^^^^^^^^^^^^^^^^^^^^^^^^^^^^^^^^
cores/v1/drift_detector.py:249: in _check_quality_drift
    report = self.quality_gate.evaluate(latest, capability)
             ^^^^^^^^^^^^^^^^^^^^^^^^^^^^^^^^^^^^^^^^^^^^^^
cores/v1/quality_gate.py:93: in evaluate
    scores["drift_check"] = self._check_drift(skill_path, report)
                            ^^^^^^^^^^^^^^^^^^^^^^^^^^^^^^^^^^^^^
cores/v1/quality_gate.py:257: in _check_drift
    drift_report = detector.detect(capability)
                   ^^^^^^^^^^^^^^^^^^^^^^^^^^^
cores/v1/drift_detector.py:117: in detect
    quality_drift = self._check_quality_drift(capability, manifest)
                    ^^^^^^^^^^^^^^^^^^^^^^^^^^^^^^^^^^^^^^^^^^^^^^^
cores/v1/drift_detector.py:249: in _check_quality_drift
    report = self.quality_gate.evaluate(latest, capability)
             ^^^^^^^^^^^^^^^^^^^^^^^^^^^^^^^^^^^^^^^^^^^^^^
cores/v1/quality_gate.py:93: in evaluate
    scores["drift_check"] = self._check_drift(skill_path, report)
                            ^^^^^^^^^^^^^^^^^^^^^^^^^^^^^^^^^^^^^
cores/v1/quality_gate.py:257: in _check_drift
    drift_report = detector.detect(capability)
                   ^^^^^^^^^^^^^^^^^^^^^^^^^^^
cores/v1/drift_detector.py:117: in detect
    quality_drift = self._check_quality_drift(capability, manifest)
                    ^^^^^^^^^^^^^^^^^^^^^^^^^^^^^^^^^^^^^^^^^^^^^^^
cores/v1/drift_detector.py:249: in _check_quality_drift
    report = self.quality_gate.evaluate(latest, capability)
             ^^^^^^^^^^^^^^^^^^^^^^^^^^^^^^^^^^^^^^^^^^^^^^
cores/v1/quality_gate.py:93: in evaluate
    scores["drift_check"] = self._check_drift(skill_path, report)
                            ^^^^^^^^^^^^^^^^^^^^^^^^^^^^^^^^^^^^^
cores/v1/quality_gate.py:257: in _check_drift
    drift_report = detector.detect(capability)
                   ^^^^^^^^^^^^^^^^^^^^^^^^^^^
cores/v1/drift_detector.py:117: in detect
    quality_drift = self._check_quality_drift(capability, manifest)
                    ^^^^^^^^^^^^^^^^^^^^^^^^^^^^^^^^^^^^^^^^^^^^^^^
cores/v1/drift_detector.py:249: in _check_quality_drift
    report = self.quality_gate.evaluate(latest, capability)
             ^^^^^^^^^^^^^^^^^^^^^^^^^^^^^^^^^^^^^^^^^^^^^^
cores/v1/quality_gate.py:93: in evaluate
    scores["drift_check"] = self._check_drift(skill_path, report)
                            ^^^^^^^^^^^^^^^^^^^^^^^^^^^^^^^^^^^^^
cores/v1/quality_gate.py:257: in _check_drift
    drift_report = detector.detect(capability)
                   ^^^^^^^^^^^^^^^^^^^^^^^^^^^
cores/v1/drift_detector.py:117: in detect
    quality_drift = self._check_quality_drift(capability, manifest)
                    ^^^^^^^^^^^^^^^^^^^^^^^^^^^^^^^^^^^^^^^^^^^^^^^
cores/v1/drift_detector.py:249: in _check_quality_drift
    report = self.quality_gate.evaluate(latest, capability)
             ^^^^^^^^^^^^^^^^^^^^^^^^^^^^^^^^^^^^^^^^^^^^^^
cores/v1/quality_gate.py:93: in evaluate
    scores["drift_check"] = self._check_drift(skill_path, report)
                            ^^^^^^^^^^^^^^^^^^^^^^^^^^^^^^^^^^^^^
cores/v1/quality_gate.py:257: in _check_drift
    drift_report = detector.detect(capability)
                   ^^^^^^^^^^^^^^^^^^^^^^^^^^^
cores/v1/drift_detector.py:117: in detect
    quality_drift = self._check_quality_drift(capability, manifest)
                    ^^^^^^^^^^^^^^^^^^^^^^^^^^^^^^^^^^^^^^^^^^^^^^^
cores/v1/drift_detector.py:249: in _check_quality_drift
    report = self.quality_gate.evaluate(latest, capability)
             ^^^^^^^^^^^^^^^^^^^^^^^^^^^^^^^^^^^^^^^^^^^^^^
cores/v1/quality_gate.py:93: in evaluate
    scores["drift_check"] = self._check_drift(skill_path, report)
                            ^^^^^^^^^^^^^^^^^^^^^^^^^^^^^^^^^^^^^
cores/v1/quality_gate.py:257: in _check_drift
    drift_report = detector.detect(capability)
                   ^^^^^^^^^^^^^^^^^^^^^^^^^^^
cores/v1/drift_detector.py:117: in detect
    quality_drift = self._check_quality_drift(capability, manifest)
                    ^^^^^^^^^^^^^^^^^^^^^^^^^^^^^^^^^^^^^^^^^^^^^^^
cores/v1/drift_detector.py:249: in _check_quality_drift
    report = self.quality_gate.evaluate(latest, capability)
             ^^^^^^^^^^^^^^^^^^^^^^^^^^^^^^^^^^^^^^^^^^^^^^
cores/v1/quality_gate.py:93: in evaluate
    scores["drift_check"] = self._check_drift(skill_path, report)
                            ^^^^^^^^^^^^^^^^^^^^^^^^^^^^^^^^^^^^^
cores/v1/quality_gate.py:257: in _check_drift
    drift_report = detector.detect(capability)
                   ^^^^^^^^^^^^^^^^^^^^^^^^^^^
cores/v1/drift_detector.py:117: in detect
    quality_drift = self._check_quality_drift(capability, manifest)
                    ^^^^^^^^^^^^^^^^^^^^^^^^^^^^^^^^^^^^^^^^^^^^^^^
cores/v1/drift_detector.py:249: in _check_quality_drift
    report = self.quality_gate.evaluate(latest, capability)
             ^^^^^^^^^^^^^^^^^^^^^^^^^^^^^^^^^^^^^^^^^^^^^^
cores/v1/quality_gate.py:93: in evaluate
    scores["drift_check"] = self._check_drift(skill_path, report)
                            ^^^^^^^^^^^^^^^^^^^^^^^^^^^^^^^^^^^^^
cores/v1/quality_gate.py:257: in _check_drift
    drift_report = detector.detect(capability)
                   ^^^^^^^^^^^^^^^^^^^^^^^^^^^
cores/v1/drift_detector.py:117: in detect
    quality_drift = self._check_quality_drift(capability, manifest)
                    ^^^^^^^^^^^^^^^^^^^^^^^^^^^^^^^^^^^^^^^^^^^^^^^
cores/v1/drift_detector.py:249: in _check_quality_drift
    report = self.quality_gate.evaluate(latest, capability)
             ^^^^^^^^^^^^^^^^^^^^^^^^^^^^^^^^^^^^^^^^^^^^^^
cores/v1/quality_gate.py:93: in evaluate
    scores["drift_check"] = self._check_drift(skill_path, report)
                            ^^^^^^^^^^^^^^^^^^^^^^^^^^^^^^^^^^^^^
cores/v1/quality_gate.py:257: in _check_drift
    drift_report = detector.detect(capability)
                   ^^^^^^^^^^^^^^^^^^^^^^^^^^^
cores/v1/drift_detector.py:117: in detect
    quality_drift = self._check_quality_drift(capability, manifest)
                    ^^^^^^^^^^^^^^^^^^^^^^^^^^^^^^^^^^^^^^^^^^^^^^^
cores/v1/drift_detector.py:249: in _check_quality_drift
    report = self.quality_gate.evaluate(latest, capability)
             ^^^^^^^^^^^^^^^^^^^^^^^^^^^^^^^^^^^^^^^^^^^^^^
cores/v1/quality_gate.py:93: in evaluate
    scores["drift_check"] = self._check_drift(skill_path, report)
                            ^^^^^^^^^^^^^^^^^^^^^^^^^^^^^^^^^^^^^
cores/v1/quality_gate.py:257: in _check_drift
    drift_report = detector.detect(capability)
                   ^^^^^^^^^^^^^^^^^^^^^^^^^^^
cores/v1/drift_detector.py:117: in detect
    quality_drift = self._check_quality_drift(capability, manifest)
                    ^^^^^^^^^^^^^^^^^^^^^^^^^^^^^^^^^^^^^^^^^^^^^^^
cores/v1/drift_detector.py:249: in _check_quality_drift
    report = self.quality_gate.evaluate(latest, capability)
             ^^^^^^^^^^^^^^^^^^^^^^^^^^^^^^^^^^^^^^^^^^^^^^
cores/v1/quality_gate.py:93: in evaluate
    scores["drift_check"] = self._check_drift(skill_path, report)
                            ^^^^^^^^^^^^^^^^^^^^^^^^^^^^^^^^^^^^^
cores/v1/quality_gate.py:257: in _check_drift
    drift_report = detector.detect(capability)
                   ^^^^^^^^^^^^^^^^^^^^^^^^^^^
cores/v1/drift_detector.py:117: in detect
    quality_drift = self._check_quality_drift(capability, manifest)
                    ^^^^^^^^^^^^^^^^^^^^^^^^^^^^^^^^^^^^^^^^^^^^^^^
cores/v1/drift_detector.py:249: in _check_quality_drift
    report = self.quality_gate.evaluate(latest, capability)
             ^^^^^^^^^^^^^^^^^^^^^^^^^^^^^^^^^^^^^^^^^^^^^^
cores/v1/quality_gate.py:93: in evaluate
    scores["drift_check"] = self._check_drift(skill_path, report)
                            ^^^^^^^^^^^^^^^^^^^^^^^^^^^^^^^^^^^^^
cores/v1/quality_gate.py:257: in _check_drift
    drift_report = detector.detect(capability)
                   ^^^^^^^^^^^^^^^^^^^^^^^^^^^
cores/v1/drift_detector.py:117: in detect
    quality_drift = self._check_quality_drift(capability, manifest)
                    ^^^^^^^^^^^^^^^^^^^^^^^^^^^^^^^^^^^^^^^^^^^^^^^
cores/v1/drift_detector.py:249: in _check_quality_drift
    report = self.quality_gate.evaluate(latest, capability)
             ^^^^^^^^^^^^^^^^^^^^^^^^^^^^^^^^^^^^^^^^^^^^^^
cores/v1/quality_gate.py:93: in evaluate
    scores["drift_check"] = self._check_drift(skill_path, report)
                            ^^^^^^^^^^^^^^^^^^^^^^^^^^^^^^^^^^^^^
cores/v1/quality_gate.py:257: in _check_drift
    drift_report = detector.detect(capability)
                   ^^^^^^^^^^^^^^^^^^^^^^^^^^^
cores/v1/drift_detector.py:117: in detect
    quality_drift = self._check_quality_drift(capability, manifest)
                    ^^^^^^^^^^^^^^^^^^^^^^^^^^^^^^^^^^^^^^^^^^^^^^^
cores/v1/drift_detector.py:249: in _check_quality_drift
    report = self.quality_gate.evaluate(latest, capability)
             ^^^^^^^^^^^^^^^^^^^^^^^^^^^^^^^^^^^^^^^^^^^^^^
cores/v1/quality_gate.py:93: in evaluate
    scores["drift_check"] = self._check_drift(skill_path, report)
                            ^^^^^^^^^^^^^^^^^^^^^^^^^^^^^^^^^^^^^
cores/v1/quality_gate.py:257: in _check_drift
    drift_report = detector.detect(capability)
                   ^^^^^^^^^^^^^^^^^^^^^^^^^^^
cores/v1/drift_detector.py:117: in detect
    quality_drift = self._check_quality_drift(capability, manifest)
                    ^^^^^^^^^^^^^^^^^^^^^^^^^^^^^^^^^^^^^^^^^^^^^^^
cores/v1/drift_detector.py:249: in _check_quality_drift
    report = self.quality_gate.evaluate(latest, capability)
             ^^^^^^^^^^^^^^^^^^^^^^^^^^^^^^^^^^^^^^^^^^^^^^
cores/v1/quality_gate.py:93: in evaluate
    scores["drift_check"] = self._check_drift(skill_path, report)
                            ^^^^^^^^^^^^^^^^^^^^^^^^^^^^^^^^^^^^^
cores/v1/quality_gate.py:257: in _check_drift
    drift_report = detector.detect(capability)
                   ^^^^^^^^^^^^^^^^^^^^^^^^^^^
cores/v1/drift_detector.py:117: in detect
    quality_drift = self._check_quality_drift(capability, manifest)
                    ^^^^^^^^^^^^^^^^^^^^^^^^^^^^^^^^^^^^^^^^^^^^^^^
cores/v1/drift_detector.py:249: in _check_quality_drift
    report = self.quality_gate.evaluate(latest, capability)
             ^^^^^^^^^^^^^^^^^^^^^^^^^^^^^^^^^^^^^^^^^^^^^^
cores/v1/quality_gate.py:93: in evaluate
    scores["drift_check"] = self._check_drift(skill_path, report)
                            ^^^^^^^^^^^^^^^^^^^^^^^^^^^^^^^^^^^^^
cores/v1/quality_gate.py:257: in _check_drift
    drift_report = detector.detect(capability)
                   ^^^^^^^^^^^^^^^^^^^^^^^^^^^
cores/v1/drift_detector.py:117: in detect
    quality_drift = self._check_quality_drift(capability, manifest)
                    ^^^^^^^^^^^^^^^^^^^^^^^^^^^^^^^^^^^^^^^^^^^^^^^
cores/v1/drift_detector.py:249: in _check_quality_drift
    report = self.quality_gate.evaluate(latest, capability)
             ^^^^^^^^^^^^^^^^^^^^^^^^^^^^^^^^^^^^^^^^^^^^^^
cores/v1/quality_gate.py:93: in evaluate
    scores["drift_check"] = self._check_drift(skill_path, report)
                            ^^^^^^^^^^^^^^^^^^^^^^^^^^^^^^^^^^^^^
cores/v1/quality_gate.py:257: in _check_drift
    drift_report = detector.detect(capability)
                   ^^^^^^^^^^^^^^^^^^^^^^^^^^^
cores/v1/drift_detector.py:117: in detect
    quality_drift = self._check_quality_drift(capability, manifest)
                    ^^^^^^^^^^^^^^^^^^^^^^^^^^^^^^^^^^^^^^^^^^^^^^^
cores/v1/drift_detector.py:249: in _check_quality_drift
    report = self.quality_gate.evaluate(latest, capability)
             ^^^^^^^^^^^^^^^^^^^^^^^^^^^^^^^^^^^^^^^^^^^^^^
cores/v1/quality_gate.py:93: in evaluate
    scores["drift_check"] = self._check_drift(skill_path, report)
                            ^^^^^^^^^^^^^^^^^^^^^^^^^^^^^^^^^^^^^
cores/v1/quality_gate.py:257: in _check_drift
    drift_report = detector.detect(capability)
                   ^^^^^^^^^^^^^^^^^^^^^^^^^^^
cores/v1/drift_detector.py:117: in detect
    quality_drift = self._check_quality_drift(capability, manifest)
                    ^^^^^^^^^^^^^^^^^^^^^^^^^^^^^^^^^^^^^^^^^^^^^^^
cores/v1/drift_detector.py:249: in _check_quality_drift
    report = self.quality_gate.evaluate(latest, capability)
             ^^^^^^^^^^^^^^^^^^^^^^^^^^^^^^^^^^^^^^^^^^^^^^
cores/v1/quality_gate.py:93: in evaluate
    scores["drift_check"] = self._check_drift(skill_path, report)
                            ^^^^^^^^^^^^^^^^^^^^^^^^^^^^^^^^^^^^^
cores/v1/quality_gate.py:257: in _check_drift
    drift_report = detector.detect(capability)
                   ^^^^^^^^^^^^^^^^^^^^^^^^^^^
cores/v1/drift_detector.py:117: in detect
    quality_drift = self._check_quality_drift(capability, manifest)
                    ^^^^^^^^^^^^^^^^^^^^^^^^^^^^^^^^^^^^^^^^^^^^^^^
cores/v1/drift_detector.py:249: in _check_quality_drift
    report = self.quality_gate.evaluate(latest, capability)
             ^^^^^^^^^^^^^^^^^^^^^^^^^^^^^^^^^^^^^^^^^^^^^^
cores/v1/quality_gate.py:93: in evaluate
    scores["drift_check"] = self._check_drift(skill_path, report)
                            ^^^^^^^^^^^^^^^^^^^^^^^^^^^^^^^^^^^^^
cores/v1/quality_gate.py:257: in _check_drift
    drift_report = detector.detect(capability)
                   ^^^^^^^^^^^^^^^^^^^^^^^^^^^
cores/v1/drift_detector.py:117: in detect
    quality_drift = self._check_quality_drift(capability, manifest)
                    ^^^^^^^^^^^^^^^^^^^^^^^^^^^^^^^^^^^^^^^^^^^^^^^
cores/v1/drift_detector.py:249: in _check_quality_drift
    report = self.quality_gate.evaluate(latest, capability)
             ^^^^^^^^^^^^^^^^^^^^^^^^^^^^^^^^^^^^^^^^^^^^^^
cores/v1/quality_gate.py:93: in evaluate
    scores["drift_check"] = self._check_drift(skill_path, report)
                            ^^^^^^^^^^^^^^^^^^^^^^^^^^^^^^^^^^^^^
cores/v1/quality_gate.py:257: in _check_drift
    drift_report = detector.detect(capability)
                   ^^^^^^^^^^^^^^^^^^^^^^^^^^^
cores/v1/drift_detector.py:117: in detect
    quality_drift = self._check_quality_drift(capability, manifest)
                    ^^^^^^^^^^^^^^^^^^^^^^^^^^^^^^^^^^^^^^^^^^^^^^^
cores/v1/drift_detector.py:249: in _check_quality_drift
    report = self.quality_gate.evaluate(latest, capability)
             ^^^^^^^^^^^^^^^^^^^^^^^^^^^^^^^^^^^^^^^^^^^^^^
cores/v1/quality_gate.py:93: in evaluate
    scores["drift_check"] = self._check_drift(skill_path, report)
                            ^^^^^^^^^^^^^^^^^^^^^^^^^^^^^^^^^^^^^
cores/v1/quality_gate.py:257: in _check_drift
    drift_report = detector.detect(capability)
                   ^^^^^^^^^^^^^^^^^^^^^^^^^^^
cores/v1/drift_detector.py:117: in detect
    quality_drift = self._check_quality_drift(capability, manifest)
                    ^^^^^^^^^^^^^^^^^^^^^^^^^^^^^^^^^^^^^^^^^^^^^^^
cores/v1/drift_detector.py:249: in _check_quality_drift
    report = self.quality_gate.evaluate(latest, capability)
             ^^^^^^^^^^^^^^^^^^^^^^^^^^^^^^^^^^^^^^^^^^^^^^
cores/v1/quality_gate.py:93: in evaluate
    scores["drift_check"] = self._check_drift(skill_path, report)
                            ^^^^^^^^^^^^^^^^^^^^^^^^^^^^^^^^^^^^^
cores/v1/quality_gate.py:257: in _check_drift
    drift_report = detector.detect(capability)
                   ^^^^^^^^^^^^^^^^^^^^^^^^^^^
cores/v1/drift_detector.py:117: in detect
    quality_drift = self._check_quality_drift(capability, manifest)
                    ^^^^^^^^^^^^^^^^^^^^^^^^^^^^^^^^^^^^^^^^^^^^^^^
cores/v1/drift_detector.py:249: in _check_quality_drift
    report = self.quality_gate.evaluate(latest, capability)
             ^^^^^^^^^^^^^^^^^^^^^^^^^^^^^^^^^^^^^^^^^^^^^^
cores/v1/quality_gate.py:93: in evaluate
    scores["drift_check"] = self._check_drift(skill_path, report)
                            ^^^^^^^^^^^^^^^^^^^^^^^^^^^^^^^^^^^^^
cores/v1/quality_gate.py:257: in _check_drift
    drift_report = detector.detect(capability)
                   ^^^^^^^^^^^^^^^^^^^^^^^^^^^
cores/v1/drift_detector.py:117: in detect
    quality_drift = self._check_quality_drift(capability, manifest)
                    ^^^^^^^^^^^^^^^^^^^^^^^^^^^^^^^^^^^^^^^^^^^^^^^
cores/v1/drift_detector.py:249: in _check_quality_drift
    report = self.quality_gate.evaluate(latest, capability)
             ^^^^^^^^^^^^^^^^^^^^^^^^^^^^^^^^^^^^^^^^^^^^^^
cores/v1/quality_gate.py:93: in evaluate
    scores["drift_check"] = self._check_drift(skill_path, report)
                            ^^^^^^^^^^^^^^^^^^^^^^^^^^^^^^^^^^^^^
cores/v1/quality_gate.py:257: in _check_drift
    drift_report = detector.detect(capability)
                   ^^^^^^^^^^^^^^^^^^^^^^^^^^^
cores/v1/drift_detector.py:117: in detect
    quality_drift = self._check_quality_drift(capability, manifest)
                    ^^^^^^^^^^^^^^^^^^^^^^^^^^^^^^^^^^^^^^^^^^^^^^^
cores/v1/drift_detector.py:249: in _check_quality_drift
    report = self.quality_gate.evaluate(latest, capability)
             ^^^^^^^^^^^^^^^^^^^^^^^^^^^^^^^^^^^^^^^^^^^^^^
cores/v1/quality_gate.py:93: in evaluate
    scores["drift_check"] = self._check_drift(skill_path, report)
                            ^^^^^^^^^^^^^^^^^^^^^^^^^^^^^^^^^^^^^
cores/v1/quality_gate.py:257: in _check_drift
    drift_report = detector.detect(capability)
                   ^^^^^^^^^^^^^^^^^^^^^^^^^^^
cores/v1/drift_detector.py:117: in detect
    quality_drift = self._check_quality_drift(capability, manifest)
                    ^^^^^^^^^^^^^^^^^^^^^^^^^^^^^^^^^^^^^^^^^^^^^^^
cores/v1/drift_detector.py:249: in _check_quality_drift
    report = self.quality_gate.evaluate(latest, capability)
             ^^^^^^^^^^^^^^^^^^^^^^^^^^^^^^^^^^^^^^^^^^^^^^
cores/v1/quality_gate.py:93: in evaluate
    scores["drift_check"] = self._check_drift(skill_path, report)
                            ^^^^^^^^^^^^^^^^^^^^^^^^^^^^^^^^^^^^^
cores/v1/quality_gate.py:257: in _check_drift
    drift_report = detector.detect(capability)
                   ^^^^^^^^^^^^^^^^^^^^^^^^^^^
cores/v1/drift_detector.py:117: in detect
    quality_drift = self._check_quality_drift(capability, manifest)
                    ^^^^^^^^^^^^^^^^^^^^^^^^^^^^^^^^^^^^^^^^^^^^^^^
cores/v1/drift_detector.py:249: in _check_quality_drift
    report = self.quality_gate.evaluate(latest, capability)
             ^^^^^^^^^^^^^^^^^^^^^^^^^^^^^^^^^^^^^^^^^^^^^^
cores/v1/quality_gate.py:93: in evaluate
    scores["drift_check"] = self._check_drift(skill_path, report)
                            ^^^^^^^^^^^^^^^^^^^^^^^^^^^^^^^^^^^^^
cores/v1/quality_gate.py:257: in _check_drift
    drift_report = detector.detect(capability)
                   ^^^^^^^^^^^^^^^^^^^^^^^^^^^
cores/v1/drift_detector.py:117: in detect
    quality_drift = self._check_quality_drift(capability, manifest)
                    ^^^^^^^^^^^^^^^^^^^^^^^^^^^^^^^^^^^^^^^^^^^^^^^
cores/v1/drift_detector.py:249: in _check_quality_drift
    report = self.quality_gate.evaluate(latest, capability)
             ^^^^^^^^^^^^^^^^^^^^^^^^^^^^^^^^^^^^^^^^^^^^^^
cores/v1/quality_gate.py:93: in evaluate
    scores["drift_check"] = self._check_drift(skill_path, report)
                            ^^^^^^^^^^^^^^^^^^^^^^^^^^^^^^^^^^^^^
cores/v1/quality_gate.py:257: in _check_drift
    drift_report = detector.detect(capability)
                   ^^^^^^^^^^^^^^^^^^^^^^^^^^^
cores/v1/drift_detector.py:117: in detect
    quality_drift = self._check_quality_drift(capability, manifest)
                    ^^^^^^^^^^^^^^^^^^^^^^^^^^^^^^^^^^^^^^^^^^^^^^^
cores/v1/drift_detector.py:249: in _check_quality_drift
    report = self.quality_gate.evaluate(latest, capability)
             ^^^^^^^^^^^^^^^^^^^^^^^^^^^^^^^^^^^^^^^^^^^^^^
cores/v1/quality_gate.py:93: in evaluate
    scores["drift_check"] = self._check_drift(skill_path, report)
                            ^^^^^^^^^^^^^^^^^^^^^^^^^^^^^^^^^^^^^
cores/v1/quality_gate.py:257: in _check_drift
    drift_report = detector.detect(capability)
                   ^^^^^^^^^^^^^^^^^^^^^^^^^^^
cores/v1/drift_detector.py:117: in detect
    quality_drift = self._check_quality_drift(capability, manifest)
                    ^^^^^^^^^^^^^^^^^^^^^^^^^^^^^^^^^^^^^^^^^^^^^^^
cores/v1/drift_detector.py:249: in _check_quality_drift
    report = self.quality_gate.evaluate(latest, capability)
             ^^^^^^^^^^^^^^^^^^^^^^^^^^^^^^^^^^^^^^^^^^^^^^
cores/v1/quality_gate.py:93: in evaluate
    scores["drift_check"] = self._check_drift(skill_path, report)
                            ^^^^^^^^^^^^^^^^^^^^^^^^^^^^^^^^^^^^^
cores/v1/quality_gate.py:257: in _check_drift
    drift_report = detector.detect(capability)
                   ^^^^^^^^^^^^^^^^^^^^^^^^^^^
cores/v1/drift_detector.py:117: in detect
    quality_drift = self._check_quality_drift(capability, manifest)
                    ^^^^^^^^^^^^^^^^^^^^^^^^^^^^^^^^^^^^^^^^^^^^^^^
cores/v1/drift_detector.py:249: in _check_quality_drift
    report = self.quality_gate.evaluate(latest, capability)
             ^^^^^^^^^^^^^^^^^^^^^^^^^^^^^^^^^^^^^^^^^^^^^^
cores/v1/quality_gate.py:93: in evaluate
    scores["drift_check"] = self._check_drift(skill_path, report)
                            ^^^^^^^^^^^^^^^^^^^^^^^^^^^^^^^^^^^^^
cores/v1/quality_gate.py:257: in _check_drift
    drift_report = detector.detect(capability)
                   ^^^^^^^^^^^^^^^^^^^^^^^^^^^
cores/v1/drift_detector.py:117: in detect
    quality_drift = self._check_quality_drift(capability, manifest)
                    ^^^^^^^^^^^^^^^^^^^^^^^^^^^^^^^^^^^^^^^^^^^^^^^
cores/v1/drift_detector.py:249: in _check_quality_drift
    report = self.quality_gate.evaluate(latest, capability)
             ^^^^^^^^^^^^^^^^^^^^^^^^^^^^^^^^^^^^^^^^^^^^^^
cores/v1/quality_gate.py:93: in evaluate
    scores["drift_check"] = self._check_drift(skill_path, report)
                            ^^^^^^^^^^^^^^^^^^^^^^^^^^^^^^^^^^^^^
cores/v1/quality_gate.py:257: in _check_drift
    drift_report = detector.detect(capability)
                   ^^^^^^^^^^^^^^^^^^^^^^^^^^^
cores/v1/drift_detector.py:117: in detect
    quality_drift = self._check_quality_drift(capability, manifest)
                    ^^^^^^^^^^^^^^^^^^^^^^^^^^^^^^^^^^^^^^^^^^^^^^^
cores/v1/drift_detector.py:249: in _check_quality_drift
    report = self.quality_gate.evaluate(latest, capability)
             ^^^^^^^^^^^^^^^^^^^^^^^^^^^^^^^^^^^^^^^^^^^^^^
cores/v1/quality_gate.py:93: in evaluate
    scores["drift_check"] = self._check_drift(skill_path, report)
                            ^^^^^^^^^^^^^^^^^^^^^^^^^^^^^^^^^^^^^
cores/v1/quality_gate.py:257: in _check_drift
    drift_report = detector.detect(capability)
                   ^^^^^^^^^^^^^^^^^^^^^^^^^^^
cores/v1/drift_detector.py:117: in detect
    quality_drift = self._check_quality_drift(capability, manifest)
                    ^^^^^^^^^^^^^^^^^^^^^^^^^^^^^^^^^^^^^^^^^^^^^^^
cores/v1/drift_detector.py:249: in _check_quality_drift
    report = self.quality_gate.evaluate(latest, capability)
             ^^^^^^^^^^^^^^^^^^^^^^^^^^^^^^^^^^^^^^^^^^^^^^
cores/v1/quality_gate.py:93: in evaluate
    scores["drift_check"] = self._check_drift(skill_path, report)
                            ^^^^^^^^^^^^^^^^^^^^^^^^^^^^^^^^^^^^^
cores/v1/quality_gate.py:257: in _check_drift
    drift_report = detector.detect(capability)
                   ^^^^^^^^^^^^^^^^^^^^^^^^^^^
cores/v1/drift_detector.py:117: in detect
    quality_drift = self._check_quality_drift(capability, manifest)
                    ^^^^^^^^^^^^^^^^^^^^^^^^^^^^^^^^^^^^^^^^^^^^^^^
cores/v1/drift_detector.py:249: in _check_quality_drift
    report = self.quality_gate.evaluate(latest, capability)
             ^^^^^^^^^^^^^^^^^^^^^^^^^^^^^^^^^^^^^^^^^^^^^^
cores/v1/quality_gate.py:93: in evaluate
    scores["drift_check"] = self._check_drift(skill_path, report)
                            ^^^^^^^^^^^^^^^^^^^^^^^^^^^^^^^^^^^^^
cores/v1/quality_gate.py:257: in _check_drift
    drift_report = detector.detect(capability)
                   ^^^^^^^^^^^^^^^^^^^^^^^^^^^
cores/v1/drift_detector.py:117: in detect
    quality_drift = self._check_quality_drift(capability, manifest)
                    ^^^^^^^^^^^^^^^^^^^^^^^^^^^^^^^^^^^^^^^^^^^^^^^
cores/v1/drift_detector.py:249: in _check_quality_drift
    report = self.quality_gate.evaluate(latest, capability)
             ^^^^^^^^^^^^^^^^^^^^^^^^^^^^^^^^^^^^^^^^^^^^^^
cores/v1/quality_gate.py:93: in evaluate
    scores["drift_check"] = self._check_drift(skill_path, report)
                            ^^^^^^^^^^^^^^^^^^^^^^^^^^^^^^^^^^^^^
cores/v1/quality_gate.py:257: in _check_drift
    drift_report = detector.detect(capability)
                   ^^^^^^^^^^^^^^^^^^^^^^^^^^^
cores/v1/drift_detector.py:117: in detect
    quality_drift = self._check_quality_drift(capability, manifest)
                    ^^^^^^^^^^^^^^^^^^^^^^^^^^^^^^^^^^^^^^^^^^^^^^^
cores/v1/drift_detector.py:249: in _check_quality_drift
    report = self.quality_gate.evaluate(latest, capability)
             ^^^^^^^^^^^^^^^^^^^^^^^^^^^^^^^^^^^^^^^^^^^^^^
cores/v1/quality_gate.py:93: in evaluate
    scores["drift_check"] = self._check_drift(skill_path, report)
                            ^^^^^^^^^^^^^^^^^^^^^^^^^^^^^^^^^^^^^
cores/v1/quality_gate.py:257: in _check_drift
    drift_report = detector.detect(capability)
                   ^^^^^^^^^^^^^^^^^^^^^^^^^^^
cores/v1/drift_detector.py:117: in detect
    quality_drift = self._check_quality_drift(capability, manifest)
                    ^^^^^^^^^^^^^^^^^^^^^^^^^^^^^^^^^^^^^^^^^^^^^^^
cores/v1/drift_detector.py:249: in _check_quality_drift
    report = self.quality_gate.evaluate(latest, capability)
             ^^^^^^^^^^^^^^^^^^^^^^^^^^^^^^^^^^^^^^^^^^^^^^
cores/v1/quality_gate.py:93: in evaluate
    scores["drift_check"] = self._check_drift(skill_path, report)
                            ^^^^^^^^^^^^^^^^^^^^^^^^^^^^^^^^^^^^^
cores/v1/quality_gate.py:257: in _check_drift
    drift_report = detector.detect(capability)
                   ^^^^^^^^^^^^^^^^^^^^^^^^^^^
cores/v1/drift_detector.py:117: in detect
    quality_drift = self._check_quality_drift(capability, manifest)
                    ^^^^^^^^^^^^^^^^^^^^^^^^^^^^^^^^^^^^^^^^^^^^^^^
cores/v1/drift_detector.py:249: in _check_quality_drift
    report = self.quality_gate.evaluate(latest, capability)
             ^^^^^^^^^^^^^^^^^^^^^^^^^^^^^^^^^^^^^^^^^^^^^^
cores/v1/quality_gate.py:93: in evaluate
    scores["drift_check"] = self._check_drift(skill_path, report)
                            ^^^^^^^^^^^^^^^^^^^^^^^^^^^^^^^^^^^^^
cores/v1/quality_gate.py:257: in _check_drift
    drift_report = detector.detect(capability)
                   ^^^^^^^^^^^^^^^^^^^^^^^^^^^
cores/v1/drift_detector.py:117: in detect
    quality_drift = self._check_quality_drift(capability, manifest)
                    ^^^^^^^^^^^^^^^^^^^^^^^^^^^^^^^^^^^^^^^^^^^^^^^
cores/v1/drift_detector.py:249: in _check_quality_drift
    report = self.quality_gate.evaluate(latest, capability)
             ^^^^^^^^^^^^^^^^^^^^^^^^^^^^^^^^^^^^^^^^^^^^^^
cores/v1/quality_gate.py:93: in evaluate
    scores["drift_check"] = self._check_drift(skill_path, report)
                            ^^^^^^^^^^^^^^^^^^^^^^^^^^^^^^^^^^^^^
cores/v1/quality_gate.py:257: in _check_drift
    drift_report = detector.detect(capability)
                   ^^^^^^^^^^^^^^^^^^^^^^^^^^^
cores/v1/drift_detector.py:117: in detect
    quality_drift = self._check_quality_drift(capability, manifest)
                    ^^^^^^^^^^^^^^^^^^^^^^^^^^^^^^^^^^^^^^^^^^^^^^^
cores/v1/drift_detector.py:249: in _check_quality_drift
    report = self.quality_gate.evaluate(latest, capability)
             ^^^^^^^^^^^^^^^^^^^^^^^^^^^^^^^^^^^^^^^^^^^^^^
cores/v1/quality_gate.py:93: in evaluate
    scores["drift_check"] = self._check_drift(skill_path, report)
                            ^^^^^^^^^^^^^^^^^^^^^^^^^^^^^^^^^^^^^
cores/v1/quality_gate.py:257: in _check_drift
    drift_report = detector.detect(capability)
                   ^^^^^^^^^^^^^^^^^^^^^^^^^^^
cores/v1/drift_detector.py:117: in detect
    quality_drift = self._check_quality_drift(capability, manifest)
                    ^^^^^^^^^^^^^^^^^^^^^^^^^^^^^^^^^^^^^^^^^^^^^^^
cores/v1/drift_detector.py:249: in _check_quality_drift
    report = self.quality_gate.evaluate(latest, capability)
             ^^^^^^^^^^^^^^^^^^^^^^^^^^^^^^^^^^^^^^^^^^^^^^
cores/v1/quality_gate.py:93: in evaluate
    scores["drift_check"] = self._check_drift(skill_path, report)
                            ^^^^^^^^^^^^^^^^^^^^^^^^^^^^^^^^^^^^^
cores/v1/quality_gate.py:257: in _check_drift
    drift_report = detector.detect(capability)
                   ^^^^^^^^^^^^^^^^^^^^^^^^^^^
cores/v1/drift_detector.py:117: in detect
    quality_drift = self._check_quality_drift(capability, manifest)
                    ^^^^^^^^^^^^^^^^^^^^^^^^^^^^^^^^^^^^^^^^^^^^^^^
cores/v1/drift_detector.py:249: in _check_quality_drift
    report = self.quality_gate.evaluate(latest, capability)
             ^^^^^^^^^^^^^^^^^^^^^^^^^^^^^^^^^^^^^^^^^^^^^^
cores/v1/quality_gate.py:93: in evaluate
    scores["drift_check"] = self._check_drift(skill_path, report)
                            ^^^^^^^^^^^^^^^^^^^^^^^^^^^^^^^^^^^^^
cores/v1/quality_gate.py:257: in _check_drift
    drift_report = detector.detect(capability)
                   ^^^^^^^^^^^^^^^^^^^^^^^^^^^
cores/v1/drift_detector.py:117: in detect
    quality_drift = self._check_quality_drift(capability, manifest)
                    ^^^^^^^^^^^^^^^^^^^^^^^^^^^^^^^^^^^^^^^^^^^^^^^
cores/v1/drift_detector.py:249: in _check_quality_drift
    report = self.quality_gate.evaluate(latest, capability)
             ^^^^^^^^^^^^^^^^^^^^^^^^^^^^^^^^^^^^^^^^^^^^^^
cores/v1/quality_gate.py:93: in evaluate
    scores["drift_check"] = self._check_drift(skill_path, report)
                            ^^^^^^^^^^^^^^^^^^^^^^^^^^^^^^^^^^^^^
cores/v1/quality_gate.py:257: in _check_drift
    drift_report = detector.detect(capability)
                   ^^^^^^^^^^^^^^^^^^^^^^^^^^^
cores/v1/drift_detector.py:117: in detect
    quality_drift = self._check_quality_drift(capability, manifest)
                    ^^^^^^^^^^^^^^^^^^^^^^^^^^^^^^^^^^^^^^^^^^^^^^^
cores/v1/drift_detector.py:249: in _check_quality_drift
    report = self.quality_gate.evaluate(latest, capability)
             ^^^^^^^^^^^^^^^^^^^^^^^^^^^^^^^^^^^^^^^^^^^^^^
cores/v1/quality_gate.py:93: in evaluate
    scores["drift_check"] = self._check_drift(skill_path, report)
                            ^^^^^^^^^^^^^^^^^^^^^^^^^^^^^^^^^^^^^
cores/v1/quality_gate.py:257: in _check_drift
    drift_report = detector.detect(capability)
                   ^^^^^^^^^^^^^^^^^^^^^^^^^^^
cores/v1/drift_detector.py:117: in detect
    quality_drift = self._check_quality_drift(capability, manifest)
                    ^^^^^^^^^^^^^^^^^^^^^^^^^^^^^^^^^^^^^^^^^^^^^^^
cores/v1/drift_detector.py:249: in _check_quality_drift
    report = self.quality_gate.evaluate(latest, capability)
             ^^^^^^^^^^^^^^^^^^^^^^^^^^^^^^^^^^^^^^^^^^^^^^
cores/v1/quality_gate.py:93: in evaluate
    scores["drift_check"] = self._check_drift(skill_path, report)
                            ^^^^^^^^^^^^^^^^^^^^^^^^^^^^^^^^^^^^^
cores/v1/quality_gate.py:257: in _check_drift
    drift_report = detector.detect(capability)
                   ^^^^^^^^^^^^^^^^^^^^^^^^^^^
cores/v1/drift_detector.py:117: in detect
    quality_drift = self._check_quality_drift(capability, manifest)
                    ^^^^^^^^^^^^^^^^^^^^^^^^^^^^^^^^^^^^^^^^^^^^^^^
cores/v1/drift_detector.py:249: in _check_quality_drift
    report = self.quality_gate.evaluate(latest, capability)
             ^^^^^^^^^^^^^^^^^^^^^^^^^^^^^^^^^^^^^^^^^^^^^^
cores/v1/quality_gate.py:93: in evaluate
    scores["drift_check"] = self._check_drift(skill_path, report)
                            ^^^^^^^^^^^^^^^^^^^^^^^^^^^^^^^^^^^^^
cores/v1/quality_gate.py:257: in _check_drift
    drift_report = detector.detect(capability)
                   ^^^^^^^^^^^^^^^^^^^^^^^^^^^
cores/v1/drift_detector.py:117: in detect
    quality_drift = self._check_quality_drift(capability, manifest)
                    ^^^^^^^^^^^^^^^^^^^^^^^^^^^^^^^^^^^^^^^^^^^^^^^
cores/v1/drift_detector.py:249: in _check_quality_drift
    report = self.quality_gate.evaluate(latest, capability)
             ^^^^^^^^^^^^^^^^^^^^^^^^^^^^^^^^^^^^^^^^^^^^^^
cores/v1/quality_gate.py:93: in evaluate
    scores["drift_check"] = self._check_drift(skill_path, report)
                            ^^^^^^^^^^^^^^^^^^^^^^^^^^^^^^^^^^^^^
cores/v1/quality_gate.py:257: in _check_drift
    drift_report = detector.detect(capability)
                   ^^^^^^^^^^^^^^^^^^^^^^^^^^^
cores/v1/drift_detector.py:117: in detect
    quality_drift = self._check_quality_drift(capability, manifest)
                    ^^^^^^^^^^^^^^^^^^^^^^^^^^^^^^^^^^^^^^^^^^^^^^^
cores/v1/drift_detector.py:249: in _check_quality_drift
    report = self.quality_gate.evaluate(latest, capability)
             ^^^^^^^^^^^^^^^^^^^^^^^^^^^^^^^^^^^^^^^^^^^^^^
cores/v1/quality_gate.py:93: in evaluate
    scores["drift_check"] = self._check_drift(skill_path, report)
                            ^^^^^^^^^^^^^^^^^^^^^^^^^^^^^^^^^^^^^
cores/v1/quality_gate.py:257: in _check_drift
    drift_report = detector.detect(capability)
                   ^^^^^^^^^^^^^^^^^^^^^^^^^^^
cores/v1/drift_detector.py:117: in detect
    quality_drift = self._check_quality_drift(capability, manifest)
                    ^^^^^^^^^^^^^^^^^^^^^^^^^^^^^^^^^^^^^^^^^^^^^^^
cores/v1/drift_detector.py:249: in _check_quality_drift
    report = self.quality_gate.evaluate(latest, capability)
             ^^^^^^^^^^^^^^^^^^^^^^^^^^^^^^^^^^^^^^^^^^^^^^
cores/v1/quality_gate.py:93: in evaluate
    scores["drift_check"] = self._check_drift(skill_path, report)
                            ^^^^^^^^^^^^^^^^^^^^^^^^^^^^^^^^^^^^^
cores/v1/quality_gate.py:257: in _check_drift
    drift_report = detector.detect(capability)
                   ^^^^^^^^^^^^^^^^^^^^^^^^^^^
cores/v1/drift_detector.py:117: in detect
    quality_drift = self._check_quality_drift(capability, manifest)
                    ^^^^^^^^^^^^^^^^^^^^^^^^^^^^^^^^^^^^^^^^^^^^^^^
cores/v1/drift_detector.py:249: in _check_quality_drift
    report = self.quality_gate.evaluate(latest, capability)
             ^^^^^^^^^^^^^^^^^^^^^^^^^^^^^^^^^^^^^^^^^^^^^^
cores/v1/quality_gate.py:93: in evaluate
    scores["drift_check"] = self._check_drift(skill_path, report)
                            ^^^^^^^^^^^^^^^^^^^^^^^^^^^^^^^^^^^^^
cores/v1/quality_gate.py:257: in _check_drift
    drift_report = detector.detect(capability)
                   ^^^^^^^^^^^^^^^^^^^^^^^^^^^
cores/v1/drift_detector.py:117: in detect
    quality_drift = self._check_quality_drift(capability, manifest)
                    ^^^^^^^^^^^^^^^^^^^^^^^^^^^^^^^^^^^^^^^^^^^^^^^
cores/v1/drift_detector.py:249: in _check_quality_drift
    report = self.quality_gate.evaluate(latest, capability)
             ^^^^^^^^^^^^^^^^^^^^^^^^^^^^^^^^^^^^^^^^^^^^^^
cores/v1/quality_gate.py:93: in evaluate
    scores["drift_check"] = self._check_drift(skill_path, report)
                            ^^^^^^^^^^^^^^^^^^^^^^^^^^^^^^^^^^^^^
cores/v1/quality_gate.py:257: in _check_drift
    drift_report = detector.detect(capability)
                   ^^^^^^^^^^^^^^^^^^^^^^^^^^^
cores/v1/drift_detector.py:117: in detect
    quality_drift = self._check_quality_drift(capability, manifest)
                    ^^^^^^^^^^^^^^^^^^^^^^^^^^^^^^^^^^^^^^^^^^^^^^^
cores/v1/drift_detector.py:249: in _check_quality_drift
    report = self.quality_gate.evaluate(latest, capability)
             ^^^^^^^^^^^^^^^^^^^^^^^^^^^^^^^^^^^^^^^^^^^^^^
cores/v1/quality_gate.py:93: in evaluate
    scores["drift_check"] = self._check_drift(skill_path, report)
                            ^^^^^^^^^^^^^^^^^^^^^^^^^^^^^^^^^^^^^
cores/v1/quality_gate.py:257: in _check_drift
    drift_report = detector.detect(capability)
                   ^^^^^^^^^^^^^^^^^^^^^^^^^^^
cores/v1/drift_detector.py:117: in detect
    quality_drift = self._check_quality_drift(capability, manifest)
                    ^^^^^^^^^^^^^^^^^^^^^^^^^^^^^^^^^^^^^^^^^^^^^^^
cores/v1/drift_detector.py:249: in _check_quality_drift
    report = self.quality_gate.evaluate(latest, capability)
             ^^^^^^^^^^^^^^^^^^^^^^^^^^^^^^^^^^^^^^^^^^^^^^
cores/v1/quality_gate.py:93: in evaluate
    scores["drift_check"] = self._check_drift(skill_path, report)
                            ^^^^^^^^^^^^^^^^^^^^^^^^^^^^^^^^^^^^^
cores/v1/quality_gate.py:257: in _check_drift
    drift_report = detector.detect(capability)
                   ^^^^^^^^^^^^^^^^^^^^^^^^^^^
cores/v1/drift_detector.py:117: in detect
    quality_drift = self._check_quality_drift(capability, manifest)
                    ^^^^^^^^^^^^^^^^^^^^^^^^^^^^^^^^^^^^^^^^^^^^^^^
cores/v1/drift_detector.py:249: in _check_quality_drift
    report = self.quality_gate.evaluate(latest, capability)
             ^^^^^^^^^^^^^^^^^^^^^^^^^^^^^^^^^^^^^^^^^^^^^^
cores/v1/quality_gate.py:93: in evaluate
    scores["drift_check"] = self._check_drift(skill_path, report)
                            ^^^^^^^^^^^^^^^^^^^^^^^^^^^^^^^^^^^^^
cores/v1/quality_gate.py:257: in _check_drift
    drift_report = detector.detect(capability)
                   ^^^^^^^^^^^^^^^^^^^^^^^^^^^
cores/v1/drift_detector.py:117: in detect
    quality_drift = self._check_quality_drift(capability, manifest)
                    ^^^^^^^^^^^^^^^^^^^^^^^^^^^^^^^^^^^^^^^^^^^^^^^
cores/v1/drift_detector.py:249: in _check_quality_drift
    report = self.quality_gate.evaluate(latest, capability)
             ^^^^^^^^^^^^^^^^^^^^^^^^^^^^^^^^^^^^^^^^^^^^^^
cores/v1/quality_gate.py:93: in evaluate
    scores["drift_check"] = self._check_drift(skill_path, report)
                            ^^^^^^^^^^^^^^^^^^^^^^^^^^^^^^^^^^^^^
cores/v1/quality_gate.py:257: in _check_drift
    drift_report = detector.detect(capability)
                   ^^^^^^^^^^^^^^^^^^^^^^^^^^^
cores/v1/drift_detector.py:117: in detect
    quality_drift = self._check_quality_drift(capability, manifest)
                    ^^^^^^^^^^^^^^^^^^^^^^^^^^^^^^^^^^^^^^^^^^^^^^^
cores/v1/drift_detector.py:249: in _check_quality_drift
    report = self.quality_gate.evaluate(latest, capability)
             ^^^^^^^^^^^^^^^^^^^^^^^^^^^^^^^^^^^^^^^^^^^^^^
cores/v1/quality_gate.py:93: in evaluate
    scores["drift_check"] = self._check_drift(skill_path, report)
                            ^^^^^^^^^^^^^^^^^^^^^^^^^^^^^^^^^^^^^
cores/v1/quality_gate.py:257: in _check_drift
    drift_report = detector.detect(capability)
                   ^^^^^^^^^^^^^^^^^^^^^^^^^^^
cores/v1/drift_detector.py:117: in detect
    quality_drift = self._check_quality_drift(capability, manifest)
                    ^^^^^^^^^^^^^^^^^^^^^^^^^^^^^^^^^^^^^^^^^^^^^^^
cores/v1/drift_detector.py:249: in _check_quality_drift
    report = self.quality_gate.evaluate(latest, capability)
             ^^^^^^^^^^^^^^^^^^^^^^^^^^^^^^^^^^^^^^^^^^^^^^
cores/v1/quality_gate.py:93: in evaluate
    scores["drift_check"] = self._check_drift(skill_path, report)
                            ^^^^^^^^^^^^^^^^^^^^^^^^^^^^^^^^^^^^^
cores/v1/quality_gate.py:257: in _check_drift
    drift_report = detector.detect(capability)
                   ^^^^^^^^^^^^^^^^^^^^^^^^^^^
cores/v1/drift_detector.py:117: in detect
    quality_drift = self._check_quality_drift(capability, manifest)
                    ^^^^^^^^^^^^^^^^^^^^^^^^^^^^^^^^^^^^^^^^^^^^^^^
cores/v1/drift_detector.py:249: in _check_quality_drift
    report = self.quality_gate.evaluate(latest, capability)
             ^^^^^^^^^^^^^^^^^^^^^^^^^^^^^^^^^^^^^^^^^^^^^^
cores/v1/quality_gate.py:93: in evaluate
    scores["drift_check"] = self._check_drift(skill_path, report)
                            ^^^^^^^^^^^^^^^^^^^^^^^^^^^^^^^^^^^^^
cores/v1/quality_gate.py:257: in _check_drift
    drift_report = detector.detect(capability)
                   ^^^^^^^^^^^^^^^^^^^^^^^^^^^
cores/v1/drift_detector.py:117: in detect
    quality_drift = self._check_quality_drift(capability, manifest)
                    ^^^^^^^^^^^^^^^^^^^^^^^^^^^^^^^^^^^^^^^^^^^^^^^
cores/v1/drift_detector.py:249: in _check_quality_drift
    report = self.quality_gate.evaluate(latest, capability)
             ^^^^^^^^^^^^^^^^^^^^^^^^^^^^^^^^^^^^^^^^^^^^^^
cores/v1/quality_gate.py:93: in evaluate
    scores["drift_check"] = self._check_drift(skill_path, report)
                            ^^^^^^^^^^^^^^^^^^^^^^^^^^^^^^^^^^^^^
cores/v1/quality_gate.py:257: in _check_drift
    drift_report = detector.detect(capability)
                   ^^^^^^^^^^^^^^^^^^^^^^^^^^^
cores/v1/drift_detector.py:117: in detect
    quality_drift = self._check_quality_drift(capability, manifest)
                    ^^^^^^^^^^^^^^^^^^^^^^^^^^^^^^^^^^^^^^^^^^^^^^^
cores/v1/drift_detector.py:249: in _check_quality_drift
    report = self.quality_gate.evaluate(latest, capability)
             ^^^^^^^^^^^^^^^^^^^^^^^^^^^^^^^^^^^^^^^^^^^^^^
cores/v1/quality_gate.py:93: in evaluate
    scores["drift_check"] = self._check_drift(skill_path, report)
                            ^^^^^^^^^^^^^^^^^^^^^^^^^^^^^^^^^^^^^
cores/v1/quality_gate.py:257: in _check_drift
    drift_report = detector.detect(capability)
                   ^^^^^^^^^^^^^^^^^^^^^^^^^^^
cores/v1/drift_detector.py:117: in detect
    quality_drift = self._check_quality_drift(capability, manifest)
                    ^^^^^^^^^^^^^^^^^^^^^^^^^^^^^^^^^^^^^^^^^^^^^^^
cores/v1/drift_detector.py:249: in _check_quality_drift
    report = self.quality_gate.evaluate(latest, capability)
             ^^^^^^^^^^^^^^^^^^^^^^^^^^^^^^^^^^^^^^^^^^^^^^
cores/v1/quality_gate.py:93: in evaluate
    scores["drift_check"] = self._check_drift(skill_path, report)
                            ^^^^^^^^^^^^^^^^^^^^^^^^^^^^^^^^^^^^^
cores/v1/quality_gate.py:257: in _check_drift
    drift_report = detector.detect(capability)
                   ^^^^^^^^^^^^^^^^^^^^^^^^^^^
cores/v1/drift_detector.py:117: in detect
    quality_drift = self._check_quality_drift(capability, manifest)
                    ^^^^^^^^^^^^^^^^^^^^^^^^^^^^^^^^^^^^^^^^^^^^^^^
cores/v1/drift_detector.py:249: in _check_quality_drift
    report = self.quality_gate.evaluate(latest, capability)
             ^^^^^^^^^^^^^^^^^^^^^^^^^^^^^^^^^^^^^^^^^^^^^^
cores/v1/quality_gate.py:93: in evaluate
    scores["drift_check"] = self._check_drift(skill_path, report)
                            ^^^^^^^^^^^^^^^^^^^^^^^^^^^^^^^^^^^^^
cores/v1/quality_gate.py:257: in _check_drift
    drift_report = detector.detect(capability)
                   ^^^^^^^^^^^^^^^^^^^^^^^^^^^
cores/v1/drift_detector.py:117: in detect
    quality_drift = self._check_quality_drift(capability, manifest)
                    ^^^^^^^^^^^^^^^^^^^^^^^^^^^^^^^^^^^^^^^^^^^^^^^
cores/v1/drift_detector.py:249: in _check_quality_drift
    report = self.quality_gate.evaluate(latest, capability)
             ^^^^^^^^^^^^^^^^^^^^^^^^^^^^^^^^^^^^^^^^^^^^^^
cores/v1/quality_gate.py:93: in evaluate
    scores["drift_check"] = self._check_drift(skill_path, report)
                            ^^^^^^^^^^^^^^^^^^^^^^^^^^^^^^^^^^^^^
cores/v1/quality_gate.py:257: in _check_drift
    drift_report = detector.detect(capability)
                   ^^^^^^^^^^^^^^^^^^^^^^^^^^^
cores/v1/drift_detector.py:117: in detect
    quality_drift = self._check_quality_drift(capability, manifest)
                    ^^^^^^^^^^^^^^^^^^^^^^^^^^^^^^^^^^^^^^^^^^^^^^^
cores/v1/drift_detector.py:249: in _check_quality_drift
    report = self.quality_gate.evaluate(latest, capability)
             ^^^^^^^^^^^^^^^^^^^^^^^^^^^^^^^^^^^^^^^^^^^^^^
cores/v1/quality_gate.py:93: in evaluate
    scores["drift_check"] = self._check_drift(skill_path, report)
                            ^^^^^^^^^^^^^^^^^^^^^^^^^^^^^^^^^^^^^
cores/v1/quality_gate.py:257: in _check_drift
    drift_report = detector.detect(capability)
                   ^^^^^^^^^^^^^^^^^^^^^^^^^^^
cores/v1/drift_detector.py:117: in detect
    quality_drift = self._check_quality_drift(capability, manifest)
                    ^^^^^^^^^^^^^^^^^^^^^^^^^^^^^^^^^^^^^^^^^^^^^^^
cores/v1/drift_detector.py:249: in _check_quality_drift
    report = self.quality_gate.evaluate(latest, capability)
             ^^^^^^^^^^^^^^^^^^^^^^^^^^^^^^^^^^^^^^^^^^^^^^
cores/v1/quality_gate.py:93: in evaluate
    scores["drift_check"] = self._check_drift(skill_path, report)
                            ^^^^^^^^^^^^^^^^^^^^^^^^^^^^^^^^^^^^^
cores/v1/quality_gate.py:257: in _check_drift
    drift_report = detector.detect(capability)
                   ^^^^^^^^^^^^^^^^^^^^^^^^^^^
cores/v1/drift_detector.py:117: in detect
    quality_drift = self._check_quality_drift(capability, manifest)
                    ^^^^^^^^^^^^^^^^^^^^^^^^^^^^^^^^^^^^^^^^^^^^^^^
cores/v1/drift_detector.py:249: in _check_quality_drift
    report = self.quality_gate.evaluate(latest, capability)
             ^^^^^^^^^^^^^^^^^^^^^^^^^^^^^^^^^^^^^^^^^^^^^^
cores/v1/quality_gate.py:93: in evaluate
    scores["drift_check"] = self._check_drift(skill_path, report)
                            ^^^^^^^^^^^^^^^^^^^^^^^^^^^^^^^^^^^^^
cores/v1/quality_gate.py:257: in _check_drift
    drift_report = detector.detect(capability)
                   ^^^^^^^^^^^^^^^^^^^^^^^^^^^
cores/v1/drift_detector.py:117: in detect
    quality_drift = self._check_quality_drift(capability, manifest)
                    ^^^^^^^^^^^^^^^^^^^^^^^^^^^^^^^^^^^^^^^^^^^^^^^
cores/v1/drift_detector.py:249: in _check_quality_drift
    report = self.quality_gate.evaluate(latest, capability)
             ^^^^^^^^^^^^^^^^^^^^^^^^^^^^^^^^^^^^^^^^^^^^^^
cores/v1/quality_gate.py:93: in evaluate
    scores["drift_check"] = self._check_drift(skill_path, report)
                            ^^^^^^^^^^^^^^^^^^^^^^^^^^^^^^^^^^^^^
cores/v1/quality_gate.py:257: in _check_drift
    drift_report = detector.detect(capability)
                   ^^^^^^^^^^^^^^^^^^^^^^^^^^^
cores/v1/drift_detector.py:117: in detect
    quality_drift = self._check_quality_drift(capability, manifest)
                    ^^^^^^^^^^^^^^^^^^^^^^^^^^^^^^^^^^^^^^^^^^^^^^^
cores/v1/drift_detector.py:249: in _check_quality_drift
    report = self.quality_gate.evaluate(latest, capability)
             ^^^^^^^^^^^^^^^^^^^^^^^^^^^^^^^^^^^^^^^^^^^^^^
cores/v1/quality_gate.py:93: in evaluate
    scores["drift_check"] = self._check_drift(skill_path, report)
                            ^^^^^^^^^^^^^^^^^^^^^^^^^^^^^^^^^^^^^
cores/v1/quality_gate.py:257: in _check_drift
    drift_report = detector.detect(capability)
                   ^^^^^^^^^^^^^^^^^^^^^^^^^^^
cores/v1/drift_detector.py:117: in detect
    quality_drift = self._check_quality_drift(capability, manifest)
                    ^^^^^^^^^^^^^^^^^^^^^^^^^^^^^^^^^^^^^^^^^^^^^^^
cores/v1/drift_detector.py:249: in _check_quality_drift
    report = self.quality_gate.evaluate(latest, capability)
             ^^^^^^^^^^^^^^^^^^^^^^^^^^^^^^^^^^^^^^^^^^^^^^
cores/v1/quality_gate.py:93: in evaluate
    scores["drift_check"] = self._check_drift(skill_path, report)
                            ^^^^^^^^^^^^^^^^^^^^^^^^^^^^^^^^^^^^^
cores/v1/quality_gate.py:257: in _check_drift
    drift_report = detector.detect(capability)
                   ^^^^^^^^^^^^^^^^^^^^^^^^^^^
cores/v1/drift_detector.py:117: in detect
    quality_drift = self._check_quality_drift(capability, manifest)
                    ^^^^^^^^^^^^^^^^^^^^^^^^^^^^^^^^^^^^^^^^^^^^^^^
cores/v1/drift_detector.py:249: in _check_quality_drift
    report = self.quality_gate.evaluate(latest, capability)
             ^^^^^^^^^^^^^^^^^^^^^^^^^^^^^^^^^^^^^^^^^^^^^^
cores/v1/quality_gate.py:93: in evaluate
    scores["drift_check"] = self._check_drift(skill_path, report)
                            ^^^^^^^^^^^^^^^^^^^^^^^^^^^^^^^^^^^^^
cores/v1/quality_gate.py:257: in _check_drift
    drift_report = detector.detect(capability)
                   ^^^^^^^^^^^^^^^^^^^^^^^^^^^
cores/v1/drift_detector.py:117: in detect
    quality_drift = self._check_quality_drift(capability, manifest)
                    ^^^^^^^^^^^^^^^^^^^^^^^^^^^^^^^^^^^^^^^^^^^^^^^
cores/v1/drift_detector.py:249: in _check_quality_drift
    report = self.quality_gate.evaluate(latest, capability)
             ^^^^^^^^^^^^^^^^^^^^^^^^^^^^^^^^^^^^^^^^^^^^^^
cores/v1/quality_gate.py:93: in evaluate
    scores["drift_check"] = self._check_drift(skill_path, report)
                            ^^^^^^^^^^^^^^^^^^^^^^^^^^^^^^^^^^^^^
cores/v1/quality_gate.py:257: in _check_drift
    drift_report = detector.detect(capability)
                   ^^^^^^^^^^^^^^^^^^^^^^^^^^^
cores/v1/drift_detector.py:117: in detect
    quality_drift = self._check_quality_drift(capability, manifest)
                    ^^^^^^^^^^^^^^^^^^^^^^^^^^^^^^^^^^^^^^^^^^^^^^^
cores/v1/drift_detector.py:249: in _check_quality_drift
    report = self.quality_gate.evaluate(latest, capability)
             ^^^^^^^^^^^^^^^^^^^^^^^^^^^^^^^^^^^^^^^^^^^^^^
cores/v1/quality_gate.py:93: in evaluate
    scores["drift_check"] = self._check_drift(skill_path, report)
                            ^^^^^^^^^^^^^^^^^^^^^^^^^^^^^^^^^^^^^
cores/v1/quality_gate.py:257: in _check_drift
    drift_report = detector.detect(capability)
                   ^^^^^^^^^^^^^^^^^^^^^^^^^^^
cores/v1/drift_detector.py:117: in detect
    quality_drift = self._check_quality_drift(capability, manifest)
                    ^^^^^^^^^^^^^^^^^^^^^^^^^^^^^^^^^^^^^^^^^^^^^^^
cores/v1/drift_detector.py:249: in _check_quality_drift
    report = self.quality_gate.evaluate(latest, capability)
             ^^^^^^^^^^^^^^^^^^^^^^^^^^^^^^^^^^^^^^^^^^^^^^
cores/v1/quality_gate.py:93: in evaluate
    scores["drift_check"] = self._check_drift(skill_path, report)
                            ^^^^^^^^^^^^^^^^^^^^^^^^^^^^^^^^^^^^^
cores/v1/quality_gate.py:257: in _check_drift
    drift_report = detector.detect(capability)
                   ^^^^^^^^^^^^^^^^^^^^^^^^^^^
cores/v1/drift_detector.py:117: in detect
    quality_drift = self._check_quality_drift(capability, manifest)
                    ^^^^^^^^^^^^^^^^^^^^^^^^^^^^^^^^^^^^^^^^^^^^^^^
cores/v1/drift_detector.py:249: in _check_quality_drift
    report = self.quality_gate.evaluate(latest, capability)
             ^^^^^^^^^^^^^^^^^^^^^^^^^^^^^^^^^^^^^^^^^^^^^^
cores/v1/quality_gate.py:93: in evaluate
    scores["drift_check"] = self._check_drift(skill_path, report)
                            ^^^^^^^^^^^^^^^^^^^^^^^^^^^^^^^^^^^^^
cores/v1/quality_gate.py:257: in _check_drift
    drift_report = detector.detect(capability)
                   ^^^^^^^^^^^^^^^^^^^^^^^^^^^
cores/v1/drift_detector.py:117: in detect
    quality_drift = self._check_quality_drift(capability, manifest)
                    ^^^^^^^^^^^^^^^^^^^^^^^^^^^^^^^^^^^^^^^^^^^^^^^
cores/v1/drift_detector.py:249: in _check_quality_drift
    report = self.quality_gate.evaluate(latest, capability)
             ^^^^^^^^^^^^^^^^^^^^^^^^^^^^^^^^^^^^^^^^^^^^^^
cores/v1/quality_gate.py:93: in evaluate
    scores["drift_check"] = self._check_drift(skill_path, report)
                            ^^^^^^^^^^^^^^^^^^^^^^^^^^^^^^^^^^^^^
cores/v1/quality_gate.py:257: in _check_drift
    drift_report = detector.detect(capability)
                   ^^^^^^^^^^^^^^^^^^^^^^^^^^^
cores/v1/drift_detector.py:117: in detect
    quality_drift = self._check_quality_drift(capability, manifest)
                    ^^^^^^^^^^^^^^^^^^^^^^^^^^^^^^^^^^^^^^^^^^^^^^^
cores/v1/drift_detector.py:249: in _check_quality_drift
    report = self.quality_gate.evaluate(latest, capability)
             ^^^^^^^^^^^^^^^^^^^^^^^^^^^^^^^^^^^^^^^^^^^^^^
cores/v1/quality_gate.py:93: in evaluate
    scores["drift_check"] = self._check_drift(skill_path, report)
                            ^^^^^^^^^^^^^^^^^^^^^^^^^^^^^^^^^^^^^
cores/v1/quality_gate.py:257: in _check_drift
    drift_report = detector.detect(capability)
                   ^^^^^^^^^^^^^^^^^^^^^^^^^^^
cores/v1/drift_detector.py:117: in detect
    quality_drift = self._check_quality_drift(capability, manifest)
                    ^^^^^^^^^^^^^^^^^^^^^^^^^^^^^^^^^^^^^^^^^^^^^^^
cores/v1/drift_detector.py:249: in _check_quality_drift
    report = self.quality_gate.evaluate(latest, capability)
             ^^^^^^^^^^^^^^^^^^^^^^^^^^^^^^^^^^^^^^^^^^^^^^
cores/v1/quality_gate.py:93: in evaluate
    scores["drift_check"] = self._check_drift(skill_path, report)
                            ^^^^^^^^^^^^^^^^^^^^^^^^^^^^^^^^^^^^^
cores/v1/quality_gate.py:257: in _check_drift
    drift_report = detector.detect(capability)
                   ^^^^^^^^^^^^^^^^^^^^^^^^^^^
cores/v1/drift_detector.py:117: in detect
    quality_drift = self._check_quality_drift(capability, manifest)
                    ^^^^^^^^^^^^^^^^^^^^^^^^^^^^^^^^^^^^^^^^^^^^^^^
cores/v1/drift_detector.py:249: in _check_quality_drift
    report = self.quality_gate.evaluate(latest, capability)
             ^^^^^^^^^^^^^^^^^^^^^^^^^^^^^^^^^^^^^^^^^^^^^^
cores/v1/quality_gate.py:93: in evaluate
    scores["drift_check"] = self._check_drift(skill_path, report)
                            ^^^^^^^^^^^^^^^^^^^^^^^^^^^^^^^^^^^^^
cores/v1/quality_gate.py:257: in _check_drift
    drift_report = detector.detect(capability)
                   ^^^^^^^^^^^^^^^^^^^^^^^^^^^
cores/v1/drift_detector.py:117: in detect
    quality_drift = self._check_quality_drift(capability, manifest)
                    ^^^^^^^^^^^^^^^^^^^^^^^^^^^^^^^^^^^^^^^^^^^^^^^
cores/v1/drift_detector.py:249: in _check_quality_drift
    report = self.quality_gate.evaluate(latest, capability)
             ^^^^^^^^^^^^^^^^^^^^^^^^^^^^^^^^^^^^^^^^^^^^^^
cores/v1/quality_gate.py:93: in evaluate
    scores["drift_check"] = self._check_drift(skill_path, report)
                            ^^^^^^^^^^^^^^^^^^^^^^^^^^^^^^^^^^^^^
cores/v1/quality_gate.py:257: in _check_drift
    drift_report = detector.detect(capability)
                   ^^^^^^^^^^^^^^^^^^^^^^^^^^^
cores/v1/drift_detector.py:117: in detect
    quality_drift = self._check_quality_drift(capability, manifest)
                    ^^^^^^^^^^^^^^^^^^^^^^^^^^^^^^^^^^^^^^^^^^^^^^^
cores/v1/drift_detector.py:249: in _check_quality_drift
    report = self.quality_gate.evaluate(latest, capability)
             ^^^^^^^^^^^^^^^^^^^^^^^^^^^^^^^^^^^^^^^^^^^^^^
cores/v1/quality_gate.py:93: in evaluate
    scores["drift_check"] = self._check_drift(skill_path, report)
                            ^^^^^^^^^^^^^^^^^^^^^^^^^^^^^^^^^^^^^
cores/v1/quality_gate.py:257: in _check_drift
    drift_report = detector.detect(capability)
                   ^^^^^^^^^^^^^^^^^^^^^^^^^^^
cores/v1/drift_detector.py:117: in detect
    quality_drift = self._check_quality_drift(capability, manifest)
                    ^^^^^^^^^^^^^^^^^^^^^^^^^^^^^^^^^^^^^^^^^^^^^^^
cores/v1/drift_detector.py:249: in _check_quality_drift
    report = self.quality_gate.evaluate(latest, capability)
             ^^^^^^^^^^^^^^^^^^^^^^^^^^^^^^^^^^^^^^^^^^^^^^
cores/v1/quality_gate.py:93: in evaluate
    scores["drift_check"] = self._check_drift(skill_path, report)
                            ^^^^^^^^^^^^^^^^^^^^^^^^^^^^^^^^^^^^^
cores/v1/quality_gate.py:257: in _check_drift
    drift_report = detector.detect(capability)
                   ^^^^^^^^^^^^^^^^^^^^^^^^^^^
cores/v1/drift_detector.py:117: in detect
    quality_drift = self._check_quality_drift(capability, manifest)
                    ^^^^^^^^^^^^^^^^^^^^^^^^^^^^^^^^^^^^^^^^^^^^^^^
cores/v1/drift_detector.py:249: in _check_quality_drift
    report = self.quality_gate.evaluate(latest, capability)
             ^^^^^^^^^^^^^^^^^^^^^^^^^^^^^^^^^^^^^^^^^^^^^^
cores/v1/quality_gate.py:93: in evaluate
    scores["drift_check"] = self._check_drift(skill_path, report)
                            ^^^^^^^^^^^^^^^^^^^^^^^^^^^^^^^^^^^^^
cores/v1/quality_gate.py:257: in _check_drift
    drift_report = detector.detect(capability)
                   ^^^^^^^^^^^^^^^^^^^^^^^^^^^
cores/v1/drift_detector.py:117: in detect
    quality_drift = self._check_quality_drift(capability, manifest)
                    ^^^^^^^^^^^^^^^^^^^^^^^^^^^^^^^^^^^^^^^^^^^^^^^
cores/v1/drift_detector.py:249: in _check_quality_drift
    report = self.quality_gate.evaluate(latest, capability)
             ^^^^^^^^^^^^^^^^^^^^^^^^^^^^^^^^^^^^^^^^^^^^^^
cores/v1/quality_gate.py:93: in evaluate
    scores["drift_check"] = self._check_drift(skill_path, report)
                            ^^^^^^^^^^^^^^^^^^^^^^^^^^^^^^^^^^^^^
cores/v1/quality_gate.py:257: in _check_drift
    drift_report = detector.detect(capability)
                   ^^^^^^^^^^^^^^^^^^^^^^^^^^^
cores/v1/drift_detector.py:117: in detect
    quality_drift = self._check_quality_drift(capability, manifest)
                    ^^^^^^^^^^^^^^^^^^^^^^^^^^^^^^^^^^^^^^^^^^^^^^^
cores/v1/drift_detector.py:249: in _check_quality_drift
    report = self.quality_gate.evaluate(latest, capability)
             ^^^^^^^^^^^^^^^^^^^^^^^^^^^^^^^^^^^^^^^^^^^^^^
cores/v1/quality_gate.py:93: in evaluate
    scores["drift_check"] = self._check_drift(skill_path, report)
                            ^^^^^^^^^^^^^^^^^^^^^^^^^^^^^^^^^^^^^
cores/v1/quality_gate.py:257: in _check_drift
    drift_report = detector.detect(capability)
                   ^^^^^^^^^^^^^^^^^^^^^^^^^^^
cores/v1/drift_detector.py:117: in detect
    quality_drift = self._check_quality_drift(capability, manifest)
                    ^^^^^^^^^^^^^^^^^^^^^^^^^^^^^^^^^^^^^^^^^^^^^^^
cores/v1/drift_detector.py:249: in _check_quality_drift
    report = self.quality_gate.evaluate(latest, capability)
             ^^^^^^^^^^^^^^^^^^^^^^^^^^^^^^^^^^^^^^^^^^^^^^
cores/v1/quality_gate.py:93: in evaluate
    scores["drift_check"] = self._check_drift(skill_path, report)
                            ^^^^^^^^^^^^^^^^^^^^^^^^^^^^^^^^^^^^^
cores/v1/quality_gate.py:257: in _check_drift
    drift_report = detector.detect(capability)
                   ^^^^^^^^^^^^^^^^^^^^^^^^^^^
cores/v1/drift_detector.py:117: in detect
    quality_drift = self._check_quality_drift(capability, manifest)
                    ^^^^^^^^^^^^^^^^^^^^^^^^^^^^^^^^^^^^^^^^^^^^^^^
cores/v1/drift_detector.py:249: in _check_quality_drift
    report = self.quality_gate.evaluate(latest, capability)
             ^^^^^^^^^^^^^^^^^^^^^^^^^^^^^^^^^^^^^^^^^^^^^^
cores/v1/quality_gate.py:93: in evaluate
    scores["drift_check"] = self._check_drift(skill_path, report)
                            ^^^^^^^^^^^^^^^^^^^^^^^^^^^^^^^^^^^^^
cores/v1/quality_gate.py:257: in _check_drift
    drift_report = detector.detect(capability)
                   ^^^^^^^^^^^^^^^^^^^^^^^^^^^
cores/v1/drift_detector.py:117: in detect
    quality_drift = self._check_quality_drift(capability, manifest)
                    ^^^^^^^^^^^^^^^^^^^^^^^^^^^^^^^^^^^^^^^^^^^^^^^
cores/v1/drift_detector.py:249: in _check_quality_drift
    report = self.quality_gate.evaluate(latest, capability)
             ^^^^^^^^^^^^^^^^^^^^^^^^^^^^^^^^^^^^^^^^^^^^^^
cores/v1/quality_gate.py:93: in evaluate
    scores["drift_check"] = self._check_drift(skill_path, report)
                            ^^^^^^^^^^^^^^^^^^^^^^^^^^^^^^^^^^^^^
cores/v1/quality_gate.py:257: in _check_drift
    drift_report = detector.detect(capability)
                   ^^^^^^^^^^^^^^^^^^^^^^^^^^^
cores/v1/drift_detector.py:117: in detect
    quality_drift = self._check_quality_drift(capability, manifest)
                    ^^^^^^^^^^^^^^^^^^^^^^^^^^^^^^^^^^^^^^^^^^^^^^^
cores/v1/drift_detector.py:249: in _check_quality_drift
    report = self.quality_gate.evaluate(latest, capability)
             ^^^^^^^^^^^^^^^^^^^^^^^^^^^^^^^^^^^^^^^^^^^^^^
cores/v1/quality_gate.py:93: in evaluate
    scores["drift_check"] = self._check_drift(skill_path, report)
                            ^^^^^^^^^^^^^^^^^^^^^^^^^^^^^^^^^^^^^
cores/v1/quality_gate.py:257: in _check_drift
    drift_report = detector.detect(capability)
                   ^^^^^^^^^^^^^^^^^^^^^^^^^^^
cores/v1/drift_detector.py:117: in detect
    quality_drift = self._check_quality_drift(capability, manifest)
                    ^^^^^^^^^^^^^^^^^^^^^^^^^^^^^^^^^^^^^^^^^^^^^^^
cores/v1/drift_detector.py:249: in _check_quality_drift
    report = self.quality_gate.evaluate(latest, capability)
             ^^^^^^^^^^^^^^^^^^^^^^^^^^^^^^^^^^^^^^^^^^^^^^
cores/v1/quality_gate.py:93: in evaluate
    scores["drift_check"] = self._check_drift(skill_path, report)
                            ^^^^^^^^^^^^^^^^^^^^^^^^^^^^^^^^^^^^^
cores/v1/quality_gate.py:257: in _check_drift
    drift_report = detector.detect(capability)
                   ^^^^^^^^^^^^^^^^^^^^^^^^^^^
cores/v1/drift_detector.py:117: in detect
    quality_drift = self._check_quality_drift(capability, manifest)
                    ^^^^^^^^^^^^^^^^^^^^^^^^^^^^^^^^^^^^^^^^^^^^^^^
cores/v1/drift_detector.py:249: in _check_quality_drift
    report = self.quality_gate.evaluate(latest, capability)
             ^^^^^^^^^^^^^^^^^^^^^^^^^^^^^^^^^^^^^^^^^^^^^^
cores/v1/quality_gate.py:93: in evaluate
    scores["drift_check"] = self._check_drift(skill_path, report)
                            ^^^^^^^^^^^^^^^^^^^^^^^^^^^^^^^^^^^^^
cores/v1/quality_gate.py:257: in _check_drift
    drift_report = detector.detect(capability)
                   ^^^^^^^^^^^^^^^^^^^^^^^^^^^
cores/v1/drift_detector.py:117: in detect
    quality_drift = self._check_quality_drift(capability, manifest)
                    ^^^^^^^^^^^^^^^^^^^^^^^^^^^^^^^^^^^^^^^^^^^^^^^
cores/v1/drift_detector.py:249: in _check_quality_drift
    report = self.quality_gate.evaluate(latest, capability)
             ^^^^^^^^^^^^^^^^^^^^^^^^^^^^^^^^^^^^^^^^^^^^^^
cores/v1/quality_gate.py:93: in evaluate
    scores["drift_check"] = self._check_drift(skill_path, report)
                            ^^^^^^^^^^^^^^^^^^^^^^^^^^^^^^^^^^^^^
cores/v1/quality_gate.py:257: in _check_drift
    drift_report = detector.detect(capability)
                   ^^^^^^^^^^^^^^^^^^^^^^^^^^^
cores/v1/drift_detector.py:117: in detect
    quality_drift = self._check_quality_drift(capability, manifest)
                    ^^^^^^^^^^^^^^^^^^^^^^^^^^^^^^^^^^^^^^^^^^^^^^^
cores/v1/drift_detector.py:249: in _check_quality_drift
    report = self.quality_gate.evaluate(latest, capability)
             ^^^^^^^^^^^^^^^^^^^^^^^^^^^^^^^^^^^^^^^^^^^^^^
cores/v1/quality_gate.py:93: in evaluate
    scores["drift_check"] = self._check_drift(skill_path, report)
                            ^^^^^^^^^^^^^^^^^^^^^^^^^^^^^^^^^^^^^
cores/v1/quality_gate.py:257: in _check_drift
    drift_report = detector.detect(capability)
                   ^^^^^^^^^^^^^^^^^^^^^^^^^^^
cores/v1/drift_detector.py:117: in detect
    quality_drift = self._check_quality_drift(capability, manifest)
                    ^^^^^^^^^^^^^^^^^^^^^^^^^^^^^^^^^^^^^^^^^^^^^^^
cores/v1/drift_detector.py:249: in _check_quality_drift
    report = self.quality_gate.evaluate(latest, capability)
             ^^^^^^^^^^^^^^^^^^^^^^^^^^^^^^^^^^^^^^^^^^^^^^
cores/v1/quality_gate.py:93: in evaluate
    scores["drift_check"] = self._check_drift(skill_path, report)
                            ^^^^^^^^^^^^^^^^^^^^^^^^^^^^^^^^^^^^^
cores/v1/quality_gate.py:257: in _check_drift
    drift_report = detector.detect(capability)
                   ^^^^^^^^^^^^^^^^^^^^^^^^^^^
cores/v1/drift_detector.py:117: in detect
    quality_drift = self._check_quality_drift(capability, manifest)
                    ^^^^^^^^^^^^^^^^^^^^^^^^^^^^^^^^^^^^^^^^^^^^^^^
cores/v1/drift_detector.py:249: in _check_quality_drift
    report = self.quality_gate.evaluate(latest, capability)
             ^^^^^^^^^^^^^^^^^^^^^^^^^^^^^^^^^^^^^^^^^^^^^^
cores/v1/quality_gate.py:93: in evaluate
    scores["drift_check"] = self._check_drift(skill_path, report)
                            ^^^^^^^^^^^^^^^^^^^^^^^^^^^^^^^^^^^^^
cores/v1/quality_gate.py:257: in _check_drift
    drift_report = detector.detect(capability)
                   ^^^^^^^^^^^^^^^^^^^^^^^^^^^
cores/v1/drift_detector.py:117: in detect
    quality_drift = self._check_quality_drift(capability, manifest)
                    ^^^^^^^^^^^^^^^^^^^^^^^^^^^^^^^^^^^^^^^^^^^^^^^
cores/v1/drift_detector.py:249: in _check_quality_drift
    report = self.quality_gate.evaluate(latest, capability)
             ^^^^^^^^^^^^^^^^^^^^^^^^^^^^^^^^^^^^^^^^^^^^^^
cores/v1/quality_gate.py:93: in evaluate
    scores["drift_check"] = self._check_drift(skill_path, report)
                            ^^^^^^^^^^^^^^^^^^^^^^^^^^^^^^^^^^^^^
cores/v1/quality_gate.py:257: in _check_drift
    drift_report = detector.detect(capability)
                   ^^^^^^^^^^^^^^^^^^^^^^^^^^^
cores/v1/drift_detector.py:117: in detect
    quality_drift = self._check_quality_drift(capability, manifest)
                    ^^^^^^^^^^^^^^^^^^^^^^^^^^^^^^^^^^^^^^^^^^^^^^^
cores/v1/drift_detector.py:249: in _check_quality_drift
    report = self.quality_gate.evaluate(latest, capability)
             ^^^^^^^^^^^^^^^^^^^^^^^^^^^^^^^^^^^^^^^^^^^^^^
cores/v1/quality_gate.py:93: in evaluate
    scores["drift_check"] = self._check_drift(skill_path, report)
                            ^^^^^^^^^^^^^^^^^^^^^^^^^^^^^^^^^^^^^
cores/v1/quality_gate.py:257: in _check_drift
    drift_report = detector.detect(capability)
                   ^^^^^^^^^^^^^^^^^^^^^^^^^^^
cores/v1/drift_detector.py:117: in detect
    quality_drift = self._check_quality_drift(capability, manifest)
                    ^^^^^^^^^^^^^^^^^^^^^^^^^^^^^^^^^^^^^^^^^^^^^^^
cores/v1/drift_detector.py:249: in _check_quality_drift
    report = self.quality_gate.evaluate(latest, capability)
             ^^^^^^^^^^^^^^^^^^^^^^^^^^^^^^^^^^^^^^^^^^^^^^
cores/v1/quality_gate.py:93: in evaluate
    scores["drift_check"] = self._check_drift(skill_path, report)
                            ^^^^^^^^^^^^^^^^^^^^^^^^^^^^^^^^^^^^^
cores/v1/quality_gate.py:257: in _check_drift
    drift_report = detector.detect(capability)
                   ^^^^^^^^^^^^^^^^^^^^^^^^^^^
cores/v1/drift_detector.py:117: in detect
    quality_drift = self._check_quality_drift(capability, manifest)
                    ^^^^^^^^^^^^^^^^^^^^^^^^^^^^^^^^^^^^^^^^^^^^^^^
cores/v1/drift_detector.py:249: in _check_quality_drift
    report = self.quality_gate.evaluate(latest, capability)
             ^^^^^^^^^^^^^^^^^^^^^^^^^^^^^^^^^^^^^^^^^^^^^^
cores/v1/quality_gate.py:93: in evaluate
    scores["drift_check"] = self._check_drift(skill_path, report)
                            ^^^^^^^^^^^^^^^^^^^^^^^^^^^^^^^^^^^^^
cores/v1/quality_gate.py:257: in _check_drift
    drift_report = detector.detect(capability)
                   ^^^^^^^^^^^^^^^^^^^^^^^^^^^
cores/v1/drift_detector.py:117: in detect
    quality_drift = self._check_quality_drift(capability, manifest)
                    ^^^^^^^^^^^^^^^^^^^^^^^^^^^^^^^^^^^^^^^^^^^^^^^
cores/v1/drift_detector.py:249: in _check_quality_drift
    report = self.quality_gate.evaluate(latest, capability)
             ^^^^^^^^^^^^^^^^^^^^^^^^^^^^^^^^^^^^^^^^^^^^^^
cores/v1/quality_gate.py:93: in evaluate
    scores["drift_check"] = self._check_drift(skill_path, report)
                            ^^^^^^^^^^^^^^^^^^^^^^^^^^^^^^^^^^^^^
cores/v1/quality_gate.py:257: in _check_drift
    drift_report = detector.detect(capability)
                   ^^^^^^^^^^^^^^^^^^^^^^^^^^^
cores/v1/drift_detector.py:117: in detect
    quality_drift = self._check_quality_drift(capability, manifest)
                    ^^^^^^^^^^^^^^^^^^^^^^^^^^^^^^^^^^^^^^^^^^^^^^^
cores/v1/drift_detector.py:249: in _check_quality_drift
    report = self.quality_gate.evaluate(latest, capability)
             ^^^^^^^^^^^^^^^^^^^^^^^^^^^^^^^^^^^^^^^^^^^^^^
cores/v1/quality_gate.py:93: in evaluate
    scores["drift_check"] = self._check_drift(skill_path, report)
                            ^^^^^^^^^^^^^^^^^^^^^^^^^^^^^^^^^^^^^
cores/v1/quality_gate.py:257: in _check_drift
    drift_report = detector.detect(capability)
                   ^^^^^^^^^^^^^^^^^^^^^^^^^^^
cores/v1/drift_detector.py:117: in detect
    quality_drift = self._check_quality_drift(capability, manifest)
                    ^^^^^^^^^^^^^^^^^^^^^^^^^^^^^^^^^^^^^^^^^^^^^^^
cores/v1/drift_detector.py:249: in _check_quality_drift
    report = self.quality_gate.evaluate(latest, capability)
             ^^^^^^^^^^^^^^^^^^^^^^^^^^^^^^^^^^^^^^^^^^^^^^
cores/v1/quality_gate.py:93: in evaluate
    scores["drift_check"] = self._check_drift(skill_path, report)
                            ^^^^^^^^^^^^^^^^^^^^^^^^^^^^^^^^^^^^^
cores/v1/quality_gate.py:257: in _check_drift
    drift_report = detector.detect(capability)
                   ^^^^^^^^^^^^^^^^^^^^^^^^^^^
cores/v1/drift_detector.py:117: in detect
    quality_drift = self._check_quality_drift(capability, manifest)
                    ^^^^^^^^^^^^^^^^^^^^^^^^^^^^^^^^^^^^^^^^^^^^^^^
cores/v1/drift_detector.py:249: in _check_quality_drift
    report = self.quality_gate.evaluate(latest, capability)
             ^^^^^^^^^^^^^^^^^^^^^^^^^^^^^^^^^^^^^^^^^^^^^^
cores/v1/quality_gate.py:93: in evaluate
    scores["drift_check"] = self._check_drift(skill_path, report)
                            ^^^^^^^^^^^^^^^^^^^^^^^^^^^^^^^^^^^^^
cores/v1/quality_gate.py:257: in _check_drift
    drift_report = detector.detect(capability)
                   ^^^^^^^^^^^^^^^^^^^^^^^^^^^
cores/v1/drift_detector.py:117: in detect
    quality_drift = self._check_quality_drift(capability, manifest)
                    ^^^^^^^^^^^^^^^^^^^^^^^^^^^^^^^^^^^^^^^^^^^^^^^
cores/v1/drift_detector.py:249: in _check_quality_drift
    report = self.quality_gate.evaluate(latest, capability)
             ^^^^^^^^^^^^^^^^^^^^^^^^^^^^^^^^^^^^^^^^^^^^^^
cores/v1/quality_gate.py:93: in evaluate
    scores["drift_check"] = self._check_drift(skill_path, report)
                            ^^^^^^^^^^^^^^^^^^^^^^^^^^^^^^^^^^^^^
cores/v1/quality_gate.py:257: in _check_drift
    drift_report = detector.detect(capability)
                   ^^^^^^^^^^^^^^^^^^^^^^^^^^^
cores/v1/drift_detector.py:117: in detect
    quality_drift = self._check_quality_drift(capability, manifest)
                    ^^^^^^^^^^^^^^^^^^^^^^^^^^^^^^^^^^^^^^^^^^^^^^^
cores/v1/drift_detector.py:249: in _check_quality_drift
    report = self.quality_gate.evaluate(latest, capability)
             ^^^^^^^^^^^^^^^^^^^^^^^^^^^^^^^^^^^^^^^^^^^^^^
cores/v1/quality_gate.py:93: in evaluate
    scores["drift_check"] = self._check_drift(skill_path, report)
                            ^^^^^^^^^^^^^^^^^^^^^^^^^^^^^^^^^^^^^
cores/v1/quality_gate.py:257: in _check_drift
    drift_report = detector.detect(capability)
                   ^^^^^^^^^^^^^^^^^^^^^^^^^^^
cores/v1/drift_detector.py:117: in detect
    quality_drift = self._check_quality_drift(capability, manifest)
                    ^^^^^^^^^^^^^^^^^^^^^^^^^^^^^^^^^^^^^^^^^^^^^^^
cores/v1/drift_detector.py:249: in _check_quality_drift
    report = self.quality_gate.evaluate(latest, capability)
             ^^^^^^^^^^^^^^^^^^^^^^^^^^^^^^^^^^^^^^^^^^^^^^
cores/v1/quality_gate.py:93: in evaluate
    scores["drift_check"] = self._check_drift(skill_path, report)
                            ^^^^^^^^^^^^^^^^^^^^^^^^^^^^^^^^^^^^^
cores/v1/quality_gate.py:257: in _check_drift
    drift_report = detector.detect(capability)
                   ^^^^^^^^^^^^^^^^^^^^^^^^^^^
cores/v1/drift_detector.py:117: in detect
    quality_drift = self._check_quality_drift(capability, manifest)
                    ^^^^^^^^^^^^^^^^^^^^^^^^^^^^^^^^^^^^^^^^^^^^^^^
cores/v1/drift_detector.py:249: in _check_quality_drift
    report = self.quality_gate.evaluate(latest, capability)
             ^^^^^^^^^^^^^^^^^^^^^^^^^^^^^^^^^^^^^^^^^^^^^^
cores/v1/quality_gate.py:93: in evaluate
    scores["drift_check"] = self._check_drift(skill_path, report)
                            ^^^^^^^^^^^^^^^^^^^^^^^^^^^^^^^^^^^^^
cores/v1/quality_gate.py:257: in _check_drift
    drift_report = detector.detect(capability)
                   ^^^^^^^^^^^^^^^^^^^^^^^^^^^
cores/v1/drift_detector.py:117: in detect
    quality_drift = self._check_quality_drift(capability, manifest)
                    ^^^^^^^^^^^^^^^^^^^^^^^^^^^^^^^^^^^^^^^^^^^^^^^
cores/v1/drift_detector.py:249: in _check_quality_drift
    report = self.quality_gate.evaluate(latest, capability)
             ^^^^^^^^^^^^^^^^^^^^^^^^^^^^^^^^^^^^^^^^^^^^^^
cores/v1/quality_gate.py:93: in evaluate
    scores["drift_check"] = self._check_drift(skill_path, report)
                            ^^^^^^^^^^^^^^^^^^^^^^^^^^^^^^^^^^^^^
cores/v1/quality_gate.py:257: in _check_drift
    drift_report = detector.detect(capability)
                   ^^^^^^^^^^^^^^^^^^^^^^^^^^^
cores/v1/drift_detector.py:117: in detect
    quality_drift = self._check_quality_drift(capability, manifest)
                    ^^^^^^^^^^^^^^^^^^^^^^^^^^^^^^^^^^^^^^^^^^^^^^^
cores/v1/drift_detector.py:249: in _check_quality_drift
    report = self.quality_gate.evaluate(latest, capability)
             ^^^^^^^^^^^^^^^^^^^^^^^^^^^^^^^^^^^^^^^^^^^^^^
cores/v1/quality_gate.py:93: in evaluate
    scores["drift_check"] = self._check_drift(skill_path, report)
                            ^^^^^^^^^^^^^^^^^^^^^^^^^^^^^^^^^^^^^
cores/v1/quality_gate.py:257: in _check_drift
    drift_report = detector.detect(capability)
                   ^^^^^^^^^^^^^^^^^^^^^^^^^^^
cores/v1/drift_detector.py:117: in detect
    quality_drift = self._check_quality_drift(capability, manifest)
                    ^^^^^^^^^^^^^^^^^^^^^^^^^^^^^^^^^^^^^^^^^^^^^^^
cores/v1/drift_detector.py:249: in _check_quality_drift
    report = self.quality_gate.evaluate(latest, capability)
             ^^^^^^^^^^^^^^^^^^^^^^^^^^^^^^^^^^^^^^^^^^^^^^
cores/v1/quality_gate.py:93: in evaluate
    scores["drift_check"] = self._check_drift(skill_path, report)
                            ^^^^^^^^^^^^^^^^^^^^^^^^^^^^^^^^^^^^^
cores/v1/quality_gate.py:257: in _check_drift
    drift_report = detector.detect(capability)
                   ^^^^^^^^^^^^^^^^^^^^^^^^^^^
cores/v1/drift_detector.py:117: in detect
    quality_drift = self._check_quality_drift(capability, manifest)
                    ^^^^^^^^^^^^^^^^^^^^^^^^^^^^^^^^^^^^^^^^^^^^^^^
cores/v1/drift_detector.py:249: in _check_quality_drift
    report = self.quality_gate.evaluate(latest, capability)
             ^^^^^^^^^^^^^^^^^^^^^^^^^^^^^^^^^^^^^^^^^^^^^^
cores/v1/quality_gate.py:93: in evaluate
    scores["drift_check"] = self._check_drift(skill_path, report)
                            ^^^^^^^^^^^^^^^^^^^^^^^^^^^^^^^^^^^^^
cores/v1/quality_gate.py:257: in _check_drift
    drift_report = detector.detect(capability)
                   ^^^^^^^^^^^^^^^^^^^^^^^^^^^
cores/v1/drift_detector.py:117: in detect
    quality_drift = self._check_quality_drift(capability, manifest)
                    ^^^^^^^^^^^^^^^^^^^^^^^^^^^^^^^^^^^^^^^^^^^^^^^
cores/v1/drift_detector.py:249: in _check_quality_drift
    report = self.quality_gate.evaluate(latest, capability)
             ^^^^^^^^^^^^^^^^^^^^^^^^^^^^^^^^^^^^^^^^^^^^^^
cores/v1/quality_gate.py:93: in evaluate
    scores["drift_check"] = self._check_drift(skill_path, report)
                            ^^^^^^^^^^^^^^^^^^^^^^^^^^^^^^^^^^^^^
cores/v1/quality_gate.py:257: in _check_drift
    drift_report = detector.detect(capability)
                   ^^^^^^^^^^^^^^^^^^^^^^^^^^^
cores/v1/drift_detector.py:117: in detect
    quality_drift = self._check_quality_drift(capability, manifest)
                    ^^^^^^^^^^^^^^^^^^^^^^^^^^^^^^^^^^^^^^^^^^^^^^^
cores/v1/drift_detector.py:249: in _check_quality_drift
    report = self.quality_gate.evaluate(latest, capability)
             ^^^^^^^^^^^^^^^^^^^^^^^^^^^^^^^^^^^^^^^^^^^^^^
cores/v1/quality_gate.py:93: in evaluate
    scores["drift_check"] = self._check_drift(skill_path, report)
                            ^^^^^^^^^^^^^^^^^^^^^^^^^^^^^^^^^^^^^
cores/v1/quality_gate.py:257: in _check_drift
    drift_report = detector.detect(capability)
                   ^^^^^^^^^^^^^^^^^^^^^^^^^^^
cores/v1/drift_detector.py:117: in detect
    quality_drift = self._check_quality_drift(capability, manifest)
                    ^^^^^^^^^^^^^^^^^^^^^^^^^^^^^^^^^^^^^^^^^^^^^^^
cores/v1/drift_detector.py:249: in _check_quality_drift
    report = self.quality_gate.evaluate(latest, capability)
             ^^^^^^^^^^^^^^^^^^^^^^^^^^^^^^^^^^^^^^^^^^^^^^
cores/v1/quality_gate.py:87: in evaluate
    scores["preflight"] = self._check_preflight(skill_path, report)
                          ^^^^^^^^^^^^^^^^^^^^^^^^^^^^^^^^^^^^^^^^^
cores/v1/quality_gate.py:183: in _check_preflight
    pf = self.preflight.check_all(skill_path)
         ^^^^^^^^^^^^^^^^^^^^^^^^^^^^^^^^^^^^
cores/v1/preflight.py:73: in check_all
    r = self.check_interface(code)
        ^^^^^^^^^^^^^^^^^^^^^^^^^^
cores/v1/preflight.py:151: in check_interface
    top_level_funcs = set()
                      ^^^^^
E   Failed: Timeout (&gt;60.0s) from pytest-timeout.</failure></testcase><testcase classname="tests.test_e2e.TestEvoEngineDialogFlow" name="test_intent_recording" time="0.014" /><testcase classname="tests.test_e2e.TestEvoEngineDialogFlow" name="test_multi_turn_conversation" time="0.284"><failure message="AttributeError: 'DepsSkill' object has no attribute 'suggest_alternatives'">tests/test_e2e.py:634: in test_multi_turn_conversation
    a2, _ = self._dialog("czy mnie słyszysz?", conv)
            ^^^^^^^^^^^^^^^^^^^^^^^^^^^^^^^^^^^^^^^^
tests/test_e2e.py:591: in _dialog
    outcome = self.evo.handle_request(user_msg, skills, analysis=analysis)
              ^^^^^^^^^^^^^^^^^^^^^^^^^^^^^^^^^^^^^^^^^^^^^^^^^^^^^^^^^^^^
cores/v1/evo_engine.py:165: in handle_request
    result = self._execute_with_validation(
cores/v1/evo_engine.py:342: in _execute_with_validation
    retry = self._exec_handle_failure(
cores/v1/evo_engine.py:548: in _exec_handle_failure
    diag = self.sm.diagnose_skill(skill_name)
           ^^^^^^^^^^^^^^^^^^^^^^^^^^^^^^^^^^
cores/v1/skill_manager.py:291: in diagnose_skill
    alt = self._deps.suggest_alternatives(mod)
          ^^^^^^^^^^^^^^^^^^^^^^^^^^^^^^^
E   AttributeError: 'DepsSkill' object has no attribute 'suggest_alternatives'</failure></testcase><testcase classname="tests.test_e2e.TestEvoEngineDialogFlow" name="test_tts_dialog_flow" time="0.084" /><testcase classname="tests.test_e2e.TestSupervisor" name="test_active_core" time="0.001" /><testcase classname="tests.test_e2e.TestSupervisor" name="test_active_version" time="0.001" /><testcase classname="tests.test_e2e.TestSupervisor" name="test_health_check" time="0.001" /><testcase classname="tests.test_e2e.TestSupervisor" name="test_list_cores" time="0.001" /><testcase classname="tests.test_e2e.TestFullIntegration" name="test_all_skills_loadable" time="0.011"><failure message="AssertionError: unexpectedly None : Skill 'content_search' path is None">tests/test_e2e.py:692: in test_all_skills_loadable
    self.assertIsNotNone(p, f"Skill '{name}' path is None")
E   AssertionError: unexpectedly None : Skill 'content_search' path is None</failure></testcase><testcase classname="tests.test_e2e.TestFullIntegration" name="test_manifest_exists_for_migrated_skills" time="0.003" /><testcase classname="tests.test_e2e.TestFullIntegration" name="test_provider_meta_exists" time="0.003"><failure message="AssertionError: False is not true : Missing meta.json for tts/espeak">tests/test_e2e.py:707: in test_provider_meta_exists
    self.assertTrue(meta_path.exists(),
E   AssertionError: False is not true : Missing meta.json for tts/espeak</failure></testcase><testcase classname="tests.test_e2e.TestFullIntegration" name="test_provider_selector_integrated_with_skill_manager" time="0.009"><failure message="AttributeError: 'NoneType' object has no attribute 'parent'">tests/test_e2e.py:685: in test_provider_selector_integrated_with_skill_manager
    self.assertEqual(ps_path.parent.parent, sm_path.parent.parent)
                     ^^^^^^^^^^^^^^
E   AttributeError: 'NoneType' object has no attribute 'parent'</failure></testcase><testcase classname="tests.test_e2e.TestFullIntegration" name="test_resource_aware_selection" time="0.006"><failure message="AssertionError: 'pyttsx3' != 'espeak'&#10;- pyttsx3&#10;+ espeak">tests/test_e2e.py:714: in test_resource_aware_selection
    self.assertEqual(selected, "espeak")
E   AssertionError: 'pyttsx3' != 'espeak'
E   - pyttsx3
E   + espeak</failure></testcase><testcase classname="tests.test_e2e.TestPolishDialogScenarios" name="test_scenario_ambiguous_voice" time="0.015" /><testcase classname="tests.test_e2e.TestPolishDialogScenarios" name="test_scenario_create_weather" time="0.050"><failure message="AssertionError: 'chat' != 'create'&#10;- chat&#10;+ create">tests/test_e2e.py:747: in test_scenario_create_weather
    self.assertEqual(r["action"], "create")
E   AssertionError: 'chat' != 'create'
E   - chat
E   + create</failure></testcase><testcase classname="tests.test_e2e.TestPolishDialogScenarios" name="test_scenario_deploy_app" time="0.039" /><testcase classname="tests.test_e2e.TestPolishDialogScenarios" name="test_scenario_fix_broken_skill" time="0.019" /><testcase classname="tests.test_e2e.TestPolishDialogScenarios" name="test_scenario_improve_tts" time="0.024" /><testcase classname="tests.test_e2e.TestPolishDialogScenarios" name="test_scenario_listen_request" time="0.013" /><testcase classname="tests.test_e2e.TestPolishDialogScenarios" name="test_scenario_pure_chat" time="0.008" /><testcase classname="tests.test_e2e.TestPolishDialogScenarios" name="test_scenario_record_audio" time="0.036" /><testcase classname="tests.test_e2e.TestPolishDialogScenarios" name="test_scenario_voice_greeting" time="0.037" /><testcase classname="tests.test_e2e.TestSkillPreflight" name="test_auto_fix_imports_adds_shutil" time="0.001" /><testcase classname="tests.test_e2e.TestSkillPreflight" name="test_auto_fix_imports_multiple" time="0.001" /><testcase classname="tests.test_e2e.TestSkillPreflight" name="test_auto_fix_imports_no_change_if_present" time="0.001" /><testcase classname="tests.test_e2e.TestSkillPreflight" name="test_check_imports_missing_shutil" time="0.001" /><testcase classname="tests.test_e2e.TestSkillPreflight" name="test_check_imports_ok" time="0.001" /><testcase classname="tests.test_e2e.TestSkillPreflight" name="test_check_interface_complete" time="0.001" /><testcase classname="tests.test_e2e.TestSkillPreflight" name="test_check_interface_missing_get_info" time="0.001" /><testcase classname="tests.test_e2e.TestSkillPreflight" name="test_check_syntax_invalid" time="0.001" /><testcase classname="tests.test_e2e.TestSkillPreflight" name="test_check_syntax_valid" time="0.001" /><testcase classname="tests.test_e2e.TestEvolutionGuard" name="test_error_summary_empty" time="0.001" /><testcase classname="tests.test_e2e.TestEvolutionGuard" name="test_error_summary_with_history" time="0.001" /><testcase classname="tests.test_e2e.TestEvolutionGuard" name="test_evolution_prompt_context_import" time="0.002" /><testcase classname="tests.test_e2e.TestEvolutionGuard" name="test_fingerprint_normalizes_line_numbers" time="0.001" /><testcase classname="tests.test_e2e.TestEvolutionGuard" name="test_fingerprint_stable" time="0.001" /><testcase classname="tests.test_e2e.TestEvolutionGuard" name="test_not_repeating_initially" time="0.001" /><testcase classname="tests.test_e2e.TestEvolutionGuard" name="test_repeating_after_two_same_errors" time="0.001" /><testcase classname="tests.test_e2e.TestEvolutionGuard" name="test_strategy_auto_fix_on_repeat" time="0.001" /><testcase classname="tests.test_e2e.TestEvolutionGuard" name="test_strategy_normal_on_first_error" time="0.001" /><testcase classname="tests.test_e2e.TestSystemIdentity" name="test_build_system_prompt_has_capabilities" time="0.001" /><testcase classname="tests.test_e2e.TestSystemIdentity" name="test_build_system_prompt_has_identity" time="0.001" /><testcase classname="tests.test_e2e.TestSystemIdentity" name="test_build_system_prompt_never_say_cant" time="0.001" /><testcase classname="tests.test_e2e.TestSystemIdentity" name="test_fallback_message_max_attempts" time="0.001" /><testcase classname="tests.test_e2e.TestSystemIdentity" name="test_fallback_message_with_error" time="0.001" /><testcase classname="tests.test_e2e.TestSystemIdentity" name="test_readiness_report_structure" time="0.001" /><testcase classname="tests.test_e2e.TestSystemIdentity" name="test_skill_context_for_llm" time="0.001" /><testcase classname="tests.test_e2e.TestSystemIdentity" name="test_skill_status_broken" time="0.001" /><testcase classname="tests.test_e2e.TestSystemIdentity" name="test_skill_status_healthy" time="0.001" /><testcase classname="tests.test_e2e.TestSTTExtraction" name="test_extract_stt_text_empty_spoken" time="0.001" /><testcase classname="tests.test_e2e.TestSTTExtraction" name="test_extract_stt_text_failed_outcome" time="0.001" /><testcase classname="tests.test_e2e.TestSTTExtraction" name="test_extract_stt_text_non_stt_skill" time="0.001" /><testcase classname="tests.test_e2e.TestSTTExtraction" name="test_extract_stt_text_none_outcome" time="0.001" /><testcase classname="tests.test_e2e.TestSTTExtraction" name="test_extract_stt_text_strips_whitespace" time="0.001" /><testcase classname="tests.test_e2e.TestSTTExtraction" name="test_extract_stt_text_with_spoken" time="0.001" /><testcase classname="tests.test_e2e.TestSTTExtraction" name="test_extract_stt_text_with_text_key" time="0.001" /><testcase classname="tests.test_e2e.TestShellSkill" name="test_shell_blocked_dangerous_command" time="0.001"><failure message="AttributeError: 'NoneType' object has no attribute 'execute'">tests/test_e2e.py:1025: in test_shell_blocked_dangerous_command
    r = sk.execute({"command": "rm -rf /"})
        ^^^^^^^^^^
E   AttributeError: 'NoneType' object has no attribute 'execute'</failure></testcase><testcase classname="tests.test_e2e.TestShellSkill" name="test_shell_execute_echo" time="0.001"><failure message="AttributeError: 'NoneType' object has no attribute 'execute'">tests/test_e2e.py:1008: in test_shell_execute_echo
    r = sk.execute({"command": "echo hello"})
        ^^^^^^^^^^
E   AttributeError: 'NoneType' object has no attribute 'execute'</failure></testcase><testcase classname="tests.test_e2e.TestShellSkill" name="test_shell_execute_failing_command" time="0.001"><failure message="AttributeError: 'NoneType' object has no attribute 'execute'">tests/test_e2e.py:1017: in test_shell_execute_failing_command
    r = sk.execute({"command": "false"})
        ^^^^^^^^^^
E   AttributeError: 'NoneType' object has no attribute 'execute'</failure></testcase><testcase classname="tests.test_e2e.TestShellSkill" name="test_shell_no_command" time="0.001"><failure message="AttributeError: 'NoneType' object has no attribute 'execute'">tests/test_e2e.py:1033: in test_shell_no_command
    r = sk.execute({})
        ^^^^^^^^^^
E   AttributeError: 'NoneType' object has no attribute 'execute'</failure></testcase><testcase classname="tests.test_e2e.TestShellSkill" name="test_shell_skill_loads" time="0.001"><failure message="AssertionError: unexpectedly None">tests/test_e2e.py:1001: in test_shell_skill_loads
    self.assertIsNotNone(sk)
E   AssertionError: unexpectedly None</failure></testcase><testcase classname="tests.test_e2e.TestShellIntentRouting" name="test_shell_not_triggered_without_skill" time="0.015" /><testcase classname="tests.test_e2e.TestShellIntentRouting" name="test_sudo_routes_to_shell" time="0.024"><failure message="AssertionError: 'evolve' != 'use'&#10;- evolve&#10;+ use">tests/test_e2e.py:1057: in test_sudo_routes_to_shell
    self.assertEqual(r["action"], "use")
E   AssertionError: 'evolve' != 'use'
E   - evolve
E   + use</failure></testcase><testcase classname="tests.test_e2e.TestShellIntentRouting" name="test_uruchom_extracts_command" time="0.014" /><testcase classname="tests.test_e2e.TestShellIntentRouting" name="test_uruchom_routes_to_shell" time="0.014" /><testcase classname="tests.test_e2e.TestShellIntentRouting" name="test_wykonaj_routes_to_shell" time="0.014" /><testcase classname="tests.test_e2e.TestPipelineValidation" name="test_validate_inner_fail" time="0.003" /><testcase classname="tests.test_e2e.TestPipelineValidation" name="test_validate_outer_fail" time="0.003" /><testcase classname="tests.test_e2e.TestPipelineValidation" name="test_validate_shell_nonzero_is_partial" time="0.003" /><testcase classname="tests.test_e2e.TestPipelineValidation" name="test_validate_shell_zero_is_success" time="0.002" /><testcase classname="tests.test_e2e.TestPipelineValidation" name="test_validate_stt_empty_is_partial" time="0.002" /><testcase classname="tests.test_e2e.TestPipelineValidation" name="test_validate_stt_with_text_is_success" time="0.002" /><testcase classname="tests.test_e2e.TestPipelineValidation" name="test_validate_success" time="0.003" /><testcase classname="tests.test_e2e.TestPipelineValidation" name="test_validate_tts_with_error" time="0.002" /><testcase classname="tests.test_e2e.TestSmartIntentClassifier" name="test_classifier_embedding_mode_detected" time="0.001" /><testcase classname="tests.test_e2e.TestSmartIntentClassifier" name="test_classifier_has_training_data" time="0.001" /><testcase classname="tests.test_e2e.TestSmartIntentClassifier" name="test_classify_chat_trivial" time="0.022" /><testcase classname="tests.test_e2e.TestSmartIntentClassifier" name="test_classify_create" time="0.013" /><testcase classname="tests.test_e2e.TestSmartIntentClassifier" name="test_classify_evolve" time="0.014" /><testcase classname="tests.test_e2e.TestSmartIntentClassifier" name="test_classify_shell_intent" time="0.010" /><testcase classname="tests.test_e2e.TestSmartIntentClassifier" name="test_classify_stt_intent" time="0.025" /><testcase classname="tests.test_e2e.TestSmartIntentClassifier" name="test_classify_tts_intent" time="0.003" /><testcase classname="tests.test_e2e.TestSmartIntentClassifier" name="test_learn_from_correction" time="0.021" /><testcase classname="tests.test_e2e.TestSmartIntentClassifier" name="test_stats" time="0.029" /><testcase classname="tests.test_e2e.TestSmartIntentClassifier" name="test_to_analysis_dict" time="0.025" /><testcase classname="tests.test_e2e.TestStubDetection" name="test_actual_stub_is_detected" time="0.002" /><testcase classname="tests.test_e2e.TestStubDetection" name="test_real_shell_skill_not_stub" time="0.001" /><testcase classname="tests.test_e2e.TestStubDetection" name="test_real_stt_skill_not_stub" time="0.001" /><testcase classname="tests.test_e2e.TestStubDetection" name="test_real_tts_skill_not_stub" time="0.001" /><testcase classname="tests.test_e2e.TestStubDetection" name="test_shell_success_not_stub" time="0.001" /><testcase classname="tests.test_e2e.TestStubDetection" name="test_stt_empty_output_not_stub" time="0.001" /><testcase classname="tests.test_e2e.TestGarbageCollector" name="test_cleanup_deletes_stubs" time="0.003" /><testcase classname="tests.test_e2e.TestGarbageCollector" name="test_is_broken_detects_markdown" time="0.001" /><testcase classname="tests.test_e2e.TestGarbageCollector" name="test_is_broken_detects_syntax_error" time="0.001" /><testcase classname="tests.test_e2e.TestGarbageCollector" name="test_is_stub_detects_trivial" time="0.001" /><testcase classname="tests.test_e2e.TestGarbageCollector" name="test_is_stub_ignores_real" time="0.001" /><testcase classname="tests.test_e2e.TestGarbageCollector" name="test_migrate_creates_stable_latest" time="0.004" /><testcase classname="tests.test_e2e.TestGarbageCollector" name="test_migrate_idempotent" time="0.003" /><testcase classname="tests.test_e2e.TestGarbageCollector" name="test_real_stt_vosk_has_stable" time="0.001" /><testcase classname="tests.test_e2e.TestGarbageCollector" name="test_real_tts_espeak_has_stable" time="0.001" /><testcase classname="tests.test_e2e.TestGarbageCollector" name="test_scan_versions_classifies" time="0.002" /><testcase classname="tests.test_e2e.TestNfoDecoratorLogging" name="test_init_nfo_idempotent" time="0.001"><skipped type="pytest.skip" message="nfo module not fully available">/app/tests/test_e2e.py:1393: nfo module not fully available</skipped></testcase><testcase classname="tests.test_e2e.TestNfoDecoratorLogging" name="test_init_nfo_returns_logger" time="0.001"><skipped type="pytest.skip" message="nfo module not fully available">/app/tests/test_e2e.py:1386: nfo module not fully available</skipped></testcase><testcase classname="tests.test_e2e.TestNfoDecoratorLogging" name="test_inject_logging_safe_on_empty_module" time="0.001"><skipped type="pytest.skip" message="nfo module not fully available">/app/tests/test_e2e.py:1412: nfo module not fully available</skipped></testcase><testcase classname="tests.test_e2e.TestNfoDecoratorLogging" name="test_inject_logging_wraps_functions" time="0.001"><skipped type="pytest.skip" message="nfo module not fully available">/app/tests/test_e2e.py:1400: nfo module not fully available</skipped></testcase><testcase classname="tests.test_e2e.TestNfoDecoratorLogging" name="test_nfo_logged_on_echo_skill" time="0.001"><skipped type="pytest.skip" message="nfo module not fully available">/app/tests/test_e2e.py:1440: nfo module not fully available</skipped></testcase><testcase classname="tests.test_e2e.TestNfoDecoratorLogging" name="test_nfo_logged_on_shell_skill" time="0.001"><skipped type="pytest.skip" message="nfo module not fully available">/app/tests/test_e2e.py:1450: nfo module not fully available</skipped></testcase><testcase classname="tests.test_e2e.TestNfoDecoratorLogging" name="test_skill_health_summary_format" time="0.000"><skipped type="pytest.skip" message="nfo module not fully available">/app/tests/test_e2e.py:1431: nfo module not fully available</skipped></testcase><testcase classname="tests.test_e2e.TestNfoDecoratorLogging" name="test_sqlite_sink_exists" time="0.001"><skipped type="pytest.skip" message="nfo module not fully available">/app/tests/test_e2e.py:1419: nfo module not fully available</skipped></testcase><testcase classname="tests.test_e2e.TestTTSSTTPipeline" name="test_stt_skill_loads" time="0.022" /><testcase classname="tests.test_e2e.TestTTSSTTPipeline" name="test_stt_skill_transcribes_wav_file" time="0.001"><skipped type="pytest.skip" message="vosk-transcriber or espeak not installed">/app/tests/test_e2e.py:1560: vosk-transcriber or espeak not installed</skipped></testcase><testcase classname="tests.test_e2e.TestTTSSTTPipeline" name="test_tts_espeak_generates_wav_file" time="0.011" /><testcase classname="tests.test_e2e.TestTTSSTTPipeline" name="test_tts_espeak_produces_audio" time="0.001"><skipped type="pytest.skip" message="TTS skill not found: /app/skills/tts/providers/espeak/v1/skill.py">/app/tests/test_e2e.py:1520: TTS skill not found: /app/skills/tts/providers/espeak/v1/skill.py</skipped></testcase><testcase classname="tests.test_e2e.TestTTSSTTPipeline" name="test_tts_espeak_skill_loads" time="0.001"><skipped type="pytest.skip" message="TTS skill not found: /app/skills/tts/providers/espeak/v1/skill.py">/app/tests/test_e2e.py:1508: TTS skill not found: /app/skills/tts/providers/espeak/v1/skill.py</skipped></testcase><testcase classname="tests.test_e2e.TestTTSSTTPipeline" name="test_tts_to_stt_roundtrip_pipeline" time="0.001"><skipped type="pytest.skip" message="vosk-transcriber or espeak not installed">/app/tests/test_e2e.py:1584: vosk-transcriber or espeak not installed</skipped></testcase><testcase classname="tests.test_e2e.TestTTSSTTPipeline" name="test_tts_to_stt_via_skill_interface" time="0.001"><skipped type="pytest.skip" message="vosk-transcriber or espeak not installed">/app/tests/test_e2e.py:1610: vosk-transcriber or espeak not installed</skipped></testcase><testcase classname="tests.test_e2e.TestIntentVoiceConversation" name="test_mikrofon_triggers_stt" time="0.028" /><testcase classname="tests.test_e2e.TestIntentVoiceConversation" name="test_mowmy_glosowo_no_diacritics" time="0.028" /><testcase classname="tests.test_e2e.TestIntentVoiceConversation" name="test_mowmy_glosowo_triggers_stt" time="0.027" /><testcase classname="tests.test_e2e.TestIntentVoiceConversation" name="test_pogadajmy_glosowo_triggers_stt" time="0.029" /><testcase classname="tests.test_e2e.TestIntentVoiceConversation" name="test_powiedz_cos_triggers_tts" time="0.006" /><testcase classname="tests.test_e2e.TestIntentVoiceConversation" name="test_rozmawiac_glosowo_triggers_stt" time="0.030" /><testcase classname="tests.test_e2e.TestUserMemory" name="test_add_deduplicates" time="0.002" /><testcase classname="tests.test_e2e.TestUserMemory" name="test_add_directive" time="0.007" /><testcase classname="tests.test_e2e.TestUserMemory" name="test_build_system_context_empty" time="0.001" /><testcase classname="tests.test_e2e.TestUserMemory" name="test_build_system_context_with_directives" time="0.002" /><testcase classname="tests.test_e2e.TestUserMemory" name="test_clear_all" time="0.002" /><testcase classname="tests.test_e2e.TestUserMemory" name="test_empty_on_init" time="0.001" /><testcase classname="tests.test_e2e.TestUserMemory" name="test_ids_increment" time="0.002" /><testcase classname="tests.test_e2e.TestUserMemory" name="test_looks_like_preference_pamietaj" time="0.001" /><testcase classname="tests.test_e2e.TestUserMemory" name="test_looks_like_preference_zawsze" time="0.001" /><testcase classname="tests.test_e2e.TestUserMemory" name="test_not_preference_normal_question" time="0.001" /><testcase classname="tests.test_e2e.TestUserMemory" name="test_persisted_in_state" time="0.001" /><testcase classname="tests.test_e2e.TestUserMemory" name="test_reload_from_state" time="0.001" /><testcase classname="tests.test_e2e.TestUserMemory" name="test_remove_directive" time="0.002" /><testcase classname="tests.test_e2e.TestUserMemory" name="test_remove_nonexistent_returns_false" time="0.001" /><testcase classname="tests.test_e2e.TestUserMemory" name="test_suggest_save_returns_none_for_normal" time="0.001" /><testcase classname="tests.test_e2e.TestUserMemory" name="test_suggest_save_returns_text" time="0.001" /><testcase classname="tests.test_e2e.TestVoiceModePersistence" name="test_has_directive" time="0.002" /><testcase classname="tests.test_e2e.TestVoiceModePersistence" name="test_set_voice_mode_idempotent" time="0.001" /><testcase classname="tests.test_e2e.TestVoiceModePersistence" name="test_set_voice_mode_off" time="0.002" /><testcase classname="tests.test_e2e.TestVoiceModePersistence" name="test_set_voice_mode_on" time="0.001" /><testcase classname="tests.test_e2e.TestVoiceModePersistence" name="test_set_voice_off_removes_directive" time="0.002" /><testcase classname="tests.test_e2e.TestVoiceModePersistence" name="test_voice_mode_coexists_with_other_directives" time="0.002" /><testcase classname="tests.test_e2e.TestVoiceModePersistence" name="test_voice_mode_default_off" time="0.001" /><testcase classname="tests.test_e2e.TestVoiceModePersistence" name="test_voice_mode_survives_reload" time="0.001" /><testcase classname="tests.test_e2e.TestAutonomyEnhancements" name="test_cleanup_all_empty_is_safe" time="0.001" /><testcase classname="tests.test_e2e.TestAutonomyEnhancements" name="test_cleanup_all_provider_stubs" time="0.002" /><testcase classname="tests.test_e2e.TestAutonomyEnhancements" name="test_cleanup_all_removes_stubs" time="0.002" /><testcase classname="tests.test_e2e.TestAutonomyEnhancements" name="test_evo_engine_has_sys_for_auto_install" time="0.001" /><testcase classname="tests.test_e2e.TestAutonomyEnhancements" name="test_gc_summary_format" time="0.002" /><testcase classname="tests.test_e2e.TestAutonomyEnhancements" name="test_nfo_resilient_in_echo_skill" time="0.001" /><testcase classname="tests.test_e2e.TestAutonomyEnhancements" name="test_nfo_resilient_in_shell_skill" time="0.001" /><testcase classname="tests.test_e2e.TestAutoRepair" name="test_accept_llama_instruct" time="0.001" /><testcase classname="tests.test_e2e.TestAutoRepair" name="test_accept_mistral" time="0.001" /><testcase classname="tests.test_e2e.TestAutoRepair" name="test_accept_qwen_chat" time="0.001" /><testcase classname="tests.test_e2e.TestAutoRepair" name="test_add_interface_functions" time="0.002" /><testcase classname="tests.test_e2e.TestAutoRepair" name="test_boot_repair_no_sm" time="0.030" /><testcase classname="tests.test_e2e.TestAutoRepair" name="test_reject_codellama" time="0.001" /><testcase classname="tests.test_e2e.TestAutoRepair" name="test_reject_deepseek_coder" time="0.001" /><testcase classname="tests.test_e2e.TestAutoRepair" name="test_reject_starcoder" time="0.001" /><testcase classname="tests.test_e2e.TestAutoRepair" name="test_repair_task_creation" time="0.001" /><testcase classname="tests.test_e2e.TestAutoRepair" name="test_strip_markdown_from_skill" time="0.003" /><testcase classname="tests.test_e2e.TestAutoRepair" name="test_suggest_better_model" time="0.001" /><testcase classname="tests.test_e2e.TestAutoRepair" name="test_suggest_none_if_valid" time="0.001" /><testcase classname="tests.test_e2e.TestAutoRepair" name="test_task_summary_empty" time="0.001" /><testcase classname="tests.test_e2e.TestResolveModelRejectsCodeOnly" name="test_deepseek_coder_rejected" time="0.002" /><testcase classname="tests.test_e2e.TestResolveModelRejectsCodeOnly" name="test_good_model_kept" time="0.001" /><testcase classname="tests.test_e2e.TestHWTestSkill" name="test_audio_input_tester_measure_level_on_generated_wav" time="0.003"><failure message="ModuleNotFoundError: No module named 'skills.hw_test.v1'">tests/test_e2e.py:2136: in test_audio_input_tester_measure_level_on_generated_wav
    from skills.hw_test.v1.skill import AudioInputTester
E   ModuleNotFoundError: No module named 'skills.hw_test.v1'</failure></testcase><testcase classname="tests.test_e2e.TestHWTestSkill" name="test_audio_input_tester_silence_detected" time="0.001"><failure message="ModuleNotFoundError: No module named 'skills.hw_test.v1'">tests/test_e2e.py:2153: in test_audio_input_tester_silence_detected
    from skills.hw_test.v1.skill import AudioInputTester
E   ModuleNotFoundError: No module named 'skills.hw_test.v1'</failure></testcase><testcase classname="tests.test_e2e.TestHWTestSkill" name="test_execute_devices_lists_something" time="0.002"><failure message="ModuleNotFoundError: No module named 'skills.hw_test.v1'">tests/test_e2e.py:2091: in test_execute_devices_lists_something
    from skills.hw_test.v1.skill import execute
E   ModuleNotFoundError: No module named 'skills.hw_test.v1'</failure></testcase><testcase classname="tests.test_e2e.TestHWTestSkill" name="test_execute_drivers_returns_subsystem" time="0.001"><failure message="ModuleNotFoundError: No module named 'skills.hw_test.v1'">tests/test_e2e.py:2100: in test_execute_drivers_returns_subsystem
    from skills.hw_test.v1.skill import execute
E   ModuleNotFoundError: No module named 'skills.hw_test.v1'</failure></testcase><testcase classname="tests.test_e2e.TestHWTestSkill" name="test_execute_full_returns_structured_result" time="0.001"><failure message="ModuleNotFoundError: No module named 'skills.hw_test.v1'">tests/test_e2e.py:2079: in test_execute_full_returns_structured_result
    from skills.hw_test.v1.skill import execute
E   ModuleNotFoundError: No module named 'skills.hw_test.v1'</failure></testcase><testcase classname="tests.test_e2e.TestHWTestSkill" name="test_execute_pulse_returns_sources_sinks" time="0.002"><failure message="ModuleNotFoundError: No module named 'skills.hw_test.v1'">tests/test_e2e.py:2129: in test_execute_pulse_returns_sources_sinks
    from skills.hw_test.v1.skill import execute
E   ModuleNotFoundError: No module named 'skills.hw_test.v1'</failure></testcase><testcase classname="tests.test_e2e.TestHWTestSkill" name="test_execute_skill_hw_validates_stt_tts" time="0.001"><failure message="ModuleNotFoundError: No module named 'skills.hw_test.v1'">tests/test_e2e.py:2116: in test_execute_skill_hw_validates_stt_tts
    from skills.hw_test.v1.skill import execute
E   ModuleNotFoundError: No module named 'skills.hw_test.v1'</failure></testcase><testcase classname="tests.test_e2e.TestHWTestSkill" name="test_execute_usb_returns_list" time="0.001"><failure message="ModuleNotFoundError: No module named 'skills.hw_test.v1'">tests/test_e2e.py:2108: in test_execute_usb_returns_list
    from skills.hw_test.v1.skill import execute
E   ModuleNotFoundError: No module named 'skills.hw_test.v1'</failure></testcase><testcase classname="tests.test_e2e.TestHWTestSkill" name="test_free_text_action_parsing" time="0.001"><failure message="ModuleNotFoundError: No module named 'skills.hw_test.v1'">tests/test_e2e.py:2184: in test_free_text_action_parsing
    from skills.hw_test.v1.skill import HWTestSkill
E   ModuleNotFoundError: No module named 'skills.hw_test.v1'</failure></testcase><testcase classname="tests.test_e2e.TestHWTestSkill" name="test_loopback_frequency_check" time="0.001"><failure message="ModuleNotFoundError: No module named 'skills.hw_test.v1'">tests/test_e2e.py:2167: in test_loopback_frequency_check
    from skills.hw_test.v1.skill import AudioLoopbackTester, AudioInputTester
E   ModuleNotFoundError: No module named 'skills.hw_test.v1'</failure></testcase><testcase classname="tests.test_e2e.TestHWTestSkill" name="test_report_includes_pulse_details" time="0.001"><failure message="ModuleNotFoundError: No module named 'skills.hw_test.v1'">tests/test_e2e.py:2198: in test_report_includes_pulse_details
    from skills.hw_test.v1.skill import execute
E   ModuleNotFoundError: No module named 'skills.hw_test.v1'</failure></testcase><testcase classname="tests.test_e2e.TestHWTestSkill" name="test_skill_loads_and_has_interface" time="0.001"><failure message="ModuleNotFoundError: No module named 'skills.hw_test.v1'">tests/test_e2e.py:2071: in test_skill_loads_and_has_interface
    from skills.hw_test.v1.skill import execute, get_info, health_check, HWTestSkill
E   ModuleNotFoundError: No module named 'skills.hw_test.v1'</failure></testcase><testcase classname="tests.test_e2e.TestSkillQualityGate" name="test_code_quality_metrics" time="0.051" /><testcase classname="tests.test_e2e.TestSkillQualityGate" name="test_compare_detects_regression" time="0.001" /><testcase classname="tests.test_e2e.TestSkillQualityGate" name="test_empty_file_fails" time="0.018" /><testcase classname="tests.test_e2e.TestSkillQualityGate" name="test_good_skill_passes" time="0.052" /><testcase classname="tests.test_e2e.TestSkillQualityGate" name="test_missing_interface_warns" time="0.018" /><testcase classname="tests.test_e2e.TestSkillQualityGate" name="test_nonexistent_file" time="0.001" /><testcase classname="tests.test_e2e.TestSkillQualityGate" name="test_report_summary" time="0.001" /><testcase classname="tests.test_e2e.TestSkillQualityGate" name="test_should_register" time="0.001" /><testcase classname="tests.test_e2e.TestSkillQualityGate" name="test_syntax_error_fails" time="0.002" /><testcase classname="tests.test_e2e.TestSkillValidator" name="test_generic_failure" time="0.001" /><testcase classname="tests.test_e2e.TestSkillValidator" name="test_generic_success" time="0.001" /><testcase classname="tests.test_e2e.TestSkillValidator" name="test_inner_failure" time="0.001" /><testcase classname="tests.test_e2e.TestSkillValidator" name="test_list_validators" time="0.001" /><testcase classname="tests.test_e2e.TestSkillValidator" name="test_non_dict_inner_trusted" time="0.001" /><testcase classname="tests.test_e2e.TestSkillValidator" name="test_register_custom_validator" time="0.001" /><testcase classname="tests.test_e2e.TestSkillValidator" name="test_shell_nonzero_exit" time="0.001" /><testcase classname="tests.test_e2e.TestSkillValidator" name="test_shell_success" time="0.001" /><testcase classname="tests.test_e2e.TestSkillValidator" name="test_stt_empty_transcription" time="0.001" /><testcase classname="tests.test_e2e.TestSkillValidator" name="test_stt_hardware_fail" time="0.001" /><testcase classname="tests.test_e2e.TestSkillValidator" name="test_stt_silence" time="0.001" /><testcase classname="tests.test_e2e.TestSkillValidator" name="test_stt_success" time="0.001" /><testcase classname="tests.test_e2e.TestSkillValidator" name="test_tts_error" time="0.001" /><testcase classname="tests.test_e2e.TestSkillValidator" name="test_unregister_validator" time="0.001" /><testcase classname="tests.test_e2e.TestSkillValidator" name="test_validation_result_to_dict" time="0.001" /><testcase classname="tests.test_e2e.TestSkillValidator" name="test_web_search_empty" time="0.001" /><testcase classname="tests.test_e2e.TestSkillValidator" name="test_web_search_local_net" time="0.001" /><testcase classname="tests.test_e2e.TestSkillValidator" name="test_web_search_with_results" time="0.001" /><testcase classname="tests.test_multilingual.TestI18nModule" name="test_all_languages_have_action_verbs" time="0.001" /><testcase classname="tests.test_multilingual.TestI18nModule" name="test_all_languages_have_create_keywords" time="0.001" /><testcase classname="tests.test_multilingual.TestI18nModule" name="test_all_languages_have_evolve_keywords" time="0.001" /><testcase classname="tests.test_multilingual.TestI18nModule" name="test_all_languages_have_greeting_patterns" time="0.001" /><testcase classname="tests.test_multilingual.TestI18nModule" name="test_all_languages_have_question_words" time="0.001" /><testcase classname="tests.test_multilingual.TestI18nModule" name="test_all_languages_have_search_keywords" time="0.001" /><testcase classname="tests.test_multilingual.TestI18nModule" name="test_all_languages_have_stt_keywords" time="0.001" /><testcase classname="tests.test_multilingual.TestI18nModule" name="test_all_languages_have_tts_keywords" time="0.001" /><testcase classname="tests.test_multilingual.TestI18nModule" name="test_all_languages_have_yes_no" time="0.001" /><testcase classname="tests.test_multilingual.TestI18nModule" name="test_flat_sets_not_empty" time="0.001" /><testcase classname="tests.test_multilingual.TestNormalizeDiacritics" name="test_cyrillic_passthrough" time="0.001" /><testcase classname="tests.test_multilingual.TestNormalizeDiacritics" name="test_czech" time="0.001" /><testcase classname="tests.test_multilingual.TestNormalizeDiacritics" name="test_french" time="0.001" /><testcase classname="tests.test_multilingual.TestNormalizeDiacritics" name="test_german" time="0.001" /><testcase classname="tests.test_multilingual.TestNormalizeDiacritics" name="test_hungarian" time="0.001" /><testcase classname="tests.test_multilingual.TestNormalizeDiacritics" name="test_icelandic" time="0.001" /><testcase classname="tests.test_multilingual.TestNormalizeDiacritics" name="test_plain_ascii" time="0.001" /><testcase classname="tests.test_multilingual.TestNormalizeDiacritics" name="test_polish" time="0.001" /><testcase classname="tests.test_multilingual.TestNormalizeDiacritics" name="test_romanian" time="0.001" /><testcase classname="tests.test_multilingual.TestNormalizeDiacritics" name="test_scandinavian" time="0.001" /><testcase classname="tests.test_multilingual.TestNormalizeDiacritics" name="test_spanish" time="0.001" /><testcase classname="tests.test_multilingual.TestNormalizeDiacritics" name="test_turkish" time="0.001" /><testcase classname="tests.test_multilingual.TestMatchAnyKeyword" name="test_case_insensitive" time="0.001" /><testcase classname="tests.test_multilingual.TestMatchAnyKeyword" name="test_french_tts" time="0.001" /><testcase classname="tests.test_multilingual.TestMatchAnyKeyword" name="test_german_tts" time="0.001" /><testcase classname="tests.test_multilingual.TestMatchAnyKeyword" name="test_italian_search" time="0.001" /><testcase classname="tests.test_multilingual.TestMatchAnyKeyword" name="test_no_match" time="0.003" /><testcase classname="tests.test_multilingual.TestMatchAnyKeyword" name="test_polish_tts" time="0.003" /><testcase classname="tests.test_multilingual.TestMatchAnyKeyword" name="test_russian_create" time="0.002" /><testcase classname="tests.test_multilingual.TestMatchAnyKeyword" name="test_spanish_stt" time="0.003" /><testcase classname="tests.test_multilingual.TestMatchAnyKeyword" name="test_turkish_evolve" time="0.001" /><testcase classname="tests.test_multilingual.TestConversationalDetectionMultilingual" name="test_action_verbs_not_conversational" time="0.053" /><testcase classname="tests.test_multilingual.TestConversationalDetectionMultilingual" name="test_create_not_conversational_multilingual" time="0.013" /><testcase classname="tests.test_multilingual.TestConversationalDetectionMultilingual" name="test_farewells_conversational" time="0.049" /><testcase classname="tests.test_multilingual.TestConversationalDetectionMultilingual" name="test_greetings_all_languages" time="0.139" /><testcase classname="tests.test_multilingual.TestConversationalDetectionMultilingual" name="test_thanks_conversational" time="0.075" /><testcase classname="tests.test_multilingual.TestKeywordPrefilterMultilingual" name="test_create_keywords_per_language" time="0.248" /><testcase classname="tests.test_multilingual.TestKeywordPrefilterMultilingual" name="test_evolve_keywords_per_language" time="0.267" /><testcase classname="tests.test_multilingual.TestKeywordPrefilterMultilingual" name="test_search_keywords_per_language" time="0.181" /><testcase classname="tests.test_multilingual.TestKeywordPrefilterMultilingual" name="test_shell_keywords_per_language" time="0.141" /><testcase classname="tests.test_multilingual.TestKeywordPrefilterMultilingual" name="test_stt_keywords_per_language" time="0.059" /><testcase classname="tests.test_multilingual.TestKeywordPrefilterMultilingual" name="test_tts_keywords_per_language" time="0.030" /><testcase classname="tests.test_multilingual.TestCrossLanguageConsistency" name="test_all_equivalent_commands_same_action" time="0.893" /><testcase classname="tests.test_multilingual.TestCrossLanguageConsistency" name="test_all_equivalent_commands_same_skill" time="0.388" /><testcase classname="tests.test_multilingual.TestDetectLanguage" name="test_czech" time="0.001" /><testcase classname="tests.test_multilingual.TestDetectLanguage" name="test_english_plain" time="0.001" /><testcase classname="tests.test_multilingual.TestDetectLanguage" name="test_german" time="0.001" /><testcase classname="tests.test_multilingual.TestDetectLanguage" name="test_greek" time="0.001" /><testcase classname="tests.test_multilingual.TestDetectLanguage" name="test_polish" time="0.001" /><testcase classname="tests.test_multilingual.TestDetectLanguage" name="test_romanian" time="0.001" /><testcase classname="tests.test_multilingual.TestDetectLanguage" name="test_russian" time="0.001" /><testcase classname="tests.test_multilingual.TestDetectLanguage" name="test_spanish" time="0.001" /><testcase classname="tests.test_multilingual.TestDetectLanguage" name="test_turkish" time="0.001" /><testcase classname="tests.test_multilingual.TestDetectLanguage" name="test_ukrainian" time="0.001" /><testcase classname="tests.test_multilingual.TestTrivialWordsMultilingual" name="test_trivial_greetings" time="0.004" /><testcase classname="tests.test_multilingual.TestTrivialWordsMultilingual" name="test_yes_no_all_languages" time="0.005" /><testcase classname="tests.test_multilingual.TestSkillCreationMultilingual" name="test_conversational_blocks_creation_all_langs" time="0.152" /><testcase classname="tests.test_multilingual.TestSkillCreationMultilingual" name="test_create_commands_allow_creation" time="0.014" /><testcase classname="tests.test_multilingual.TestEmbeddingSimilarityMultilingual" name="test_create_skill_cross_lingual" time="0.004" /><testcase classname="tests.test_multilingual.TestEmbeddingSimilarityMultilingual" name="test_same_meaning_different_languages_higher_similarity" time="0.004" /><testcase classname="tests.test_multilingual.TestSmartIntentPrefilterMultilingual" name="test_create_czech" time="0.024" /><testcase classname="tests.test_multilingual.TestSmartIntentPrefilterMultilingual" name="test_evolve_romanian" time="0.014" /><testcase classname="tests.test_multilingual.TestSmartIntentPrefilterMultilingual" name="test_search_dutch" time="0.008" /><testcase classname="tests.test_multilingual.TestSmartIntentPrefilterMultilingual" name="test_shell_swedish" time="0.010" /><testcase classname="tests.test_multilingual.TestSmartIntentPrefilterMultilingual" name="test_stt_italian" time="0.003" /><testcase classname="tests.test_multilingual.TestSmartIntentPrefilterMultilingual" name="test_stt_portuguese" time="0.004" /><testcase classname="tests.test_multilingual.TestSmartIntentPrefilterMultilingual" name="test_tts_french" time="0.034"><failure message="AssertionError: 'shell' != 'tts'&#10;- shell&#10;+ tts">tests/test_multilingual.py:774: in test_tts_french
    self.assertEqual(r.skill, "tts")
E   AssertionError: 'shell' != 'tts'
E   - shell
E   + tts</failure></testcase><testcase classname="tests.test_multilingual.TestSmartIntentPrefilterMultilingual" name="test_tts_german" time="0.001" /><testcase classname="tests.test_multilingual.TestSmartIntentPrefilterMultilingual" name="test_tts_spanish" time="0.002" /><testcase classname="tests.test_multilingual.TestSmartIntentPrefilterMultilingual" name="test_voice_mode_german" time="0.006" /><testcase classname="tests.test_multilingual.TestLanguageCoverage" name="test_minimum_keywords_per_language" time="0.066" /><testcase classname="tests.test_multilingual.TestLanguageCoverage" name="test_total_language_count" time="0.001" /><testcase classname="tests.test_sprint0.TestBaseSkill" name="test_baseskill_execute_not_implemented" time="0.001" /><testcase classname="tests.test_sprint0.TestBaseSkill" name="test_baseskill_get_info" time="0.001" /><testcase classname="tests.test_sprint0.TestBaseSkill" name="test_baseskill_health_check" time="0.001" /><testcase classname="tests.test_sprint0.TestBaseSkill" name="test_baseskill_not_implemented_caught_by_safe" time="0.001" /><testcase classname="tests.test_sprint0.TestBaseSkill" name="test_baseskill_safe_execute_catches_errors" time="0.001" /><testcase classname="tests.test_sprint0.TestBaseSkill" name="test_baseskill_safe_execute_non_dict_input" time="0.001" /><testcase classname="tests.test_sprint0.TestBaseSkill" name="test_baseskill_safe_execute_non_dict_result" time="0.001" /><testcase classname="tests.test_sprint0.TestBaseSkill" name="test_baseskill_safe_execute_normalizes_output" time="0.001" /><testcase classname="tests.test_sprint0.TestMakeModuleFunctions" name="test_make_module_functions" time="0.001" /><testcase classname="tests.test_sprint0.TestMakeModuleFunctions" name="test_make_module_functions_error_handling" time="0.001" /><testcase classname="tests.test_sprint0.TestSkillManifest" name="test_from_dict_basic" time="0.001" /><testcase classname="tests.test_sprint0.TestSkillManifest" name="test_from_dict_simple_types" time="0.001" /><testcase classname="tests.test_sprint0.TestSkillManifest" name="test_from_file_json" time="0.002" /><testcase classname="tests.test_sprint0.TestSkillManifest" name="test_from_file_missing" time="0.001" /><testcase classname="tests.test_sprint0.TestSkillManifest" name="test_get_defaults" time="0.001" /><testcase classname="tests.test_sprint0.TestSkillManifest" name="test_manifest_with_requires" time="0.001" /><testcase classname="tests.test_sprint0.TestSkillManifest" name="test_to_dict_roundtrip" time="0.001" /><testcase classname="tests.test_sprint0.TestSkillManifest" name="test_validate_input_passes" time="0.001" /><testcase classname="tests.test_sprint0.TestSkillManifest" name="test_validate_input_required" time="0.001" /><testcase classname="tests.test_sprint0.TestSkillManifest" name="test_validate_input_type_mismatch" time="0.001" /><testcase classname="tests.test_sprint0.TestScaffoldGeneration" name="test_generate_manifest_yaml" time="0.001" /><testcase classname="tests.test_sprint0.TestScaffoldGeneration" name="test_generate_scaffold_basic" time="0.001" /><testcase classname="tests.test_sprint0.TestScaffoldGeneration" name="test_generate_scaffold_with_inputs" time="0.001" /><testcase classname="tests.test_sprint0.TestIsConversational" name="test_action_queries_are_not_conversational" time="0.026" /><testcase classname="tests.test_sprint0.TestIsConversational" name="test_empty_is_conversational" time="0.001" /><testcase classname="tests.test_sprint0.TestIsConversational" name="test_farewells_are_conversational" time="0.018" /><testcase classname="tests.test_sprint0.TestIsConversational" name="test_greetings_are_conversational" time="0.013" /><testcase classname="tests.test_sprint0.TestIsConversational" name="test_questions_are_conversational" time="0.024" /><testcase classname="tests.test_sprint0.TestIsConversational" name="test_short_non_action_is_conversational" time="0.015" /><testcase classname="tests.test_sprint0.TestErrorBudget" name="test_exhausted_after_max" time="0.001" /><testcase classname="tests.test_sprint0.TestErrorBudget" name="test_initial_not_exhausted" time="0.001" /><testcase classname="tests.test_sprint0.TestErrorBudget" name="test_not_exhausted_below_max" time="0.001" /><testcase classname="tests.test_sprint0.TestErrorBudget" name="test_time_until_reset" time="0.001" /><testcase classname="tests.test_sprint0.TestSkillForge" name="test_budget_exceeded" time="0.001" /><testcase classname="tests.test_sprint0.TestSkillForge" name="test_conversational_returns_chat" time="0.004" /><testcase classname="tests.test_sprint0.TestSkillForge" name="test_keyword_search_name_match" time="0.001" /><testcase classname="tests.test_sprint0.TestSkillForge" name="test_new_skill_needed" time="0.009" /><testcase classname="tests.test_sprint0.TestSkillForge" name="test_record_create_error" time="0.001" /><testcase classname="tests.test_sprint0.TestSkillForge" name="test_reuse_high_similarity" time="0.009" /><testcase classname="tests.test_sprint0.TestSkillForge" name="test_stats" time="0.001" /><testcase classname="tests.test_sprint0.TestPipelineRetry" name="test_backward_compat_no_retry_fields" time="0.013" /><testcase classname="tests.test_sprint0.TestPipelineRetry" name="test_depends_on_validation" time="0.001" /><testcase classname="tests.test_sprint0.TestPipelineRetry" name="test_fallback_also_fails" time="0.002" /><testcase classname="tests.test_sprint0.TestPipelineRetry" name="test_fallback_skill" time="0.002" /><testcase classname="tests.test_sprint0.TestPipelineRetry" name="test_multiple_steps_mixed_errors" time="0.002" /><testcase classname="tests.test_sprint0.TestPipelineRetry" name="test_on_error_skip" time="0.002" /><testcase classname="tests.test_sprint0.TestPipelineRetry" name="test_output_key_propagation" time="0.001" /><testcase classname="tests.test_sprint0.TestPipelineRetry" name="test_retry_all_fail" time="3.003" /><testcase classname="tests.test_sprint0.TestPipelineRetry" name="test_retry_plus_fallback" time="1.004" /><testcase classname="tests.test_sprint0.TestPipelineRetry" name="test_retry_then_succeed" time="1.010" /><testcase classname="tests.test_sprint0.TestPipelineRetry" name="test_simple_success" time="0.001" /><testcase classname="tests.test_sprint0.TestPipelineRetry" name="test_step_failure_default" time="0.002" /><testcase classname="tests.test_sprint0.TestEvoEngineForgeIntegration" name="test_chat_budget_exceeded_returns_none" time="0.002" /><testcase classname="tests.test_sprint0.TestEvoEngineForgeIntegration" name="test_chat_conversational_returns_none" time="0.005" /><testcase classname="tests.test_sprint0.TestEvoEngineForgeIntegration" name="test_forge_exists" time="0.002" /><testcase classname="tests.test_ui_shortcuts.TestUiShortcuts" name="test_quick_help_contains_shortcuts" time="0.001" /><testcase classname="tests.test_ui_shortcuts.TestUiShortcuts" name="test_read_line_with_shortcuts_non_tty_reads_line" time="0.001" /></testsuite></testsuites>